Component: ARM Compiler 5.06 update 6 (build 750) Tool: armlink [4d35ed]

==============================================================================

Section Cross References

    startup_stm32f407xx.o(STACK) refers (Special) to heapauxi.o(.text) for __use_two_region_memory
    startup_stm32f407xx.o(HEAP) refers (Special) to heapauxi.o(.text) for __use_two_region_memory
    startup_stm32f407xx.o(RESET) refers (Special) to heapauxi.o(.text) for __use_two_region_memory
    startup_stm32f407xx.o(RESET) refers to startup_stm32f407xx.o(STACK) for __initial_sp
    startup_stm32f407xx.o(RESET) refers to startup_stm32f407xx.o(.text) for Reset_Handler
    startup_stm32f407xx.o(RESET) refers to stm32f4xx_it.o(i.NMI_Handler) for NMI_Handler
    startup_stm32f407xx.o(RESET) refers to stm32f4xx_it.o(i.HardFault_Handler) for HardFault_Handler
    startup_stm32f407xx.o(RESET) refers to stm32f4xx_it.o(i.MemManage_Handler) for MemManage_Handler
    startup_stm32f407xx.o(RESET) refers to stm32f4xx_it.o(i.BusFault_Handler) for BusFault_Handler
    startup_stm32f407xx.o(RESET) refers to stm32f4xx_it.o(i.UsageFault_Handler) for UsageFault_Handler
    startup_stm32f407xx.o(RESET) refers to port.o(.emb_text) for SVC_Handler
    startup_stm32f407xx.o(RESET) refers to stm32f4xx_it.o(i.DebugMon_Handler) for DebugMon_Handler
    startup_stm32f407xx.o(RESET) refers to port.o(i.SysTick_Handler) for SysTick_Handler
    startup_stm32f407xx.o(RESET) refers to stm32f4xx_it.o(i.DMA1_Stream1_IRQHandler) for DMA1_Stream1_IRQHandler
    startup_stm32f407xx.o(RESET) refers to stm32f4xx_it.o(i.CAN1_RX0_IRQHandler) for CAN1_RX0_IRQHandler
    startup_stm32f407xx.o(RESET) refers to stm32f4xx_it.o(i.USART1_IRQHandler) for USART1_IRQHandler
    startup_stm32f407xx.o(RESET) refers to stm32f4xx_it.o(i.USART3_IRQHandler) for USART3_IRQHandler
    startup_stm32f407xx.o(RESET) refers to stm32f4xx_it.o(i.TIM8_TRG_COM_TIM14_IRQHandler) for TIM8_TRG_COM_TIM14_IRQHandler
    startup_stm32f407xx.o(RESET) refers to stm32f4xx_it.o(i.DMA2_Stream1_IRQHandler) for DMA2_Stream1_IRQHandler
    startup_stm32f407xx.o(RESET) refers to stm32f4xx_it.o(i.DMA2_Stream2_IRQHandler) for DMA2_Stream2_IRQHandler
    startup_stm32f407xx.o(RESET) refers to stm32f4xx_it.o(i.DMA2_Stream3_IRQHandler) for DMA2_Stream3_IRQHandler
    startup_stm32f407xx.o(RESET) refers to stm32f4xx_it.o(i.CAN2_RX0_IRQHandler) for CAN2_RX0_IRQHandler
    startup_stm32f407xx.o(RESET) refers to stm32f4xx_it.o(i.OTG_FS_IRQHandler) for OTG_FS_IRQHandler
    startup_stm32f407xx.o(RESET) refers to stm32f4xx_it.o(i.DMA2_Stream5_IRQHandler) for DMA2_Stream5_IRQHandler
    startup_stm32f407xx.o(RESET) refers to stm32f4xx_it.o(i.DMA2_Stream6_IRQHandler) for DMA2_Stream6_IRQHandler
    startup_stm32f407xx.o(RESET) refers to stm32f4xx_it.o(i.DMA2_Stream7_IRQHandler) for DMA2_Stream7_IRQHandler
    startup_stm32f407xx.o(RESET) refers to stm32f4xx_it.o(i.USART6_IRQHandler) for USART6_IRQHandler
    startup_stm32f407xx.o(RESET) refers to stm32f4xx_it.o(i.HASH_RNG_IRQHandler) for HASH_RNG_IRQHandler
    startup_stm32f407xx.o(.text) refers (Special) to heapauxi.o(.text) for __use_two_region_memory
    startup_stm32f407xx.o(.text) refers to system_stm32f4xx.o(i.SystemInit) for SystemInit
    startup_stm32f407xx.o(.text) refers to __main.o(!!!main) for __main
    startup_stm32f407xx.o(.text) refers to startup_stm32f407xx.o(HEAP) for Heap_Mem
    startup_stm32f407xx.o(.text) refers to startup_stm32f407xx.o(STACK) for Stack_Mem
    main.o(i.HAL_TIM_PeriodElapsedCallback) refers to stm32f4xx_hal.o(i.HAL_IncTick) for HAL_IncTick
    main.o(i.SystemClock_Config) refers to rt_memclr_w.o(.text) for __aeabi_memclr4
    main.o(i.SystemClock_Config) refers to stm32f4xx_hal_rcc.o(i.HAL_RCC_OscConfig) for HAL_RCC_OscConfig
    main.o(i.SystemClock_Config) refers to main.o(i.Error_Handler) for Error_Handler
    main.o(i.SystemClock_Config) refers to stm32f4xx_hal_rcc.o(i.HAL_RCC_ClockConfig) for HAL_RCC_ClockConfig
    main.o(i.main) refers to stm32f4xx_hal.o(i.HAL_Init) for HAL_Init
    main.o(i.main) refers to main.o(i.SystemClock_Config) for SystemClock_Config
    main.o(i.main) refers to gpio.o(i.MX_GPIO_Init) for MX_GPIO_Init
    main.o(i.main) refers to dma.o(i.MX_DMA_Init) for MX_DMA_Init
    main.o(i.main) refers to can.o(i.MX_CAN1_Init) for MX_CAN1_Init
    main.o(i.main) refers to can.o(i.MX_CAN2_Init) for MX_CAN2_Init
    main.o(i.main) refers to usart.o(i.MX_USART1_UART_Init) for MX_USART1_UART_Init
    main.o(i.main) refers to usart.o(i.MX_USART3_UART_Init) for MX_USART3_UART_Init
    main.o(i.main) refers to usart.o(i.MX_USART6_UART_Init) for MX_USART6_UART_Init
    main.o(i.main) refers to tim.o(i.MX_TIM4_Init) for MX_TIM4_Init
    main.o(i.main) refers to tim.o(i.MX_TIM5_Init) for MX_TIM5_Init
    main.o(i.main) refers to spi.o(i.MX_SPI1_Init) for MX_SPI1_Init
    main.o(i.main) refers to rng.o(i.MX_RNG_Init) for MX_RNG_Init
[...]
    __I$use$fp                               0x0800f298   Number         0  usenofp.o(x$fpl$usenofp)
    AHBPrescTable                            0x0800f348   Data          16  system_stm32f4xx.o(.constdata)
    APBPrescTable                            0x0800f358   Data           8  system_stm32f4xx.o(.constdata)
    off_led_aRGB                             0x0800f360   Data          36  led_task.o(.constdata)
    off_led_Hz                               0x0800f384   Data          18  led_task.o(.constdata)
    CRC8_INIT                                0x0800f396   Data           1  crc.o(.constdata)
    CRC8_TAB                                 0x0800f397   Data         256  crc.o(.constdata)
    CRC_INIT                                 0x0800f498   Data           2  crc.o(.constdata)
    wCRC_Table                               0x0800f49a   Data         512  crc.o(.constdata)
    Region$$Table$$Base                      0x0800f770   Number         0  anon$$obj.o(Region$$Table)
    Region$$Table$$Limit                     0x0800f790   Number         0  anon$$obj.o(Region$$Table)
    tfTaskHandle                             0x20000000   Data           4  freertos.o(.data)
    chassisTaskHandle                        0x20000004   Data           4  freertos.o(.data)
    ledTaskHandle                            0x20000008   Data           4  freertos.o(.data)
    commTaskHandle                           0x2000000c   Data           4  freertos.o(.data)
    logTaskHandle                            0x20000010   Data           4  freertos.o(.data)
    defaultTaskHandle                        0x20000014   Data           4  freertos.o(.data)
    uwTick                                   0x2000001c   Data           4  stm32f4xx_hal.o(.data)
    uwTickPrio                               0x20000020   Data           4  stm32f4xx_hal.o(.data)
    uwTickFreq                               0x20000024   Data           1  stm32f4xx_hal.o(.data)
    SystemCoreClock                          0x20000028   Data           4  system_stm32f4xx.o(.data)
    pxCurrentTCB                             0x2000002c   Data           4  tasks.o(.data)
    SysTime                                  0x200000a0   Data           8  bsp_dwt.o(.data)
    CYCCNT64                                 0x200000c0   Data           8  bsp_dwt.o(.data)
    RGB_flow_color                           0x200000f4   Data          28  led_task.o(.data)
    ex                                       0x20000116   Data           2  crc.o(.data)
    motor_3508_can_tx_data                   0x200001b5   Data           8  can_tx.o(.data)
    motor_6020_can_tx_data                   0x200001bd   Data           8  can_tx.o(.data)
    motor_2006_can_tx_data                   0x200001c5   Data           8  can_tx.o(.data)
    motor_9025_can_tx_data                   0x200001cd   Data           8  can_tx.o(.data)
    gimbal_can_tx_data                       0x200001d5   Data           8  can_tx.o(.data)
    last_bag                                 0x200001e0   Data           2  comm.o(.data)
    loss_bag                                 0x200001e2   Data           2  comm.o(.data)
    loss_rate                                0x200001e4   Data           4  comm.o(.data)
    BMI088_ACCEL_SEN                         0x2000020c   Data           4  bmi088driver.o(.data)
    BMI088_GYRO_SEN                          0x20000210   Data           4  bmi088driver.o(.data)
    gNormDiff                                0x20000218   Data           4  bmi088driver.o(.data)
    caliOffset                               0x2000021c   Data           1  bmi088driver.o(.data)
    caliCount                                0x2000021e   Data           2  bmi088driver.o(.data)
    BMI088_SPI                               0x20000254   Data           4  bmi088middleware.o(.data)
    on_code                                  0x20000260   Data           2  omm.o(.data)
    FS_Desc                                  0x2000026c   Data          28  usbd_desc.o(.data)
    USBD_FS_DeviceDesc                       0x20000288   Data          18  usbd_desc.o(.data)
    USBD_LangIDDesc                          0x2000029c   Data           4  usbd_desc.o(.data)
    USBD_StringSerial                        0x200002a0   Data          26  usbd_desc.o(.data)
    USBD_Interface_fops_FS                   0x200002bc   Data          20  usbd_cdc_if.o(.data)
    USBD_CDC                                 0x200002e0   Data          56  usbd_cdc.o(.data)
    hcan1                                    0x200005b4   Data          40  can.o(.bss)
    hcan2                                    0x200005dc   Data          40  can.o(.bss)
    hrng                                     0x20000604   Data          16  rng.o(.bss)
    hspi1                                    0x20000614   Data          88  spi.o(.bss)
    hdma_spi1_rx                             0x2000066c   Data          96  spi.o(.bss)
    hdma_spi1_tx                             0x200006cc   Data          96  spi.o(.bss)
    htim4                                    0x2000072c   Data          72  tim.o(.bss)
    htim5                                    0x20000774   Data          72  tim.o(.bss)
    huart1                                   0x200007bc   Data          72  usart.o(.bss)
    huart3                                   0x20000804   Data          72  usart.o(.bss)
    huart6                                   0x2000084c   Data          72  usart.o(.bss)
    hdma_usart1_rx                           0x20000894   Data          96  usart.o(.bss)
    hdma_usart1_tx                           0x200008f4   Data          96  usart.o(.bss)
    hdma_usart3_rx                           0x20000954   Data          96  usart.o(.bss)
    hdma_usart6_rx                           0x200009b4   Data          96  usart.o(.bss)
    hdma_usart6_tx                           0x20000a14   Data          96  usart.o(.bss)
    htim14                                   0x20000a74   Data          72  stm32f4xx_hal_timebase_tim.o(.bss)
    ctx                                      0x20004d94   Data          88  chassis_ctrl.o(.bss)
    motorpower                               0x20004e1c   Data          80  chassis_ctrl.o(.bss)
    result                                   0x20004e6c   Data          76  chassis_ctrl.o(.bss)
    motor_3508_tx_message                    0x20005008   Data          24  can_tx.o(.bss)
    motor_6020_tx_message                    0x20005020   Data          24  can_tx.o(.bss)
    motor_2006_tx_message                    0x20005038   Data          24  can_tx.o(.bss)
    motor_9025_tx_message                    0x20005050   Data          24  can_tx.o(.bss)
    gimbal_tx_message                        0x20005068   Data          24  can_tx.o(.bss)
    gyroDiff                                 0x200050c8   Data          12  bmi088driver.o(.bss)
    BMI088                                   0x200050d4   Data          52  bmi088driver.o(.bss)
    sbus_rx_buffer                           0x20005108   Data          18  dbus.o(.bss)
    dbus_buf                                 0x2000511a   Data          18  dbus.o(.bss)
    hUsbDeviceFS                             0x20008664   Data         732  usb_device.o(.bss)
    USBD_StrDesc                             0x20008940   Data         512  usbd_desc.o(.bss)
    UserRxBufferFS                           0x20008b40   Data        2048  usbd_cdc_if.o(.bss)
    UserTxBufferFS                           0x20009340   Data        2048  usbd_cdc_if.o(.bss)
    hpcd_USB_OTG_FS                          0x20009b40   Data        1252  usbd_conf.o(.bss)
    __libspace_start                         0x2000a244   Data          96  libspace.o(.bss)
    __temporary_stack_top$libspace           0x2000a2a4   Data           0  libspace.o(.bss)



==============================================================================

Memory Map of the image

  Image Entry point : 0x08000189

  Load Region LR_IROM1 (Base: 0x08000000, Size: 0x0000faf0, Max: 0x00100000, ABSOLUTE, COMPRESSED[0x0000f8bc])

    Execution Region ER_IROM1 (Exec base: 0x08000000, Load base: 0x08000000, Size: 0x0000f790, Max: 0x00100000, ABSOLUTE)

    Exec Addr    Load Addr    Size         Type   Attr      Idx    E Section Name        Object

    0x08000000   0x08000000   0x00000188   Data   RO            3    RESET               startup_stm32f407xx.o
    0x08000188   0x08000188   0x00000008   Code   RO         8672  * !!!main             c_w.l(__main.o)
    0x08000190   0x08000190   0x00000034   Code   RO         9161    !!!scatter          c_w.l(__scatter.o)
    0x080001c4   0x080001c4   0x0000005a   Code   RO         9159    !!dczerorl2         c_w.l(__dczerorl2.o)
    0x0800021e   0x0800021e   0x00000002   PAD
    0x08000220   0x08000220   0x0000001c   Code   RO         9163    !!handler_zi        c_w.l(__scatter_zi.o)
    0x0800023c   0x0800023c   0x00000000   Code   RO         8657    .ARM.Collect$$_printf_percent$$00000000  c_w.l(_printf_percent.o)
    0x0800023c   0x0800023c   0x00000006   Code   RO         8656    .ARM.Collect$$_printf_percent$$00000014  c_w.l(_printf_s.o)
    0x08000242   0x08000242   0x00000004   Code   RO         8866    .ARM.Collect$$_printf_percent$$00000017  c_w.l(_printf_percent_end.o)
    0x08000246   0x08000246   0x00000002   Code   RO         9091    .ARM.Collect$$libinit$$00000000  c_w.l(libinit.o)
    0x08000248   0x08000248   0x00000004   Code   RO         8880    .ARM.Collect$$libinit$$00000001  c_w.l(libinit2.o)
    0x0800024c   0x0800024c   0x00000000   Code   RO         8883    .ARM.Collect$$libinit$$00000004  c_w.l(libinit2.o)
    0x0800024c   0x0800024c   0x00000008   Code   RO         8884    .ARM.Collect$$libinit$$00000005  c_w.l(libinit2.o)
    0x08000254   0x08000254   0x00000000   Code   RO         8886    .ARM.Collect$$libinit$$0000000A  c_w.l(libinit2.o)
    0x08000254   0x08000254   0x00000000   Code   RO         8888    .ARM.Collect$$libinit$$0000000C  c_w.l(libinit2.o)
    0x08000254   0x08000254   0x00000000   Code   RO         8890    .ARM.Collect$$libinit$$0000000E  c_w.l(libinit2.o)
    0x08000254   0x08000254   0x00000000   Code   RO         8893    .ARM.Collect$$libinit$$00000011  c_w.l(libinit2.o)
    0x08000254   0x08000254   0x00000000   Code   RO         8895    .ARM.Collect$$libinit$$00000013  c_w.l(libinit2.o)
    0x08000254   0x08000254   0x00000000   Code   RO         8897    .ARM.Collect$$libinit$$00000015  c_w.l(libinit2.o)
    0x08000254   0x08000254   0x00000000   Code   RO         8899    .ARM.Collect$$libinit$$00000017  c_w.l(libinit2.o)
    0x08000254   0x08000254   0x00000000   Code   RO         8901    .ARM.Collect$$libinit$$00000019  c_w.l(libinit2.o)
    0x08000254   0x08000254   0x00000000   Code   RO         8903    .ARM.Collect$$libinit$$0000001B  c_w.l(libinit2.o)
    0x08000254   0x08000254   0x00000000   Code   RO         8905    .ARM.Collect$$libinit$$0000001D  c_w.l(libinit2.o)
    0x08000254   0x08000254   0x00000000   Code   RO         8907    .ARM.Collect$$libinit$$0000001F  c_w.l(libinit2.o)
    0x08000254   0x08000254   0x00000000   Code   RO         8909    .ARM.Collect$$libinit$$00000021  c_w.l(libinit2.o)
    0x08000254   0x08000254   0x00000000   Code   RO         8911    .ARM.Collect$$libinit$$00000023  c_w.l(libinit2.o)
    0x08000254   0x08000254   0x00000000   Code   RO         8913    .ARM.Collect$$libinit$$00000025  c_w.l(libinit2.o)
    0x08000254   0x08000254   0x00000000   Code   RO         8917    .ARM.Collect$$libinit$$0000002C  c_w.l(libinit2.o)
    0x08000254   0x08000254   0x00000000   Code   RO         8919    .ARM.Collect$$libinit$$0000002E  c_w.l(libinit2.o)
    0x08000254   0x08000254   0x00000000   Code   RO         8921    .ARM.Collect$$libinit$$00000030  c_w.l(libinit2.o)
    0x08000254   0x08000254   0x00000000   Code   RO         8923    .ARM.Collect$$libinit$$00000032  c_w.l(libinit2.o)
    0x08000254   0x08000254   0x00000002   Code   RO         8924    .ARM.Collect$$libinit$$00000033  c_w.l(libinit2.o)
    0x08000256   0x08000256   0x00000002   Code   RO         9156    .ARM.Collect$$libshutdown$$00000000  c_w.l(libshutdown.o)
    0x08000258   0x08000258   0x00000000   Code   RO         9114    .ARM.Collect$$libshutdown$$00000002  c_w.l(libshutdown2.o)
    0x08000258   0x08000258   0x00000000   Code   RO         9116    .ARM.Collect$$libshutdown$$00000004  c_w.l(libshutdown2.o)
    0x08000258   0x08000258   0x00000000   Code   RO         9119    .ARM.Collect$$libshutdown$$00000007  c_w.l(libshutdown2.o)
    0x08000258   0x08000258   0x00000000   Code   RO         9122    .ARM.Collect$$libshutdown$$0000000A  c_w.l(libshutdown2.o)
    0x08000258   0x08000258   0x00000000   Code   RO         9124    .ARM.Collect$$libshutdown$$0000000C  c_w.l(libshutdown2.o)
    0x08000258   0x08000258   0x00000000   Code   RO         9127    .ARM.Collect$$libshutdown$$0000000F  c_w.l(libshutdown2.o)
    0x08000258   0x08000258   0x00000002   Code   RO         9128    .ARM.Collect$$libshutdown$$00000010  c_w.l(libshutdown2.o)
    0x0800025a   0x0800025a   0x00000000   Code   RO         8774    .ARM.Collect$$rtentry$$00000000  c_w.l(__rtentry.o)
    0x0800025a   0x0800025a   0x00000000   Code   RO         8971    .ARM.Collect$$rtentry$$00000002  c_w.l(__rtentry2.o)
    0x0800025a   0x0800025a   0x00000006   Code   RO         8983    .ARM.Collect$$rtentry$$00000004  c_w.l(__rtentry4.o)
    0x08000260   0x08000260   0x00000000   Code   RO         8973    .ARM.Collect$$rtentry$$00000009  c_w.l(__rtentry2.o)
    0x08000260   0x08000260   0x00000004   Code   RO         8974    .ARM.Collect$$rtentry$$0000000A  c_w.l(__rtentry2.o)
    0x08000264   0x08000264   0x00000000   Code   RO         8976    .ARM.Collect$$rtentry$$0000000C  c_w.l(__rtentry2.o)
    0x08000264   0x08000264   0x00000008   Code   RO         8977    .ARM.Collect$$rtentry$$0000000D  c_w.l(__rtentry2.o)
    0x0800026c   0x0800026c   0x00000002   Code   RO         9096    .ARM.Collect$$rtexit$$00000000  c_w.l(rtexit.o)
    0x0800026e   0x0800026e   0x00000000   Code   RO         9132    .ARM.Collect$$rtexit$$00000002  c_w.l(rtexit2.o)
    0x0800026e   0x0800026e   0x00000004   Code   RO         9133    .ARM.Collect$$rtexit$$00000003  c_w.l(rtexit2.o)
    0x08000272   0x08000272   0x00000006   Code   RO         9134    .ARM.Collect$$rtexit$$00000004  c_w.l(rtexit2.o)
    0x08000278   0x08000278   0x000000be   Code   RO         6013    .emb_text           port.o
    0x08000336   0x08000336   0x00000002   PAD
    0x08000338   0x08000338   0x00000000   Code   RO         8994    .emb_text           c_w.l(maybetermalloc1.o)
    0x08000338   0x08000338   0x00000040   Code   RO            4    .text               startup_stm32f407xx.o
    0x08000378   0x08000378   0x0000005e   Code   RO         8566    .text               c_w.l(h1_alloc.o)
    0x080003d6   0x080003d6   0x0000004e   Code   RO         8568    .text               c_w.l(h1_free.o)
    0x08000424   0x08000424   0x000000ee   Code   RO         8624    .text               c_w.l(lludivv7m.o)
    0x08000512   0x08000512   0x00000002   PAD
    0x08000514   0x08000514   0x00000038   Code   RO         8628    .text               c_w.l(__2snprintf.o)
    0x0800054c   0x0800054c   0x00000052   Code   RO         8634    .text               c_w.l(_printf_str.o)
    0x0800059e   0x0800059e   0x00000002   PAD
    0x080005a0   0x080005a0   0x00000188   Code   RO         8653    .text               c_w.l(__printf_flags_ss_wp.o)
    0x08000728   0x08000728   0x0000008a   Code   RO         8660    .text               c_w.l(rt_memcpy_v6.o)
    0x080007b2   0x080007b2   0x00000064   Code   RO         8662    .text               c_w.l(rt_memcpy_w.o)
    0x08000816   0x08000816   0x00000010   Code   RO         8666    .text               c_w.l(aeabi_memset.o)
    0x08000826   0x08000826   0x0000004e   Code   RO         8668    .text               c_w.l(rt_memclr_w.o)
    0x08000874   0x08000874   0x00000006   Code   RO         8670    .text               c_w.l(heapauxi.o)
    0x0800087a   0x0800087a   0x00000002   PAD
    0x0800087c   0x0800087c   0x00000008   Code   RO         8782    .text               c_w.l(rt_heap_descriptor_intlibspace.o)
    0x08000884   0x08000884   0x00000004   Code   RO         8784    .text               c_w.l(hguard.o)
    0x08000888   0x08000888   0x0000008a   Code   RO         8786    .text               c_w.l(init_alloc.o)
    0x08000912   0x08000912   0x0000000e   Code   RO         8790    .text               c_w.l(h1_init.o)
    0x08000920   0x08000920   0x00000016   Code   RO         8804    .text               c_w.l(_rserrno.o)
    0x08000936   0x08000936   0x00000002   PAD
    0x08000938   0x08000938   0x00000030   Code   RO         8814    .text               c_w.l(_printf_char_common.o)
    0x08000968   0x08000968   0x0000000a   Code   RO         8816    .text               c_w.l(_sputc.o)
    0x08000972   0x08000972   0x00000010   Code   RO         8818    .text               c_w.l(_snputc.o)
    0x08000982   0x08000982   0x0000002c   Code   RO         8820    .text               c_w.l(_printf_char.o)
    0x080009ae   0x080009ae   0x00000044   Code   RO         8876    .text               c_w.l(rt_memclr.o)
    0x080009f2   0x080009f2   0x00000002   PAD
    0x080009f4   0x080009f4   0x00000008   Code   RO         8967    .text               c_w.l(libspace.o)
    0x080009fc   0x080009fc   0x00000008   Code   RO         8990    .text               c_w.l(rt_errno_addr_intlibspace.o)
    0x08000a04   0x08000a04   0x00000034   Code   RO         8996    .text               c_w.l(h1_extend.o)
    0x08000a38   0x08000a38   0x0000000e   Code   RO         9015    .text               c_w.l(defsig_rtmem_outer.o)
    0x08000a46   0x08000a46   0x00000002   Code   RO         9026    .text               c_w.l(use_no_semi.o)
    0x08000a48   0x08000a48   0x00000000   Code   RO         9028    .text               c_w.l(indicate_semi.o)
    0x08000a48   0x08000a48   0x0000004a   Code   RO         9029    .text               c_w.l(sys_stackheap_outer.o)
    0x08000a92   0x08000a92   0x00000012   Code   RO         9072    .text               c_w.l(exit.o)
    0x08000aa4   0x08000aa4   0x0000000a   Code   RO         9074    .text               c_w.l(defsig_exit.o)
    0x08000aae   0x08000aae   0x00000002   PAD
    0x08000ab0   0x08000ab0   0x00000050   Code   RO         9080    .text               c_w.l(defsig_rtmem_inner.o)
    0x08000b00   0x08000b00   0x0000000c   Code   RO         9094    .text               c_w.l(sys_exit.o)
    0x08000b0c   0x08000b0c   0x00000032   Code   RO         9107    .text               c_w.l(defsig_general.o)
    0x08000b3e   0x08000b3e   0x0000000e   Code   RO         9129    .text               c_w.l(sys_wrch.o)
    0x08000b4c   0x08000b4c   0x0000002c   Code   RO         6816    i.Append_CRC16_Check_Sum  crc.o
    0x08000b78   0x08000b78   0x00000024   Code   RO         6817    i.Append_CRC8_Check_Sum  crc.o
    0x08000b9c   0x08000b9c   0x00000014   Code   RO         7450    i.BMI088_ACCEL_NS_H  bmi088middleware.o
    0x08000bb0   0x08000bb0   0x00000014   Code   RO         7451    i.BMI088_ACCEL_NS_L  bmi088middleware.o
    0x08000bc4   0x08000bc4   0x00000014   Code   RO         7452    i.BMI088_GYRO_NS_H  bmi088middleware.o
    0x08000bd8   0x08000bd8   0x00000014   Code   RO         7453    i.BMI088_GYRO_NS_L  bmi088middleware.o
    0x08000bec   0x08000bec   0x0000027c   Code   RO         7369    i.BMI088_Read       bmi088driver.o
    0x08000e68   0x08000e68   0x00000098   Code   RO         7370    i.BMI088_init       bmi088driver.o
    0x08000f00   0x08000f00   0x00000026   Code   RO         7371    i.BMI088_read_muli_reg  bmi088driver.o
    0x08000f26   0x08000f26   0x00000018   Code   RO         7372    i.BMI088_read_single_reg  bmi088driver.o
    0x08000f3e   0x08000f3e   0x00000002   PAD
    0x08000f40   0x08000f40   0x00000024   Code   RO         7454    i.BMI088_read_write_byte  bmi088middleware.o
    0x08000f64   0x08000f64   0x00000014   Code   RO         7373    i.BMI088_write_single_reg  bmi088driver.o
    0x08000f78   0x08000f78   0x00000004   Code   RO          646    i.BusFault_Handler  stm32f4xx_it.o
    0x08000f7c   0x08000f7c   0x00000010   Code   RO          647    i.CAN1_RX0_IRQHandler  stm32f4xx_it.o
    0x08000f8c   0x08000f8c   0x00000010   Code   RO          648    i.CAN2_RX0_IRQHandler  stm32f4xx_it.o
    0x08000f9c   0x08000f9c   0x000000cc   Code   RO         7114    i.CAN_9025_MeasureProcess  can_rx.o
    0x08001068   0x08001068   0x00000050   Code   RO         7157    i.CAN_Control3508Current  can_tx.o
    0x080010b8   0x080010b8   0x00000060   Code   RO         7160    i.CAN_Control9025Speed  can_tx.o
    0x08001118   0x08001118   0x00000044   Code   RO         7869    i.CDC_Control_FS    usbd_cdc_if.o
    0x0800115c   0x0800115c   0x00000004   Code   RO         7870    i.CDC_DeInit_FS     usbd_cdc_if.o
    0x08001160   0x08001160   0x00000024   Code   RO         7871    i.CDC_Init_FS       usbd_cdc_if.o
    0x08001184   0x08001184   0x0000001c   Code   RO         7872    i.CDC_Receive_FS    usbd_cdc_if.o
    0x080011a0   0x080011a0   0x0000000c   Code   RO         7873    i.CDC_TransmitCplt_FS  usbd_cdc_if.o
    0x080011ac   0x080011ac   0x00000094   Code   RO         7238    i.CMD_PackPacket    comm.o
    0x08001240   0x08001240   0x00000540   Code   RO         7374    i.Calibrate_MPU_Offset  bmi088driver.o
    0x08001780   0x08001780   0x0000001e   Code   RO         6432    i.ChassisTask       chassis_task.o
    0x0800179e   0x0800179e   0x00000002   PAD
    0x080017a0   0x080017a0   0x00000010   Code   RO          649    i.DMA1_Stream1_IRQHandler  stm32f4xx_it.o
    0x080017b0   0x080017b0   0x00000010   Code   RO          650    i.DMA2_Stream1_IRQHandler  stm32f4xx_it.o
    0x080017c0   0x080017c0   0x00000010   Code   RO          651    i.DMA2_Stream2_IRQHandler  stm32f4xx_it.o
    0x080017d0   0x080017d0   0x00000010   Code   RO          652    i.DMA2_Stream3_IRQHandler  stm32f4xx_it.o
    0x080017e0   0x080017e0   0x00000010   Code   RO          653    i.DMA2_Stream5_IRQHandler  stm32f4xx_it.o
    0x080017f0   0x080017f0   0x00000010   Code   RO          654    i.DMA2_Stream6_IRQHandler  stm32f4xx_it.o
    0x08001800   0x08001800   0x00000010   Code   RO          655    i.DMA2_Stream7_IRQHandler  stm32f4xx_it.o
    0x08001810   0x08001810   0x00000034   Code   RO         2941    i.DMA_CalcBaseAndBitshift  stm32f4xx_hal_dma.o
    0x08001844   0x08001844   0x000000aa   Code   RO         2942    i.DMA_CheckFifoParam  stm32f4xx_hal_dma.o
    0x080018ee   0x080018ee   0x0000002c   Code   RO         2943    i.DMA_SetConfig     stm32f4xx_hal_dma.o
    0x0800191a   0x0800191a   0x00000002   PAD
    0x0800191c   0x0800191c   0x00000034   Code   RO         7562    i.DTM_GetInfo       dtm.o
    0x08001950   0x08001950   0x00000030   Code   RO         7563    i.DTM_Read          dtm.o
    0x08001980   0x08001980   0x00000030   Code   RO         7564    i.DTM_Write         dtm.o
    0x080019b0   0x080019b0   0x00000030   Code   RO         6205    i.DWT_CNT_Update    bsp_dwt.o
    0x080019e0   0x080019e0   0x0000003c   Code   RO         6206    i.DWT_Delay         bsp_dwt.o
    0x08001a1c   0x08001a1c   0x00000054   Code   RO         6210    i.DWT_GetTimeline_s  bsp_dwt.o
    0x08001a70   0x08001a70   0x00000034   Code   RO         6211    i.DWT_GetTimeline_us  bsp_dwt.o
    0x08001aa4   0x08001aa4   0x00000068   Code   RO         6212    i.DWT_Init          bsp_dwt.o
    0x08001b0c   0x08001b0c   0x000000d0   Code   RO         6213    i.DWT_SysTimeUpdate  bsp_dwt.o
    0x08001bdc   0x08001bdc   0x00000002   Code   RO          656    i.DebugMon_Handler  stm32f4xx_it.o
    0x08001bde   0x08001bde   0x00000006   Code   RO           13    i.Error_Handler     main.o
    0x08001be4   0x08001be4   0x00000034   Code   RO         6818    i.Get_CRC16_Check_Sum  crc.o
    0x08001c18   0x08001c18   0x00000024   Code   RO         6819    i.Get_CRC8_Check_Sum  crc.o
    0x08001c3c   0x08001c3c   0x00000034   Code   RO         7786    i.Get_SerialNum     usbd_desc.o
    0x08001c70   0x08001c70   0x0000002a   Code   RO         3638    i.HAL_CAN_ActivateNotification  stm32f4xx_hal_can.o
    0x08001c9a   0x08001c9a   0x0000014a   Code   RO         3639    i.HAL_CAN_AddTxMessage  stm32f4xx_hal_can.o
    0x08001de4   0x08001de4   0x00000120   Code   RO         3640    i.HAL_CAN_ConfigFilter  stm32f4xx_hal_can.o
    0x08001f04   0x08001f04   0x00000002   Code   RO         3643    i.HAL_CAN_ErrorCallback  stm32f4xx_hal_can.o
    0x08001f06   0x08001f06   0x00000194   Code   RO         3646    i.HAL_CAN_GetRxMessage  stm32f4xx_hal_can.o
    0x0800209a   0x0800209a   0x0000024e   Code   RO         3650    i.HAL_CAN_IRQHandler  stm32f4xx_hal_can.o
    0x080022e8   0x080022e8   0x00000174   Code   RO         3651    i.HAL_CAN_Init      stm32f4xx_hal_can.o
    0x0800245c   0x0800245c   0x00000160   Code   RO          382    i.HAL_CAN_MspInit   can.o
    0x080025bc   0x080025bc   0x00000002   Code   RO         3658    i.HAL_CAN_RxFifo0FullCallback  stm32f4xx_hal_can.o
    0x080025be   0x080025be   0x00000002   PAD
    0x080025c0   0x080025c0   0x00000088   Code   RO         7115    i.HAL_CAN_RxFifo0MsgPendingCallback  can_rx.o
    0x08002648   0x08002648   0x00000002   Code   RO         3660    i.HAL_CAN_RxFifo1FullCallback  stm32f4xx_hal_can.o
    0x0800264a   0x0800264a   0x00000002   Code   RO         3661    i.HAL_CAN_RxFifo1MsgPendingCallback  stm32f4xx_hal_can.o
    0x0800264c   0x0800264c   0x00000002   Code   RO         3662    i.HAL_CAN_SleepCallback  stm32f4xx_hal_can.o
    0x0800264e   0x0800264e   0x0000005e   Code   RO         3663    i.HAL_CAN_Start     stm32f4xx_hal_can.o
    0x080026ac   0x080026ac   0x00000002   Code   RO         3665    i.HAL_CAN_TxMailbox0AbortCallback  stm32f4xx_hal_can.o
    0x080026ae   0x080026ae   0x00000002   Code   RO         3666    i.HAL_CAN_TxMailbox0CompleteCallback  stm32f4xx_hal_can.o
    0x080026b0   0x080026b0   0x00000002   Code   RO         3667    i.HAL_CAN_TxMailbox1AbortCallback  stm32f4xx_hal_can.o
    0x080026b2   0x080026b2   0x00000002   Code   RO         3668    i.HAL_CAN_TxMailbox1CompleteCallback  stm32f4xx_hal_can.o
    0x080026b4   0x080026b4   0x00000002   Code   RO         3669    i.HAL_CAN_TxMailbox2AbortCallback  stm32f4xx_hal_can.o
    0x080026b6   0x080026b6   0x00000002   Code   RO         3670    i.HAL_CAN_TxMailbox2CompleteCallback  stm32f4xx_hal_can.o
    0x080026b8   0x080026b8   0x00000002   Code   RO         3672    i.HAL_CAN_WakeUpFromRxMsgCallback  stm32f4xx_hal_can.o
    0x080026ba   0x080026ba   0x000000ac   Code   RO         2944    i.HAL_DMA_Abort     stm32f4xx_hal_dma.o
    0x08002766   0x08002766   0x00000028   Code   RO         2945    i.HAL_DMA_Abort_IT  stm32f4xx_hal_dma.o
    0x0800278e   0x0800278e   0x00000002   PAD
    0x08002790   0x08002790   0x00000240   Code   RO         2949    i.HAL_DMA_IRQHandler  stm32f4xx_hal_dma.o
    0x080029d0   0x080029d0   0x000000ec   Code   RO         2950    i.HAL_DMA_Init      stm32f4xx_hal_dma.o
    0x08002abc   0x08002abc   0x00000066   Code   RO         2953    i.HAL_DMA_Start     stm32f4xx_hal_dma.o
    0x08002b22   0x08002b22   0x00000092   Code   RO         2954    i.HAL_DMA_Start_IT  stm32f4xx_hal_dma.o
    0x08002bb4   0x08002bb4   0x00000028   Code   RO         3386    i.HAL_Delay         stm32f4xx_hal.o
    0x08002bdc   0x08002bdc   0x000001f4   Code   RO         2837    i.HAL_GPIO_Init     stm32f4xx_hal_gpio.o
    0x08002dd0   0x08002dd0   0x0000000c   Code   RO         2841    i.HAL_GPIO_WritePin  stm32f4xx_hal_gpio.o
    0x08002ddc   0x08002ddc   0x0000000c   Code   RO         3392    i.HAL_GetTick       stm32f4xx_hal.o
    0x08002de8   0x08002de8   0x00000018   Code   RO         3398    i.HAL_IncTick       stm32f4xx_hal.o
    0x08002e00   0x08002e00   0x0000003c   Code   RO         3399    i.HAL_Init          stm32f4xx_hal.o
    0x08002e3c   0x08002e3c   0x000000b4   Code   RO          818    i.HAL_InitTick      stm32f4xx_hal_timebase_tim.o
    0x08002ef0   0x08002ef0   0x00000054   Code   RO          794    i.HAL_MspInit       stm32f4xx_hal_msp.o
    0x08002f44   0x08002f44   0x00000028   Code   RO         3229    i.HAL_NVIC_EnableIRQ  stm32f4xx_hal_cortex.o
    0x08002f6c   0x08002f6c   0x0000007c   Code   RO         3235    i.HAL_NVIC_SetPriority  stm32f4xx_hal_cortex.o
    0x08002fe8   0x08002fe8   0x00000028   Code   RO         3236    i.HAL_NVIC_SetPriorityGrouping  stm32f4xx_hal_cortex.o
    0x08003010   0x08003010   0x00000002   Code   RO         2085    i.HAL_PCDEx_LPM_Callback  stm32f4xx_hal_pcd_ex.o
    0x08003012   0x08003012   0x0000000a   Code   RO         2086    i.HAL_PCDEx_SetRxFiFo  stm32f4xx_hal_pcd_ex.o
    0x0800301c   0x0800301c   0x0000004e   Code   RO         2087    i.HAL_PCDEx_SetTxFiFo  stm32f4xx_hal_pcd_ex.o
    0x0800306a   0x0800306a   0x0000000e   Code   RO         7926    i.HAL_PCD_ConnectCallback  usbd_conf.o
    0x08003078   0x08003078   0x00000020   Code   RO         7927    i.HAL_PCD_DataInStageCallback  usbd_conf.o
    0x08003098   0x08003098   0x00000020   Code   RO         7928    i.HAL_PCD_DataOutStageCallback  usbd_conf.o
    0x080030b8   0x080030b8   0x0000000e   Code   RO         7929    i.HAL_PCD_DisconnectCallback  usbd_conf.o
    0x080030c6   0x080030c6   0x00000042   Code   RO         1850    i.HAL_PCD_EP_Abort  stm32f4xx_hal_pcd.o
    0x08003108   0x08003108   0x0000006a   Code   RO         1851    i.HAL_PCD_EP_Close  stm32f4xx_hal_pcd.o
    0x08003172   0x08003172   0x0000007c   Code   RO         1852    i.HAL_PCD_EP_ClrStall  stm32f4xx_hal_pcd.o
    0x080031ee   0x080031ee   0x00000016   Code   RO         1854    i.HAL_PCD_EP_GetRxCount  stm32f4xx_hal_pcd.o
    0x08003204   0x08003204   0x0000008e   Code   RO         1855    i.HAL_PCD_EP_Open   stm32f4xx_hal_pcd.o
    0x08003292   0x08003292   0x00000046   Code   RO         1856    i.HAL_PCD_EP_Receive  stm32f4xx_hal_pcd.o
    0x080032d8   0x080032d8   0x0000008a   Code   RO         1857    i.HAL_PCD_EP_SetStall  stm32f4xx_hal_pcd.o
    0x08003362   0x08003362   0x00000048   Code   RO         1858    i.HAL_PCD_EP_Transmit  stm32f4xx_hal_pcd.o
    0x080033aa   0x080033aa   0x000006ca   Code   RO         1860    i.HAL_PCD_IRQHandler  stm32f4xx_hal_pcd.o
    0x08003a74   0x08003a74   0x00000012   Code   RO         7930    i.HAL_PCD_ISOINIncompleteCallback  usbd_conf.o
    0x08003a86   0x08003a86   0x00000012   Code   RO         7931    i.HAL_PCD_ISOOUTIncompleteCallback  usbd_conf.o
    0x08003a98   0x08003a98   0x0000015e   Code   RO         1863    i.HAL_PCD_Init      stm32f4xx_hal_pcd.o
    0x08003bf6   0x08003bf6   0x00000002   PAD
    0x08003bf8   0x08003bf8   0x000000a8   Code   RO         7933    i.HAL_PCD_MspInit   usbd_conf.o
    0x08003ca0   0x08003ca0   0x00000030   Code   RO         7934    i.HAL_PCD_ResetCallback  usbd_conf.o
    0x08003cd0   0x08003cd0   0x0000000e   Code   RO         7935    i.HAL_PCD_ResumeCallback  usbd_conf.o
    0x08003cde   0x08003cde   0x0000000e   Code   RO         7936    i.HAL_PCD_SOFCallback  usbd_conf.o
    0x08003cec   0x08003cec   0x00000034   Code   RO         1869    i.HAL_PCD_SetAddress  stm32f4xx_hal_pcd.o
    0x08003d20   0x08003d20   0x00000012   Code   RO         7937    i.HAL_PCD_SetupStageCallback  usbd_conf.o
    0x08003d32   0x08003d32   0x0000004c   Code   RO         1872    i.HAL_PCD_Start     stm32f4xx_hal_pcd.o
    0x08003d7e   0x08003d7e   0x00000002   PAD
    0x08003d80   0x08003d80   0x00000034   Code   RO         7938    i.HAL_PCD_SuspendCallback  usbd_conf.o
    0x08003db4   0x08003db4   0x00000184   Code   RO         2438    i.HAL_RCC_ClockConfig  stm32f4xx_hal_rcc.o
    0x08003f38   0x08003f38   0x00000044   Code   RO         2442    i.HAL_RCC_GetClockConfig  stm32f4xx_hal_rcc.o
    0x08003f7c   0x08003f7c   0x0000000c   Code   RO         2443    i.HAL_RCC_GetHCLKFreq  stm32f4xx_hal_rcc.o
    0x08003f88   0x08003f88   0x00000020   Code   RO         2445    i.HAL_RCC_GetPCLK1Freq  stm32f4xx_hal_rcc.o
    0x08003fa8   0x08003fa8   0x00000020   Code   RO         2446    i.HAL_RCC_GetPCLK2Freq  stm32f4xx_hal_rcc.o
    0x08003fc8   0x08003fc8   0x000000b0   Code   RO         2447    i.HAL_RCC_GetSysClockFreq  stm32f4xx_hal_rcc.o
    0x08004078   0x08004078   0x0000049c   Code   RO         2450    i.HAL_RCC_OscConfig  stm32f4xx_hal_rcc.o
    0x08004514   0x08004514   0x00000002   Code   RO         3872    i.HAL_RNG_ErrorCallback  stm32f4xx_hal_rng.o
    0x08004516   0x08004516   0x00000086   Code   RO         3873    i.HAL_RNG_GenerateRandomNumber  stm32f4xx_hal_rng.o
    0x0800459c   0x0800459c   0x00000018   Code   RO         3876    i.HAL_RNG_GetRandomNumber  stm32f4xx_hal_rng.o
    0x080045b4   0x080045b4   0x00000076   Code   RO         3879    i.HAL_RNG_IRQHandler  stm32f4xx_hal_rng.o
    0x0800462a   0x0800462a   0x00000034   Code   RO         3880    i.HAL_RNG_Init      stm32f4xx_hal_rng.o
    0x0800465e   0x0800465e   0x00000002   PAD
    0x08004660   0x08004660   0x00000048   Code   RO          455    i.HAL_RNG_MspInit   rng.o
    0x080046a8   0x080046a8   0x00000002   Code   RO         3884    i.HAL_RNG_ReadyDataCallback  stm32f4xx_hal_rng.o
    0x080046aa   0x080046aa   0x000000c8   Code   RO         3984    i.HAL_SPI_Init      stm32f4xx_hal_spi.o
    0x08004772   0x08004772   0x00000002   PAD
    0x08004774   0x08004774   0x00000158   Code   RO          497    i.HAL_SPI_MspInit   spi.o
    0x080048cc   0x080048cc   0x00000248   Code   RO         3993    i.HAL_SPI_TransmitReceive  stm32f4xx_hal_spi.o
    0x08004b14   0x08004b14   0x00000002   Code   RO         1574    i.HAL_TIMEx_BreakCallback  stm32f4xx_hal_tim_ex.o
    0x08004b16   0x08004b16   0x00000002   Code   RO         1575    i.HAL_TIMEx_CommutCallback  stm32f4xx_hal_tim_ex.o
    0x08004b18   0x08004b18   0x000000b4   Code   RO         1593    i.HAL_TIMEx_MasterConfigSynchronization  stm32f4xx_hal_tim_ex.o
    0x08004bcc   0x08004bcc   0x00000066   Code   RO          859    i.HAL_TIM_Base_Init  stm32f4xx_hal_tim.o
    0x08004c32   0x08004c32   0x00000002   PAD
    0x08004c34   0x08004c34   0x00000060   Code   RO          539    i.HAL_TIM_Base_MspInit  tim.o
    0x08004c94   0x08004c94   0x0000009c   Code   RO          862    i.HAL_TIM_Base_Start  stm32f4xx_hal_tim.o
    0x08004d30   0x08004d30   0x000000a8   Code   RO          864    i.HAL_TIM_Base_Start_IT  stm32f4xx_hal_tim.o
    0x08004dd8   0x08004dd8   0x0000010c   Code   RO          868    i.HAL_TIM_ConfigClockSource  stm32f4xx_hal_tim.o
    0x08004ee4   0x08004ee4   0x00000002   Code   RO          893    i.HAL_TIM_IC_CaptureCallback  stm32f4xx_hal_tim.o
    0x08004ee6   0x08004ee6   0x0000016c   Code   RO          907    i.HAL_TIM_IRQHandler  stm32f4xx_hal_tim.o
    0x08005052   0x08005052   0x00000002   PAD
    0x08005054   0x08005054   0x000000b0   Code   RO          540    i.HAL_TIM_MspPostInit  tim.o
    0x08005104   0x08005104   0x00000002   Code   RO          910    i.HAL_TIM_OC_DelayElapsedCallback  stm32f4xx_hal_tim.o
    0x08005106   0x08005106   0x00000104   Code   RO          931    i.HAL_TIM_PWM_ConfigChannel  stm32f4xx_hal_tim.o
    0x0800520a   0x0800520a   0x00000066   Code   RO          934    i.HAL_TIM_PWM_Init  stm32f4xx_hal_tim.o
    0x08005270   0x08005270   0x00000002   Code   RO          936    i.HAL_TIM_PWM_MspInit  stm32f4xx_hal_tim.o
    0x08005272   0x08005272   0x00000002   Code   RO          937    i.HAL_TIM_PWM_PulseFinishedCallback  stm32f4xx_hal_tim.o
    0x08005274   0x08005274   0x0000010c   Code   RO          939    i.HAL_TIM_PWM_Start  stm32f4xx_hal_tim.o
    0x08005380   0x08005380   0x00000018   Code   RO           14    i.HAL_TIM_PeriodElapsedCallback  main.o
    0x08005398   0x08005398   0x00000002   Code   RO          950    i.HAL_TIM_TriggerCallback  stm32f4xx_hal_tim.o
    0x0800539a   0x0800539a   0x00000002   Code   RO         4307    i.HAL_UARTEx_RxEventCallback  stm32f4xx_hal_uart.o
    0x0800539c   0x0800539c   0x00000002   Code   RO         4321    i.HAL_UART_ErrorCallback  stm32f4xx_hal_uart.o
    0x0800539e   0x0800539e   0x00000002   PAD
    0x080053a0   0x080053a0   0x00000308   Code   RO         4324    i.HAL_UART_IRQHandler  stm32f4xx_hal_uart.o
    0x080056a8   0x080056a8   0x00000076   Code   RO         4325    i.HAL_UART_Init     stm32f4xx_hal_uart.o
    0x0800571e   0x0800571e   0x00000002   PAD
    0x08005720   0x08005720   0x0000034c   Code   RO          593    i.HAL_UART_MspInit  usart.o
    0x08005a6c   0x08005a6c   0x00000002   Code   RO         4331    i.HAL_UART_RxCpltCallback  stm32f4xx_hal_uart.o
    0x08005a6e   0x08005a6e   0x000000be   Code   RO         4333    i.HAL_UART_Transmit  stm32f4xx_hal_uart.o
    0x08005b2c   0x08005b2c   0x0000009c   Code   RO         4334    i.HAL_UART_Transmit_DMA  stm32f4xx_hal_uart.o
    0x08005bc8   0x08005bc8   0x00000044   Code   RO         7659    i.HAL_UART_TxCpltCallback  ulog.o
    0x08005c0c   0x08005c0c   0x00000002   Code   RO         4337    i.HAL_UART_TxHalfCpltCallback  stm32f4xx_hal_uart.o
    0x08005c0e   0x08005c0e   0x00000002   PAD
    0x08005c10   0x08005c10   0x00000010   Code   RO          657    i.HASH_RNG_IRQHandler  stm32f4xx_it.o
    0x08005c20   0x08005c20   0x00000004   Code   RO          658    i.HardFault_Handler  stm32f4xx_it.o
    0x08005c24   0x08005c24   0x0000003e   Code   RO         7787    i.IntToUnicode      usbd_desc.o
    0x08005c62   0x08005c62   0x00000002   PAD
    0x08005c64   0x08005c64   0x000001b8   Code   RO         6453    i.LedTask           led_task.o
    0x08005e1c   0x08005e1c   0x00000044   Code   RO          383    i.MX_CAN1_Init      can.o
    0x08005e60   0x08005e60   0x00000044   Code   RO          384    i.MX_CAN2_Init      can.o
    0x08005ea4   0x08005ea4   0x000000b8   Code   RO          430    i.MX_DMA_Init       dma.o
    0x08005f5c   0x08005f5c   0x000000b4   Code   RO          307    i.MX_FREERTOS_Init  freertos.o
    0x08006010   0x08006010   0x0000012c   Code   RO          283    i.MX_GPIO_Init      gpio.o
    0x0800613c   0x0800613c   0x00000020   Code   RO          456    i.MX_RNG_Init       rng.o
    0x0800615c   0x0800615c   0x00000048   Code   RO          498    i.MX_SPI1_Init      spi.o
    0x080061a4   0x080061a4   0x000000a4   Code   RO          541    i.MX_TIM4_Init      tim.o
    0x08006248   0x08006248   0x000000c4   Code   RO          542    i.MX_TIM5_Init      tim.o
    0x0800630c   0x0800630c   0x00000038   Code   RO          594    i.MX_USART1_UART_Init  usart.o
    0x08006344   0x08006344   0x00000038   Code   RO          595    i.MX_USART3_UART_Init  usart.o
    0x0800637c   0x0800637c   0x00000038   Code   RO          596    i.MX_USART6_UART_Init  usart.o
    0x080063b4   0x080063b4   0x0000004c   Code   RO         7738    i.MX_USB_DEVICE_Init  usb_device.o
    0x08006400   0x08006400   0x00000034   Code   RO         6866    i.Matrix2x2_MultiplyScalar  rls.o
    0x08006434   0x08006434   0x0000003a   Code   RO         6867    i.Matrix2x2_MultiplyVector  rls.o
    0x0800646e   0x0800646e   0x00000042   Code   RO         6868    i.Matrix2x2_OuterProduct  rls.o
    0x080064b0   0x080064b0   0x00000044   Code   RO         6869    i.Matrix2x2_Subtract  rls.o
    0x080064f4   0x080064f4   0x00000004   Code   RO          659    i.MemManage_Handler  stm32f4xx_it.o
    0x080064f8   0x080064f8   0x00000004   Code   RO          660    i.NMI_Handler       stm32f4xx_it.o
    0x080064fc   0x080064fc   0x00000058   Code   RO         7595    i.OMM_detect        omm.o
    0x08006554   0x08006554   0x00000028   Code   RO         7596    i.OMM_update        omm.o
    0x0800657c   0x0800657c   0x00000010   Code   RO          661    i.OTG_FS_IRQHandler  stm32f4xx_it.o
    0x0800658c   0x0800658c   0x00000064   Code   RO         1876    i.PCD_EP_OutSetupPacket_int  stm32f4xx_hal_pcd.o
    0x080065f0   0x080065f0   0x00000144   Code   RO         1877    i.PCD_EP_OutXfrComplete_int  stm32f4xx_hal_pcd.o
    0x08006734   0x08006734   0x000000b6   Code   RO         1878    i.PCD_WriteEmptyTxFifo  stm32f4xx_hal_pcd.o
    0x080067ea   0x080067ea   0x00000002   PAD
    0x080067ec   0x080067ec   0x000003ac   Code   RO         6591    i.PID_calc          pid.o
    0x08006b98   0x08006b98   0x00000078   Code   RO         6593    i.PID_init          pid.o
    0x08006c10   0x08006c10   0x00000010   Code   RO         6594    i.PID_multi_Kp_init  pid.o
    0x08006c20   0x08006c20   0x00000070   Code   RO         7074    i.PowerControl_CollectMotorData  power_ctrl_param_get.o
    0x08006c90   0x08006c90   0x00000070   Code   RO         7076    i.PowerControl_Init  power_ctrl_param_get.o
    0x08006d00   0x08006d00   0x000000a4   Code   RO         7078    i.PowerControl_Update  power_ctrl_param_get.o
    0x08006da4   0x08006da4   0x000000dc   Code   RO         6874    i.RLS_Init          rls.o
    0x08006e80   0x08006e80   0x00000154   Code   RO         6877    i.RLS_Update        rls.o
    0x08006fd4   0x08006fd4   0x000000ac   Code   RO         7504    i.RemoteDataProcess  dbus.o
    0x08007080   0x08007080   0x00000088   Code   RO         4022    i.SPI_EndRxTxTransaction  stm32f4xx_hal_spi.o
    0x08007108   0x08007108   0x000000d8   Code   RO         4027    i.SPI_WaitFlagStateUntilTimeout  stm32f4xx_hal_spi.o
    0x080071e0   0x080071e0   0x00000012   Code   RO         8295    i.SWAPBYTE          usbd_ctlreq.o
    0x080071f2   0x080071f2   0x0000000e   Code   RO          308    i.StartDefaultTask  freertos.o
    0x08007200   0x08007200   0x00000034   Code   RO         6014    i.SysTick_Handler   port.o
    0x08007234   0x08007234   0x000000b4   Code   RO           15    i.SystemClock_Config  main.o
    0x080072e8   0x080072e8   0x00000014   Code   RO         4669    i.SystemInit        system_stm32f4xx.o
    0x080072fc   0x080072fc   0x00000194   Code   RO         6488    i.TF_Task           tf_task.o
    0x08007490   0x08007490   0x000000c4   Code   RO         6489    i.TF_Update         tf_task.o
    0x08007554   0x08007554   0x00000010   Code   RO          662    i.TIM8_TRG_COM_TIM14_IRQHandler  stm32f4xx_it.o
    0x08007564   0x08007564   0x000000e0   Code   RO          952    i.TIM_Base_SetConfig  stm32f4xx_hal_tim.o
    0x08007644   0x08007644   0x00000022   Code   RO          953    i.TIM_CCxChannelCmd  stm32f4xx_hal_tim.o
    0x08007666   0x08007666   0x00000016   Code   RO          963    i.TIM_ETR_SetConfig  stm32f4xx_hal_tim.o
    0x0800767c   0x0800767c   0x00000012   Code   RO          964    i.TIM_ITRx_SetConfig  stm32f4xx_hal_tim.o
    0x0800768e   0x0800768e   0x00000002   PAD
    0x08007690   0x08007690   0x00000070   Code   RO          965    i.TIM_OC1_SetConfig  stm32f4xx_hal_tim.o
    0x08007700   0x08007700   0x0000007c   Code   RO          966    i.TIM_OC2_SetConfig  stm32f4xx_hal_tim.o
    0x0800777c   0x0800777c   0x00000078   Code   RO          967    i.TIM_OC3_SetConfig  stm32f4xx_hal_tim.o
    0x080077f4   0x080077f4   0x00000054   Code   RO          968    i.TIM_OC4_SetConfig  stm32f4xx_hal_tim.o
    0x08007848   0x08007848   0x00000026   Code   RO          970    i.TIM_TI1_ConfigInputStage  stm32f4xx_hal_tim.o
    0x0800786e   0x0800786e   0x00000028   Code   RO          972    i.TIM_TI2_ConfigInputStage  stm32f4xx_hal_tim.o
    0x08007896   0x08007896   0x00000012   Code   RO         4338    i.UART_DMAAbortOnError  stm32f4xx_hal_uart.o
    0x080078a8   0x080078a8   0x00000050   Code   RO         4339    i.UART_DMAError     stm32f4xx_hal_uart.o
    0x080078f8   0x080078f8   0x00000058   Code   RO         4344    i.UART_DMATransmitCplt  stm32f4xx_hal_uart.o
    0x08007950   0x08007950   0x0000000e   Code   RO         4346    i.UART_DMATxHalfCplt  stm32f4xx_hal_uart.o
    0x0800795e   0x0800795e   0x0000006c   Code   RO         4348    i.UART_EndRxTransfer  stm32f4xx_hal_uart.o
    0x080079ca   0x080079ca   0x00000020   Code   RO         4349    i.UART_EndTransmit_IT  stm32f4xx_hal_uart.o
    0x080079ea   0x080079ea   0x00000026   Code   RO         4350    i.UART_EndTxTransfer  stm32f4xx_hal_uart.o
    0x08007a10   0x08007a10   0x000000fc   Code   RO         4351    i.UART_Receive_IT   stm32f4xx_hal_uart.o
    0x08007b0c   0x08007b0c   0x0000022c   Code   RO         4352    i.UART_SetConfig    stm32f4xx_hal_uart.o
    0x08007d38   0x08007d38   0x00000060   Code   RO         4355    i.UART_Transmit_IT  stm32f4xx_hal_uart.o
    0x08007d98   0x08007d98   0x0000008c   Code   RO         4356    i.UART_WaitOnFlagUntilTimeout  stm32f4xx_hal_uart.o
    0x08007e24   0x08007e24   0x00000014   Code   RO          663    i.USART1_IRQHandler  stm32f4xx_it.o
    0x08007e38   0x08007e38   0x00000014   Code   RO          664    i.USART3_IRQHandler  stm32f4xx_it.o
    0x08007e4c   0x08007e4c   0x00000014   Code   RO          665    i.USART6_IRQHandler  stm32f4xx_it.o
    0x08007e60   0x08007e60   0x000000be   Code   RO         8458    i.USBD_CDC_DataIn   usbd_cdc.o
    0x08007f1e   0x08007f1e   0x00000048   Code   RO         8459    i.USBD_CDC_DataOut  usbd_cdc.o
    0x08007f66   0x08007f66   0x00000002   PAD
    0x08007f68   0x08007f68   0x000000d4   Code   RO         8460    i.USBD_CDC_DeInit   usbd_cdc.o
    0x0800803c   0x0800803c   0x00000050   Code   RO         8461    i.USBD_CDC_EP0_RxReady  usbd_cdc.o
    0x0800808c   0x0800808c   0x00000010   Code   RO         8462    i.USBD_CDC_GetDeviceQualifierDescriptor  usbd_cdc.o
    0x0800809c   0x0800809c   0x00000044   Code   RO         8463    i.USBD_CDC_GetFSCfgDesc  usbd_cdc.o
    0x080080e0   0x080080e0   0x00000048   Code   RO         8464    i.USBD_CDC_GetHSCfgDesc  usbd_cdc.o
    0x08008128   0x08008128   0x00000044   Code   RO         8465    i.USBD_CDC_GetOtherSpeedCfgDesc  usbd_cdc.o
    0x0800816c   0x0800816c   0x000001a0   Code   RO         8466    i.USBD_CDC_Init     usbd_cdc.o
    0x0800830c   0x0800830c   0x00000050   Code   RO         8467    i.USBD_CDC_ReceivePacket  usbd_cdc.o
    0x0800835c   0x0800835c   0x00000018   Code   RO         8468    i.USBD_CDC_RegisterInterface  usbd_cdc.o
    0x08008374   0x08008374   0x0000001e   Code   RO         8469    i.USBD_CDC_SetRxBuffer  usbd_cdc.o
    0x08008392   0x08008392   0x00000024   Code   RO         8470    i.USBD_CDC_SetTxBuffer  usbd_cdc.o
    0x080083b6   0x080083b6   0x00000140   Code   RO         8471    i.USBD_CDC_Setup    usbd_cdc.o
    0x080084f6   0x080084f6   0x0000001c   Code   RO         8133    i.USBD_ClrClassConfig  usbd_core.o
    0x08008512   0x08008512   0x0000003e   Code   RO         8296    i.USBD_ClrFeature   usbd_ctlreq.o
    0x08008550   0x08008550   0x00000006   Code   RO         8134    i.USBD_CoreFindEP   usbd_core.o
    0x08008556   0x08008556   0x00000006   Code   RO         8135    i.USBD_CoreFindIF   usbd_core.o
    0x0800855c   0x0800855c   0x00000018   Code   RO         8398    i.USBD_CtlContinueRx  usbd_ioreq.o
    0x08008574   0x08008574   0x00000018   Code   RO         8399    i.USBD_CtlContinueSendData  usbd_ioreq.o
    0x0800858c   0x0800858c   0x00000018   Code   RO         8297    i.USBD_CtlError     usbd_ctlreq.o
    0x080085a4   0x080085a4   0x0000002e   Code   RO         8400    i.USBD_CtlPrepareRx  usbd_ioreq.o
    0x080085d2   0x080085d2   0x0000001a   Code   RO         8401    i.USBD_CtlReceiveStatus  usbd_ioreq.o
    0x080085ec   0x080085ec   0x00000024   Code   RO         8402    i.USBD_CtlSendData  usbd_ioreq.o
    0x08008610   0x08008610   0x0000001a   Code   RO         8403    i.USBD_CtlSendStatus  usbd_ioreq.o
    0x0800862a   0x0800862a   0x00000002   PAD
    0x0800862c   0x0800862c   0x00000034   Code   RO         7788    i.USBD_FS_ConfigStrDescriptor  usbd_desc.o
    0x08008660   0x08008660   0x00000010   Code   RO         7789    i.USBD_FS_DeviceDescriptor  usbd_desc.o
    0x08008670   0x08008670   0x00000038   Code   RO         7790    i.USBD_FS_InterfaceStrDescriptor  usbd_desc.o
    0x080086a8   0x080086a8   0x00000010   Code   RO         7791    i.USBD_FS_LangIDStrDescriptor  usbd_desc.o
    0x080086b8   0x080086b8   0x0000002c   Code   RO         7792    i.USBD_FS_ManufacturerStrDescriptor  usbd_desc.o
    0x080086e4   0x080086e4   0x00000040   Code   RO         7793    i.USBD_FS_ProductStrDescriptor  usbd_desc.o
    0x08008724   0x08008724   0x00000018   Code   RO         7794    i.USBD_FS_SerialStrDescriptor  usbd_desc.o
    0x0800873c   0x0800873c   0x00000056   Code   RO         8298    i.USBD_GetConfig    usbd_ctlreq.o
    0x08008792   0x08008792   0x000001fc   Code   RO         8299    i.USBD_GetDescriptor  usbd_ctlreq.o
    0x0800898e   0x0800898e   0x00000050   Code   RO         8137    i.USBD_GetEpDesc    usbd_core.o
    0x080089de   0x080089de   0x00000016   Code   RO         8300    i.USBD_GetLen       usbd_ctlreq.o
    0x080089f4   0x080089f4   0x00000014   Code   RO         8138    i.USBD_GetNextDesc  usbd_core.o
    0x08008a08   0x08008a08   0x0000005a   Code   RO         8301    i.USBD_GetStatus    usbd_ctlreq.o
    0x08008a62   0x08008a62   0x00000068   Code   RO         8302    i.USBD_GetString    usbd_ctlreq.o
    0x08008aca   0x08008aca   0x0000002c   Code   RO         7939    i.USBD_Get_USB_Status  usbd_conf.o
    0x08008af6   0x08008af6   0x0000003a   Code   RO         8139    i.USBD_Init         usbd_core.o
    0x08008b30   0x08008b30   0x00000026   Code   RO         7940    i.USBD_LL_ClearStallEP  usbd_conf.o
    0x08008b56   0x08008b56   0x00000026   Code   RO         7941    i.USBD_LL_CloseEP   usbd_conf.o
    0x08008b7c   0x08008b7c   0x00000110   Code   RO         8140    i.USBD_LL_DataInStage  usbd_core.o
    0x08008c8c   0x08008c8c   0x0000010a   Code   RO         8141    i.USBD_LL_DataOutStage  usbd_core.o
    0x08008d96   0x08008d96   0x00000006   Code   RO         8142    i.USBD_LL_DevConnected  usbd_core.o
    0x08008d9c   0x08008d9c   0x00000026   Code   RO         8143    i.USBD_LL_DevDisconnected  usbd_core.o
    0x08008dc2   0x08008dc2   0x00000012   Code   RO         7945    i.USBD_LL_GetRxDataSize  usbd_conf.o
    0x08008dd4   0x08008dd4   0x00000068   Code   RO         7946    i.USBD_LL_Init      usbd_conf.o
    0x08008e3c   0x08008e3c   0x00000038   Code   RO         7947    i.USBD_LL_IsStallEP  usbd_conf.o
    0x08008e74   0x08008e74   0x00000048   Code   RO         8144    i.USBD_LL_IsoINIncomplete  usbd_core.o
    0x08008ebc   0x08008ebc   0x00000048   Code   RO         8145    i.USBD_LL_IsoOUTIncomplete  usbd_core.o
    0x08008f04   0x08008f04   0x00000030   Code   RO         7948    i.USBD_LL_OpenEP    usbd_conf.o
    0x08008f34   0x08008f34   0x00000030   Code   RO         7949    i.USBD_LL_PrepareReceive  usbd_conf.o
    0x08008f64   0x08008f64   0x0000006e   Code   RO         8146    i.USBD_LL_Reset     usbd_core.o
    0x08008fd2   0x08008fd2   0x00000016   Code   RO         8147    i.USBD_LL_Resume    usbd_core.o
    0x08008fe8   0x08008fe8   0x00000028   Code   RO         8148    i.USBD_LL_SOF       usbd_core.o
    0x08009010   0x08009010   0x00000008   Code   RO         8149    i.USBD_LL_SetSpeed  usbd_core.o
    0x08009018   0x08009018   0x00000026   Code   RO         7950    i.USBD_LL_SetUSBAddress  usbd_conf.o
    0x0800903e   0x0800903e   0x00000076   Code   RO         8150    i.USBD_LL_SetupStage  usbd_core.o
    0x080090b4   0x080090b4   0x00000026   Code   RO         7951    i.USBD_LL_StallEP   usbd_conf.o
    0x080090da   0x080090da   0x0000001e   Code   RO         7952    i.USBD_LL_Start     usbd_conf.o
    0x080090f8   0x080090f8   0x0000001c   Code   RO         8151    i.USBD_LL_Suspend   usbd_core.o
    0x08009114   0x08009114   0x00000030   Code   RO         7954    i.USBD_LL_Transmit  usbd_conf.o
    0x08009144   0x08009144   0x00000036   Code   RO         8303    i.USBD_ParseSetupRequest  usbd_ctlreq.o
    0x0800917a   0x0800917a   0x00000048   Code   RO         8152    i.USBD_RegisterClass  usbd_core.o
    0x080091c2   0x080091c2   0x00000006   Code   RO         8153    i.USBD_RunTestMode  usbd_core.o
    0x080091c8   0x080091c8   0x0000005a   Code   RO         8304    i.USBD_SetAddress   usbd_ctlreq.o
    0x08009222   0x08009222   0x00000020   Code   RO         8154    i.USBD_SetClassConfig  usbd_core.o
    0x08009242   0x08009242   0x00000002   PAD
    0x08009244   0x08009244   0x00000104   Code   RO         8305    i.USBD_SetConfig    usbd_ctlreq.o
    0x08009348   0x08009348   0x00000038   Code   RO         8306    i.USBD_SetFeature   usbd_ctlreq.o
    0x08009380   0x08009380   0x0000000c   Code   RO         8155    i.USBD_Start        usbd_core.o
    0x0800938c   0x0800938c   0x000000ae   Code   RO         8307    i.USBD_StdDevReq    usbd_ctlreq.o
    0x0800943a   0x0800943a   0x00000284   Code   RO         8308    i.USBD_StdEPReq     usbd_ctlreq.o
    0x080096be   0x080096be   0x000000ae   Code   RO         8309    i.USBD_StdItfReq    usbd_ctlreq.o
    0x0800976c   0x0800976c   0x00000002   Code   RO         7955    i.USBD_static_free  usbd_conf.o
    0x0800976e   0x0800976e   0x00000002   PAD
    0x08009770   0x08009770   0x0000000c   Code   RO         7956    i.USBD_static_malloc  usbd_conf.o
    0x0800977c   0x0800977c   0x000000d0   Code   RO         2127    i.USB_ActivateEndpoint  stm32f4xx_ll_usb.o
    0x0800984c   0x0800984c   0x00000028   Code   RO         2129    i.USB_ActivateSetup  stm32f4xx_ll_usb.o
    0x08009874   0x08009874   0x0000008c   Code   RO         2131    i.USB_CoreInit      stm32f4xx_ll_usb.o
    0x08009900   0x08009900   0x00000062   Code   RO         2132    i.USB_CoreReset     stm32f4xx_ll_usb.o
    0x08009962   0x08009962   0x00000002   PAD
    0x08009964   0x08009964   0x0000014c   Code   RO         2135    i.USB_DeactivateEndpoint  stm32f4xx_ll_usb.o
    0x08009ab0   0x08009ab0   0x00000024   Code   RO         2136    i.USB_DevConnect    stm32f4xx_ll_usb.o
    0x08009ad4   0x08009ad4   0x00000024   Code   RO         2137    i.USB_DevDisconnect  stm32f4xx_ll_usb.o
    0x08009af8   0x08009af8   0x000001e8   Code   RO         2138    i.USB_DevInit       stm32f4xx_ll_usb.o
    0x08009ce0   0x08009ce0   0x0000000e   Code   RO         2139    i.USB_DisableGlobalInt  stm32f4xx_ll_usb.o
    0x08009cee   0x08009cee   0x00000002   PAD
    0x08009cf0   0x08009cf0   0x00000070   Code   RO         2142    i.USB_EP0_OutStart  stm32f4xx_ll_usb.o
    0x08009d60   0x08009d60   0x0000008e   Code   RO         2143    i.USB_EPClearStall  stm32f4xx_ll_usb.o
    0x08009dee   0x08009dee   0x0000009a   Code   RO         2144    i.USB_EPSetStall    stm32f4xx_ll_usb.o
    0x08009e88   0x08009e88   0x000003c0   Code   RO         2145    i.USB_EPStartXfer   stm32f4xx_ll_usb.o
    0x0800a248   0x0800a248   0x000000ec   Code   RO         2146    i.USB_EPStopXfer    stm32f4xx_ll_usb.o
    0x0800a334   0x0800a334   0x0000000e   Code   RO         2147    i.USB_EnableGlobalInt  stm32f4xx_ll_usb.o
    0x0800a342   0x0800a342   0x00000050   Code   RO         2148    i.USB_FlushRxFifo   stm32f4xx_ll_usb.o
    0x0800a392   0x0800a392   0x00000054   Code   RO         2149    i.USB_FlushTxFifo   stm32f4xx_ll_usb.o
    0x0800a3e6   0x0800a3e6   0x00000026   Code   RO         2151    i.USB_GetDevSpeed   stm32f4xx_ll_usb.o
    0x0800a40c   0x0800a40c   0x0000000a   Code   RO         2153    i.USB_GetMode       stm32f4xx_ll_usb.o
    0x0800a416   0x0800a416   0x00000014   Code   RO         2161    i.USB_ReadDevAllInEpInterrupt  stm32f4xx_ll_usb.o
    0x0800a42a   0x0800a42a   0x00000014   Code   RO         2162    i.USB_ReadDevAllOutEpInterrupt  stm32f4xx_ll_usb.o
    0x0800a43e   0x0800a43e   0x00000032   Code   RO         2163    i.USB_ReadDevInEPInterrupt  stm32f4xx_ll_usb.o
    0x0800a470   0x0800a470   0x0000001a   Code   RO         2164    i.USB_ReadDevOutEPInterrupt  stm32f4xx_ll_usb.o
    0x0800a48a   0x0800a48a   0x0000000a   Code   RO         2165    i.USB_ReadInterrupts  stm32f4xx_ll_usb.o
    0x0800a494   0x0800a494   0x00000060   Code   RO         2166    i.USB_ReadPacket    stm32f4xx_ll_usb.o
    0x0800a4f4   0x0800a4f4   0x00000068   Code   RO         2168    i.USB_SetCurrentMode  stm32f4xx_ll_usb.o
    0x0800a55c   0x0800a55c   0x0000002a   Code   RO         2169    i.USB_SetDevAddress  stm32f4xx_ll_usb.o
    0x0800a586   0x0800a586   0x00000012   Code   RO         2170    i.USB_SetDevSpeed   stm32f4xx_ll_usb.o
    0x0800a598   0x0800a598   0x000000e8   Code   RO         2171    i.USB_SetTurnaroundTime  stm32f4xx_ll_usb.o
    0x0800a680   0x0800a680   0x00000044   Code   RO         2174    i.USB_WritePacket   stm32f4xx_ll_usb.o
    0x0800a6c4   0x0800a6c4   0x00000004   Code   RO          666    i.UsageFault_Handler  stm32f4xx_it.o
    0x0800a6c8   0x0800a6c8   0x0000001a   Code   RO         6879    i.Vector2_Dot       rls.o
    0x0800a6e2   0x0800a6e2   0x00000002   PAD
    0x0800a6e4   0x0800a6e4   0x00000044   Code   RO         6820    i.Verify_CRC16_Check_Sum  crc.o
    0x0800a728   0x0800a728   0x0000002e   Code   RO         6821    i.Verify_CRC8_Check_Sum  crc.o
    0x0800a756   0x0800a756   0x00000026   Code   RO         8946    i.__ARM_fpclassifyf  m_wm.l(fpclassifyf.o)
    0x0800a77c   0x0800a77c   0x00000010   Code   RO         3242    i.__NVIC_GetPriorityGrouping  stm32f4xx_hal_cortex.o
    0x0800a78c   0x0800a78c   0x00000028   Code   RO         3243    i.__NVIC_SetPriority  stm32f4xx_hal_cortex.o
    0x0800a7b4   0x0800a7b4   0x00000250   Code   RO         8704    i.__hardfp_atan2f   m_wm.l(atan2f.o)
    0x0800aa04   0x0800aa04   0x00000150   Code   RO         8716    i.__hardfp_cosf     m_wm.l(cosf.o)
    0x0800ab54   0x0800ab54   0x00000190   Code   RO         8748    i.__hardfp_sinf     m_wm.l(sinf.o)
    0x0800ace4   0x0800ace4   0x0000003a   Code   RO         8760    i.__hardfp_sqrtf    m_wm.l(sqrtf.o)
    0x0800ad1e   0x0800ad1e   0x00000006   Code   RO         8949    i.__mathlib_flt_infnan  m_wm.l(funder.o)
    0x0800ad24   0x0800ad24   0x00000006   Code   RO         8950    i.__mathlib_flt_infnan2  m_wm.l(funder.o)
    0x0800ad2a   0x0800ad2a   0x00000002   PAD
    0x0800ad2c   0x0800ad2c   0x00000010   Code   RO         8951    i.__mathlib_flt_invalid  m_wm.l(funder.o)
    0x0800ad3c   0x0800ad3c   0x00000010   Code   RO         8954    i.__mathlib_flt_underflow  m_wm.l(funder.o)
    0x0800ad4c   0x0800ad4c   0x00000154   Code   RO         8962    i.__mathlib_rredf2  m_wm.l(rredf.o)
    0x0800aea0   0x0800aea0   0x0000000e   Code   RO         8646    i._is_digit         c_w.l(__printf_wp.o)
    0x0800aeae   0x0800aeae   0x00000002   PAD
    0x0800aeb0   0x0800aeb0   0x00000028   Code   RO         6282    i.aRGB_led_init     bsp_led.o
    0x0800aed8   0x0800aed8   0x00000046   Code   RO         6283    i.aRGB_led_shine    bsp_led.o
    0x0800af1e   0x0800af1e   0x00000002   PAD
    0x0800af20   0x0800af20   0x00000068   Code   RO         6284    i.aRGB_led_show     bsp_led.o
    0x0800af88   0x0800af88   0x00000370   Code   RO         7029    i.allocatePowerWithLimit  power_ctrl.o
    0x0800b2f8   0x0800b2f8   0x0000016c   Code   RO         7375    i.bmi088_accel_init  bmi088driver.o
    0x0800b464   0x0800b464   0x00000130   Code   RO         7376    i.bmi088_gyro_init  bmi088driver.o
    0x0800b594   0x0800b594   0x000000e8   Code   RO         7030    i.calculateAllocatedPower  power_ctrl.o
    0x0800b67c   0x0800b67c   0x0000002e   Code   RO         7031    i.calculateMotorPower  power_ctrl.o
    0x0800b6aa   0x0800b6aa   0x00000002   PAD
    0x0800b6ac   0x0800b6ac   0x00000084   Code   RO         6137    i.can_filter_init   bsp_can.o
    0x0800b730   0x0800b730   0x00000154   Code   RO         6961    i.chassis_ctrl_init  chassis_ctrl.o
    0x0800b884   0x0800b884   0x0000002a   Code   RO         7032    i.clamp             power_ctrl.o
    0x0800b8ae   0x0800b8ae   0x00000002   PAD
    0x0800b8b0   0x0800b8b0   0x00000034   Code   RO         7239    i.cmd_buffer_handler  comm.o
    0x0800b8e4   0x0800b8e4   0x00000038   Code   RO         7241    i.cmd_imu_l_handler  comm.o
    0x0800b91c   0x0800b91c   0x00000038   Code   RO         7242    i.cmd_imu_s_handler  comm.o
    0x0800b954   0x0800b954   0x00000012   Code   RO         7243    i.cmd_mode_handler  comm.o
    0x0800b966   0x0800b966   0x0000002c   Code   RO         7244    i.cmd_move_handler  comm.o
    0x0800b992   0x0800b992   0x00000002   PAD
    0x0800b994   0x0800b994   0x00000028   Code   RO         7245    i.cmd_onlinecb_handler  comm.o
    0x0800b9bc   0x0800b9bc   0x00000022   Code   RO         7246    i.cmd_rotate_handler  comm.o
    0x0800b9de   0x0800b9de   0x00000006   Code   RO         7247    i.cmd_shart_handler  comm.o
    0x0800b9e4   0x0800b9e4   0x0000004c   Code   RO         6526    i.commTask          comm_task.o
    0x0800ba30   0x0800ba30   0x000002bc   Code   RO         6962    i.ctrl_data_update  chassis_ctrl.o
    0x0800bcec   0x0800bcec   0x00000040   Code   RO         7505    i.dbus_uart_init    dbus.o
    0x0800bd2c   0x0800bd2c   0x00000030   Code   RO         6164    i.delay_init        bsp_delay.o
    0x0800bd5c   0x0800bd5c   0x00000008   Code   RO         7506    i.dma_current_data_counter  dbus.o
    0x0800bd64   0x0800bd64   0x0000001a   Code   RO         6323    i.find_frame_header  bsp_uart.o
    0x0800bd7e   0x0800bd7e   0x00000042   Code   RO         6643    i.first_order_filter_cali  user_lib.o
    0x0800bdc0   0x0800bdc0   0x00000024   Code   RO         6644    i.first_order_filter_init  user_lib.o
    0x0800bde4   0x0800bde4   0x00000080   Code   RO         7116    i.get_motor_3508_measure  can_rx.o
    0x0800be64   0x0800be64   0x0000001e   Code   RO         7033    i.initPowerControllerConfig  power_ctrl.o
    0x0800be82   0x0800be82   0x00000002   PAD
    0x0800be84   0x0800be84   0x00000050   Code   RO         7660    i.level_to_string   ulog.o
    0x0800bed4   0x0800bed4   0x00000060   Code   RO         7662    i.log_pool_free     ulog.o
    0x0800bf34   0x0800bf34   0x00000020   Code   RO         7663    i.log_pool_init     ulog.o
    0x0800bf54   0x0800bf54   0x00000060   Code   RO         6651    i.loop_float_constrain  user_lib.o
    0x0800bfb4   0x0800bfb4   0x0000006c   Code   RO           16    i.main              main.o
    0x0800c020   0x0800c020   0x0000000e   Code   RO         5567    i.makeFreeRtosPriority  cmsis_os.o
    0x0800c02e   0x0800c02e   0x00000002   PAD
    0x0800c030   0x0800c030   0x0000024c   Code   RO         6963    i.motor_ctrl_send   chassis_ctrl.o
    0x0800c27c   0x0800c27c   0x000002c4   Code   RO         6964    i.motor_ctrl_update  chassis_ctrl.o
    0x0800c540   0x0800c540   0x00000108   Code   RO         6965    i.motor_param_get   chassis_ctrl.o
    0x0800c648   0x0800c648   0x00000018   Code   RO         5569    i.osDelay           cmsis_os.o
    0x0800c660   0x0800c660   0x0000000a   Code   RO         5572    i.osKernelStart     cmsis_os.o
    0x0800c66a   0x0800c66a   0x0000005e   Code   RO         5606    i.osThreadCreate    cmsis_os.o
    0x0800c6c8   0x0800c6c8   0x00000014   Code   RO         6653    i.pack_float_to_4bytes  user_lib.o
    0x0800c6dc   0x0800c6dc   0x000000a4   Code   RO         5193    i.prvAddCurrentTaskToDelayedList  tasks.o
    0x0800c780   0x0800c780   0x000000b4   Code   RO         5194    i.prvAddNewTaskToReadyList  tasks.o
    0x0800c834   0x0800c834   0x00000048   Code   RO         5195    i.prvCheckTasksWaitingTermination  tasks.o
    0x0800c87c   0x0800c87c   0x0000002a   Code   RO         4846    i.prvCopyDataFromQueue  queue.o
    0x0800c8a6   0x0800c8a6   0x0000007e   Code   RO         4847    i.prvCopyDataToQueue  queue.o
    0x0800c924   0x0800c924   0x00000050   Code   RO         5196    i.prvDeleteTCB      tasks.o
    0x0800c974   0x0800c974   0x00000014   Code   RO         4848    i.prvGetDisinheritPriorityAfterTimeout  queue.o
    0x0800c988   0x0800c988   0x0000007c   Code   RO         5946    i.prvHeapInit       heap_4.o
    0x0800ca04   0x0800ca04   0x0000002c   Code   RO         5197    i.prvIdleTask       tasks.o
    0x0800ca30   0x0800ca30   0x0000001e   Code   RO         4849    i.prvInitialiseMutex  queue.o
    0x0800ca4e   0x0800ca4e   0x00000026   Code   RO         4850    i.prvInitialiseNewQueue  queue.o
    0x0800ca74   0x0800ca74   0x000000c2   Code   RO         5198    i.prvInitialiseNewTask  tasks.o
    0x0800cb36   0x0800cb36   0x00000002   PAD
    0x0800cb38   0x0800cb38   0x00000068   Code   RO         5199    i.prvInitialiseTaskLists  tasks.o
    0x0800cba0   0x0800cba0   0x00000068   Code   RO         5947    i.prvInsertBlockIntoFreeList  heap_4.o
    0x0800cc08   0x0800cc08   0x0000001a   Code   RO         4851    i.prvIsQueueEmpty   queue.o
    0x0800cc22   0x0800cc22   0x0000001e   Code   RO         4852    i.prvIsQueueFull    queue.o
    0x0800cc40   0x0800cc40   0x00000034   Code   RO         5200    i.prvResetNextTaskUnblockTime  tasks.o
    0x0800cc74   0x0800cc74   0x00000040   Code   RO         6015    i.prvTaskExitError  port.o
    0x0800ccb4   0x0800ccb4   0x0000007e   Code   RO         4853    i.prvUnlockQueue    queue.o
    0x0800cd32   0x0800cd32   0x00000002   PAD
    0x0800cd34   0x0800cd34   0x0000014c   Code   RO         5948    i.pvPortMalloc      heap_4.o
    0x0800ce80   0x0800ce80   0x00000020   Code   RO         5204    i.pvTaskIncrementMutexHeldCount  tasks.o
    0x0800cea0   0x0800cea0   0x0000002c   Code   RO         6016    i.pxPortInitialiseStack  port.o
    0x0800cecc   0x0800cecc   0x00000020   Code   RO         6655    i.radian_format     user_lib.o
    0x0800ceec   0x0800ceec   0x00000050   Code   RO         6387    i.rng_init          bsp_rng.o
    0x0800cf3c   0x0800cf3c   0x00000038   Code   RO         6388    i.rng_smooth_rand   bsp_rng.o
    0x0800cf74   0x0800cf74   0x00000024   Code   RO         7248    i.send_attitude_handler  comm.o
    0x0800cf98   0x0800cf98   0x00000014   Code   RO         7249    i.send_cap_handler  comm.o
    0x0800cfac   0x0800cfac   0x00000014   Code   RO         7250    i.send_onlinecb_handler  comm.o
    0x0800cfc0   0x0800cfc0   0x00000090   Code   RO         7251    i.send_onlinestate_handler  comm.o
    0x0800d050   0x0800d050   0x00000014   Code   RO         7253    i.send_start_handler  comm.o
    0x0800d064   0x0800d064   0x0000004c   Code   RO         6454    i.show_online_state  led_task.o
    0x0800d0b0   0x0800d0b0   0x00000020   Code   RO         6659    i.theta_format      user_lib.o
    0x0800d0d0   0x0800d0d0   0x000000a4   Code   RO         6324    i.uart1_init        bsp_uart.o
    0x0800d174   0x0800d174   0x000000a4   Code   RO         6325    i.uart6_init        bsp_uart.o
    0x0800d218   0x0800d218   0x00000048   Code   RO         7507    i.uart_receive_dma_no_it  dbus.o
    0x0800d260   0x0800d260   0x00000022   Code   RO         7508    i.uart_receive_handler  dbus.o
    0x0800d282   0x0800d282   0x00000002   PAD
    0x0800d284   0x0800d284   0x00000068   Code   RO         7509    i.uart_rx_idle_callback  dbus.o
    0x0800d2ec   0x0800d2ec   0x000000c4   Code   RO         7665    i.ulogTask          ulog.o
    0x0800d3b0   0x0800d3b0   0x0000001a   Code   RO         6660    i.unpack_4bytes_to_floats  user_lib.o
    0x0800d3ca   0x0800d3ca   0x00000002   PAD
    0x0800d3cc   0x0800d3cc   0x000000b0   Code   RO         7254    i.upc_decode        comm.o
    0x0800d47c   0x0800d47c   0x0000011c   Code   RO         6326    i.usart1_rec_handler  bsp_uart.o
    0x0800d598   0x0800d598   0x0000015c   Code   RO         6327    i.usart6_rec_handler  bsp_uart.o
    0x0800d6f4   0x0800d6f4   0x00000028   Code   RO         4806    i.uxListRemove      list.o
    0x0800d71c   0x0800d71c   0x00000018   Code   RO          309    i.vApplicationGetIdleTaskMemory  freertos.o
    0x0800d734   0x0800d734   0x00000002   Code   RO          310    i.vApplicationIdleHook  freertos.o
    0x0800d736   0x0800d736   0x0000001a   Code   RO         4807    i.vListInitialise   list.o
    0x0800d750   0x0800d750   0x00000006   Code   RO         4808    i.vListInitialiseItem  list.o
    0x0800d756   0x0800d756   0x00000034   Code   RO         4809    i.vListInsert       list.o
    0x0800d78a   0x0800d78a   0x00000018   Code   RO         4810    i.vListInsertEnd    list.o
    0x0800d7a2   0x0800d7a2   0x00000002   PAD
    0x0800d7a4   0x0800d7a4   0x00000054   Code   RO         6018    i.vPortEnterCritical  port.o
    0x0800d7f8   0x0800d7f8   0x0000003c   Code   RO         6019    i.vPortExitCritical  port.o
    0x0800d834   0x0800d834   0x000000a4   Code   RO         5949    i.vPortFree         heap_4.o
    0x0800d8d8   0x0800d8d8   0x00000028   Code   RO         6020    i.vPortSetupTimerInterrupt  port.o
    0x0800d900   0x0800d900   0x00000078   Code   RO         6021    i.vPortValidateInterruptPriority  port.o
    0x0800d978   0x0800d978   0x0000005c   Code   RO         5213    i.vTaskDelay        tasks.o
    0x0800d9d4   0x0800d9d4   0x00000018   Code   RO         5217    i.vTaskInternalSetTimeOutState  tasks.o
    0x0800d9ec   0x0800d9ec   0x0000000c   Code   RO         5218    i.vTaskMissedYield  tasks.o
    0x0800d9f8   0x0800d9f8   0x00000038   Code   RO         5220    i.vTaskPlaceOnEventList  tasks.o
    0x0800da30   0x0800da30   0x000000e4   Code   RO         5222    i.vTaskPriorityDisinheritAfterTimeout  tasks.o
    0x0800db14   0x0800db14   0x000000b0   Code   RO         5227    i.vTaskStartScheduler  tasks.o
    0x0800dbc4   0x0800dbc4   0x00000010   Code   RO         5229    i.vTaskSuspendAll   tasks.o
    0x0800dbd4   0x0800dbd4   0x0000008c   Code   RO         5230    i.vTaskSwitchContext  tasks.o
    0x0800dc60   0x0800dc60   0x00000168   Code   RO         6022    i.xPortStartScheduler  port.o
    0x0800ddc8   0x0800ddc8   0x00000022   Code   RO         4860    i.xQueueCreateMutex  queue.o
    0x0800ddea   0x0800ddea   0x0000005a   Code   RO         4862    i.xQueueGenericCreate  queue.o
    0x0800de44   0x0800de44   0x00000098   Code   RO         4864    i.xQueueGenericReset  queue.o
    0x0800dedc   0x0800dedc   0x000001a8   Code   RO         4865    i.xQueueGenericSend  queue.o
    0x0800e084   0x0800e084   0x000000e0   Code   RO         4869    i.xQueueGiveFromISR  queue.o
    0x0800e164   0x0800e164   0x00000168   Code   RO         4874    i.xQueueReceive     queue.o
    0x0800e2cc   0x0800e2cc   0x000001b8   Code   RO         4876    i.xQueueSemaphoreTake  queue.o
    0x0800e484   0x0800e484   0x000000a8   Code   RO         5233    i.xTaskCheckForTimeOut  tasks.o
    0x0800e52c   0x0800e52c   0x00000064   Code   RO         5234    i.xTaskCreate       tasks.o
    0x0800e590   0x0800e590   0x000000ba   Code   RO         5235    i.xTaskCreateStatic  tasks.o
    0x0800e64a   0x0800e64a   0x00000002   PAD
    0x0800e64c   0x0800e64c   0x00000020   Code   RO         5240    i.xTaskGetSchedulerState  tasks.o
    0x0800e66c   0x0800e66c   0x00000148   Code   RO         5243    i.xTaskIncrementTick  tasks.o
    0x0800e7b4   0x0800e7b4   0x000000c8   Code   RO         5246    i.xTaskPriorityDisinherit  tasks.o
    0x0800e87c   0x0800e87c   0x000000b8   Code   RO         5247    i.xTaskPriorityInherit  tasks.o
    0x0800e934   0x0800e934   0x00000098   Code   RO         5248    i.xTaskRemoveFromEventList  tasks.o
    0x0800e9cc   0x0800e9cc   0x00000104   Code   RO         5249    i.xTaskResumeAll    tasks.o
    0x0800ead0   0x0800ead0   0x00000150   Code   RO         8676    x$fpl$dadd          fz_wm.l(daddsub_clz.o)
    0x0800ec20   0x0800ec20   0x000002b0   Code   RO         8683    x$fpl$ddiv          fz_wm.l(ddiv.o)
    0x0800eed0   0x0800eed0   0x0000005e   Code   RO         8686    x$fpl$dfix          fz_wm.l(dfix.o)
    0x0800ef2e   0x0800ef2e   0x0000009c   Code   RO         8927    x$fpl$dnaninf       fz_wm.l(dnaninf.o)
    0x0800efca   0x0800efca   0x0000000c   Code   RO         8929    x$fpl$dretinf       fz_wm.l(dretinf.o)
    0x0800efd6   0x0800efd6   0x00000002   PAD
    0x0800efd8   0x0800efd8   0x000001d4   Code   RO         8678    x$fpl$dsub          fz_wm.l(daddsub_clz.o)
    0x0800f1ac   0x0800f1ac   0x00000056   Code   RO         8702    x$fpl$f2d           fz_wm.l(f2d.o)
    0x0800f202   0x0800f202   0x0000008c   Code   RO         8931    x$fpl$fnaninf       fz_wm.l(fnaninf.o)
    0x0800f28e   0x0800f28e   0x0000000a   Code   RO         9024    x$fpl$fpinit        fz_wm.l(fpinit.o)
    0x0800f298   0x0800f298   0x00000000   Code   RO         8945    x$fpl$usenofp       fz_wm.l(usenofp.o)
    0x0800f298   0x0800f298   0x000000a8   Data   RO          312    .constdata          freertos.o
    0x0800f340   0x0800f340   0x00000008   Data   RO         2956    .constdata          stm32f4xx_hal_dma.o
    0x0800f348   0x0800f348   0x00000018   Data   RO         4670    .constdata          system_stm32f4xx.o
    0x0800f360   0x0800f360   0x00000036   Data   RO         6455    .constdata          led_task.o
    0x0800f396   0x0800f396   0x00000304   Data   RO         6822    .constdata          crc.o
    0x0800f69a   0x0800f69a   0x00000002   PAD
    0x0800f69c   0x0800f69c   0x00000010   Data   RO         6967    .constdata          chassis_ctrl.o
    0x0800f6ac   0x0800f6ac   0x00000048   Data   RO         7566    .constdata          dtm.o
    0x0800f6f4   0x0800f6f4   0x00000011   Data   RO         8654    .constdata          c_w.l(__printf_flags_ss_wp.o)
    0x0800f705   0x0800f705   0x00000003   PAD
    0x0800f708   0x0800f708   0x00000020   Data   RO         8963    .constdata          m_wm.l(rredf.o)
    0x0800f728   0x0800f728   0x00000045   Data   RO          313    .conststring        freertos.o
    0x0800f76d   0x0800f76d   0x00000003   PAD
    0x0800f770   0x0800f770   0x00000020   Data   RO         9157    Region$$Table       anon$$obj.o


    Execution Region RW_IRAM1 (Exec base: 0x20000000, Load base: 0x0800f790, Size: 0x000122a8, Max: 0x0001c000, ABSOLUTE, COMPRESSED[0x0000012c])

    Exec Addr    Load Addr    Size         Type   Attr      Idx    E Section Name        Object

    0x20000000   COMPRESSED   0x00000018   Data   RW          314    .data               freertos.o
    0x20000018   COMPRESSED   0x00000004   Data   RW          386    .data               can.o
    0x2000001c   COMPRESSED   0x00000009   Data   RW         3406    .data               stm32f4xx_hal.o
    0x20000025   COMPRESSED   0x00000003   PAD
    0x20000028   COMPRESSED   0x00000004   Data   RW         4671    .data               system_stm32f4xx.o
    0x2000002c   COMPRESSED   0x0000003c   Data   RW         5252    .data               tasks.o
    0x20000068   COMPRESSED   0x00000020   Data   RW         5955    .data               heap_4.o
    0x20000088   COMPRESSED   0x0000000c   Data   RW         6023    .data               port.o
    0x20000094   COMPRESSED   0x00000008   Data   RW         6167    .data               bsp_delay.o
    0x2000009c   COMPRESSED   0x00000004   PAD
    0x200000a0   COMPRESSED   0x00000040   Data   RW         6214    .data               bsp_dwt.o
    0x200000e0   COMPRESSED   0x00000008   Data   RW         6285    .data               bsp_led.o
    0x200000e8   COMPRESSED   0x00000004   Data   RW         6329    .data               bsp_uart.o
    0x200000ec   COMPRESSED   0x00000008   Data   RW         6390    .data               bsp_rng.o
    0x200000f4   COMPRESSED   0x0000001c   Data   RW         6456    .data               led_task.o
    0x20000110   COMPRESSED   0x00000006   Data   RW         6491    .data               tf_task.o
    0x20000116   COMPRESSED   0x00000002   Data   RW         6823    .data               crc.o
    0x20000118   COMPRESSED   0x00000094   Data   RW         6968    .data               chassis_ctrl.o
    0x200001ac   COMPRESSED   0x00000009   Data   RW         7118    .data               can_rx.o
    0x200001b5   COMPRESSED   0x00000028   Data   RW         7167    .data               can_tx.o
    0x200001dd   COMPRESSED   0x00000003   PAD
    0x200001e0   COMPRESSED   0x0000002c   Data   RW         7256    .data               comm.o
    0x2000020c   COMPRESSED   0x00000048   Data   RW         7378    .data               bmi088driver.o
    0x20000254   COMPRESSED   0x00000004   Data   RW         7455    .data               bmi088middleware.o
    0x20000258   COMPRESSED   0x00000008   Data   RW         7567    .data               dtm.o
    0x20000260   COMPRESSED   0x00000002   Data   RW         7598    .data               omm.o
    0x20000262   COMPRESSED   0x00000002   PAD
    0x20000264   COMPRESSED   0x00000008   Data   RW         7667    .data               ulog.o
    0x2000026c   COMPRESSED   0x0000004e   Data   RW         7796    .data               usbd_desc.o
    0x200002ba   COMPRESSED   0x00000002   PAD
    0x200002bc   COMPRESSED   0x00000014   Data   RW         7876    .data               usbd_cdc_if.o
    0x200002d0   COMPRESSED   0x00000001   Data   RW         8310    .data               usbd_ctlreq.o
    0x200002d1   COMPRESSED   0x00000003   PAD
    0x200002d4   COMPRESSED   0x0000008a   Data   RW         8473    .data               usbd_cdc.o
    0x2000035e   COMPRESSED   0x00000002   PAD
    0x20000360        -       0x00000254   Zero   RW          311    .bss                freertos.o
    0x200005b4        -       0x00000050   Zero   RW          385    .bss                can.o
    0x20000604        -       0x00000010   Zero   RW          457    .bss                rng.o
    0x20000614        -       0x00000118   Zero   RW          499    .bss                spi.o
    0x2000072c        -       0x00000090   Zero   RW          543    .bss                tim.o
    0x200007bc        -       0x000002b8   Zero   RW          597    .bss                usart.o
    0x20000a74        -       0x00000048   Zero   RW          821    .bss                stm32f4xx_hal_timebase_tim.o
    0x20000abc        -       0x000000f0   Zero   RW         5251    .bss                tasks.o
    0x20000bac        -       0x00003c00   Zero   RW         5954    .bss                heap_4.o
    0x200047ac        -       0x00000200   Zero   RW         6328    .bss                bsp_uart.o
    0x200049ac        -       0x00000010   Zero   RW         6389    .bss                bsp_rng.o
    0x200049bc        -       0x000000e4   Zero   RW         6490    .bss                tf_task.o
    0x20004aa0        -       0x000000b8   Zero   RW         6527    .bss                comm_task.o
    0x20004b58        -       0x00000474   Zero   RW         6966    .bss                chassis_ctrl.o
    0x20004fcc        -       0x0000003c   Zero   RW         7117    .bss                can_rx.o
    0x20005008        -       0x00000078   Zero   RW         7166    .bss                can_tx.o
    0x20005080        -       0x00000048   Zero   RW         7255    .bss                comm.o
    0x200050c8        -       0x00000040   Zero   RW         7377    .bss                bmi088driver.o
    0x20005108        -       0x00000030   Zero   RW         7510    .bss                dbus.o
    0x20005138        -       0x00000118   Zero   RW         7565    .bss                dtm.o
    0x20005250        -       0x00000048   Zero   RW         7597    .bss                omm.o
    0x20005298        -       0x000033cc   Zero   RW         7666    .bss                ulog.o
    0x20008664        -       0x000002dc   Zero   RW         7739    .bss                usb_device.o
    0x20008940        -       0x00000200   Zero   RW         7795    .bss                usbd_desc.o
    0x20008b40        -       0x00001000   Zero   RW         7875    .bss                usbd_cdc_if.o
    0x20009b40        -       0x00000704   Zero   RW         7957    .bss                usbd_conf.o
    0x2000a244        -       0x00000060   Zero   RW         8968    .bss                c_w.l(libspace.o)
    0x2000a2a4   COMPRESSED   0x00000004   PAD
    0x2000a2a8        -       0x00004000   Zero   RW            2    HEAP                startup_stm32f407xx.o
    0x2000e2a8        -       0x00004000   Zero   RW            1    STACK               startup_stm32f407xx.o


    Execution Region RW_IRAM2 (Exec base: 0x2001c000, Load base: 0x0800f8bc, Size: 0x00000000, Max: 0x00004000, ABSOLUTE)

    **** No section assigned to this execution region ****


==============================================================================

Image component sizes


      Code (inc. data)   RO Data    RW Data    ZI Data      Debug   Object Name

         0          0          0          0          0       1256   adrc.o
      2882        174          0         72         64       9805   bmi088driver.o
       116         30          0          4          0       3052   bmi088middleware.o
         0          0          0          0          0       2236   bsp_buzzer.o
       132          8          0          0          0        610   bsp_can.o
        48         16          0          8          0        613   bsp_delay.o
       556        112          0         64          0       4155   bsp_dwt.o
       214         28          0          8          0       1665   bsp_led.o
       136         28          0          8         16       2841   bsp_rng.o
       986         84          0          4        512       5690   bsp_uart.o
       488         44          0          4         80       2378   can.o
       468         38          0          9         60       2519   can_rx.o
       176         26          0         40        120       2447   can_tx.o
      2600        304         16        148       1140       9903   chassis_ctrl.o
        30          0          0          0          0       1186   chassis_task.o
       142          0          0          0          0      22763   cmsis_os.o
       870         66          0         44         72       9750   comm.o
        76         10          0          0        184        575   comm_task.o
       282         16        772          2          0       4685   crc.o
       454         22          0          0         48       6065   dbus.o
       184          6          0          0          0        830   dma.o
       148          4         72          8        280       4207   dtm.o
         0          0          0          0          0      19632   event_groups.o
       220         40        237         24        596       3491   freertos.o
       300         18          0          0          0       1063   gpio.o
       724         74          0         32      15360       7331   heap_4.o
       516         22         54         28          0       2539   led_task.o
       148          0          0          0          0       3490   list.o
       318         20          0          0          0     759356   main.o
       128         20          0          2         72       1532   omm.o
      1076         10          0          0          0       3494   pid.o
      1014         92          0         12          0      11889   port.o
      1230         18          0          0          0       5485   power_ctrl.o
       388         24          0          0          0       2782   power_ctrl_param_get.o
      2162         20          0          0          0      18469   queue.o
       830         14          0          0          0       5728   rls.o
       104         20          0          0         16       1475   rng.o
       416         38          0          0        280       1883   spi.o
        64         26        392          0      32768        832   startup_stm32f407xx.o
       136         24          0          9          0       8646   stm32f4xx_hal.o
      2144          4          0          0          0      14151   stm32f4xx_hal_can.o
       260         22          0          0          0      33486   stm32f4xx_hal_cortex.o
      1538         16          8          0          0       7802   stm32f4xx_hal_dma.o
       512         46          0          0          0       2072   stm32f4xx_hal_gpio.o
        84          6          0          0          0        838   stm32f4xx_hal_msp.o
      3562         16          0          0          0      13612   stm32f4xx_hal_pcd.o
        90          0          0          0          0       2389   stm32f4xx_hal_pcd_ex.o
      1888         94          0          0          0       6197   stm32f4xx_hal_rcc.o
       332          0          0          0          0       4553   stm32f4xx_hal_rng.o
      1136         12          0          0          0       4593   stm32f4xx_hal_spi.o
      2514        172          0          0          0      17013   stm32f4xx_hal_tim.o
       184         30          0          0          0       2481   stm32f4xx_hal_tim_ex.o
       180         20          0          0         72       1436   stm32f4xx_hal_timebase_tim.o
      2670         26          0          0          0      14844   stm32f4xx_hal_uart.o
       274         88          0          0          0      10161   stm32f4xx_it.o
      3908         84          0          0          0      22496   stm32f4xx_ll_usb.o
         0          0          0          0          0        384   stream_buffer.o
        20          6         24          4          0       1091   system_stm32f4xx.o
      3276        376          0         60        240      28261   tasks.o
       600         68          0          6        228       3278   tf_task.o
       632         54          0          0        144       3193   tim.o
       472        106          0          8      13260       4231   ulog.o
      1012         94          0          0        696       3563   usart.o
        76         16          0          0        732       2555   usb_device.o
      1684         48          0        138          0      13271   usbd_cdc.o
       148         16          0         20       4096       3434   usbd_cdc_if.o
      1004         24          0          0       1796      17300   usbd_conf.o
      1372          0          0          0          0      16297   usbd_core.o
      2366         30          0          1          0      17676   usbd_ctlreq.o
       386        122          0         78        512       6765   usbd_desc.o
       182          0          0          0          0       4640   usbd_ioreq.o
       308         22          0          0          0       4699   user_lib.o

    ----------------------------------------------------------------------
     55650       3114       1612        864      73444    1247110   Object Totals
         0          0         32          0          0          0   (incl. Generated)
        74          0          5         19          0          0   (incl. Padding)

    ----------------------------------------------------------------------

      Code (inc. data)   RO Data    RW Data    ZI Data      Debug   Library Member Name

        56          6          0          0          0         88   __2snprintf.o
        90          0          0          0          0          0   __dczerorl2.o
         8          0          0          0          0         68   __main.o
       392          4         17          0          0         92   __printf_flags_ss_wp.o
        14          0          0          0          0         68   __printf_wp.o
         0          0          0          0          0          0   __rtentry.o
        12          0          0          0          0          0   __rtentry2.o
         6          0          0          0          0          0   __rtentry4.o
        52          8          0          0          0          0   __scatter.o
        28          0          0          0          0          0   __scatter_zi.o
        44          0          0          0          0        108   _printf_char.o
        48          6          0          0          0         96   _printf_char_common.o
         0          0          0          0          0          0   _printf_percent.o
         4          0          0          0          0          0   _printf_percent_end.o
         6          0          0          0          0          0   _printf_s.o
        82          0          0          0          0         80   _printf_str.o
        22          0          0          0          0        100   _rserrno.o
        16          0          0          0          0         68   _snputc.o
        10          0          0          0          0         68   _sputc.o
        16          0          0          0          0         68   aeabi_memset.o
        10          0          0          0          0         68   defsig_exit.o
        50          0          0          0          0         88   defsig_general.o
        80         58          0          0          0         76   defsig_rtmem_inner.o
        14          0          0          0          0         80   defsig_rtmem_outer.o
        18          0          0          0          0         80   exit.o
        94          0          0          0          0         80   h1_alloc.o
        52          0          0          0          0         68   h1_extend.o
        78          0          0          0          0         80   h1_free.o
        14          0          0          0          0         84   h1_init.o
         6          0          0          0          0        152   heapauxi.o
         4          0          0          0          0        136   hguard.o
         0          0          0          0          0          0   indicate_semi.o
       138          0          0          0          0        168   init_alloc.o
         2          0          0          0          0          0   libinit.o
        14          0          0          0          0          0   libinit2.o
         2          0          0          0          0          0   libshutdown.o
         2          0          0          0          0          0   libshutdown2.o
         8          4          0          0         96         68   libspace.o
       238          0          0          0          0        100   lludivv7m.o
         0          0          0          0          0          0   maybetermalloc1.o
         8          4          0          0          0         68   rt_errno_addr_intlibspace.o
         8          4          0          0          0         68   rt_heap_descriptor_intlibspace.o
        68          0          0          0          0         68   rt_memclr.o
        78          0          0          0          0         80   rt_memclr_w.o
       138          0          0          0          0         68   rt_memcpy_v6.o
       100          0          0          0          0         80   rt_memcpy_w.o
         2          0          0          0          0          0   rtexit.o
        10          0          0          0          0          0   rtexit2.o
        12          4          0          0          0         68   sys_exit.o
        74          0          0          0          0         80   sys_stackheap_outer.o
        14          0          0          0          0         76   sys_wrch.o
         2          0          0          0          0         68   use_no_semi.o
       804         16          0          0          0        368   daddsub_clz.o
       688        140          0          0          0        256   ddiv.o
        94          4          0          0          0        140   dfix.o
       156          4          0          0          0        140   dnaninf.o
        12          0          0          0          0        116   dretinf.o
        86          4          0          0          0        132   f2d.o
       140          4          0          0          0        132   fnaninf.o
        10          0          0          0          0        116   fpinit.o
         0          0          0          0          0          0   usenofp.o
       592         90          0          0          0        184   atan2f.o
       336         56          0          0          0        136   cosf.o
        38          0          0          0          0        116   fpclassifyf.o
        44         12          0          0          0        464   funder.o
       340         24         32          0          0        160   rredf.o
       400         56          0          0          0        212   sinf.o
        58          0          0          0          0        136   sqrtf.o

    ----------------------------------------------------------------------
      6062        508         52          0        100       5764   Library Totals
        20          0          3          0          4          0   (incl. Padding)

    ----------------------------------------------------------------------

      Code (inc. data)   RO Data    RW Data    ZI Data      Debug   Library Name

      2244         98         17          0         96       2956   c_w.l
      1990        172          0          0          0       1400   fz_wm.l
      1808        238         32          0          0       1408   m_wm.l

    ----------------------------------------------------------------------
      6062        508         52          0        100       5764   Library Totals

    ----------------------------------------------------------------------

==============================================================================


      Code (inc. data)   RO Data    RW Data    ZI Data      Debug   

     61712       3622       1664        864      73544    1204410   Grand Totals
     61712       3622       1664        300      73544    1204410   ELF Image Totals (compressed)
     61712       3622       1664        300          0          0   ROM Totals

==============================================================================

    Total RO  Size (Code + RO Data)                63376 (  61.89kB)
    Total RW  Size (RW Data + ZI Data)             74408 (  72.66kB)
    Total ROM Size (Code + RO Data + RW Data)      63676 (  62.18kB)

==============================================================================

