<html>
<body>
<pre>
<h1>µVision Build Log</h1>
<h2>Tool Versions:</h2>
IDE-Version: ¦ÌVision V5.29.0.0
Copyright (C) 2019 ARM Ltd and ARM Germany GmbH. All rights reserved.
License Information: LinYuheng dazhexue, BUPT, LIC=9N0AE-59F4X-VJK6J-UMNC4-6FJ8A-4EIDV
 
Tool Versions:
Toolchain:       MDK-ARM Professional  Version: 5.29.0.0
Toolchain Path:  D:\keil5\ARM\ARMCC\Bin
C Compiler:      Armcc.exe V5.06 update 6 (build 750)
Assembler:       Armasm.exe V5.06 update 6 (build 750)
Linker/Locator:  ArmLink.exe V5.06 update 6 (build 750)
Library Manager: ArmAr.exe V5.06 update 6 (build 750)
Hex Converter:   FromElf.exe V5.06 update 6 (build 750)
CPU DLL:         SARMCM3.DLL V5.29.0.0
Dialog DLL:      DCM.DLL V1.17.3.0
Target DLL:      CMSIS_AGDI.dll V1.32.0.0
Dialog DLL:      TCM.DLL V1.36.5.0
 
<h2>Project:</h2>
E:\Download\RM\new_chassis\MDK-ARM\new_chassis.uvprojx
Project File Date:  01/15/2026

<h2>Output:</h2>
*** Using Compiler 'V5.06 update 6 (build 750)', folder: 'D:\keil5\ARM\ARMCC\Bin'
Rebuild target 'new_chassis'
assembling startup_stm32f407xx.s...
compiling stm32f4xx_hal_msp.c...
compiling gpio.c...
compiling usart.c...
compiling stm32f4xx_it.c...
compiling stm32f4xx_hal_timebase_tim.c...
compiling tim.c...
compiling spi.c...
compiling can.c...
compiling stm32f4xx_hal_tim.c...
compiling dma.c...
compiling stm32f4xx_hal_rcc.c...
compiling stm32f4xx_hal_can.c...
compiling freertos.c...
compiling main.c...
compiling stm32f4xx_hal_tim_ex.c...
compiling stm32f4xx_hal_flash.c...
compiling stm32f4xx_hal_pwr_ex.c...
compiling croutine.c...
compiling event_groups.c...
compiling list.c...
compiling queue.c...
compiling stm32f4xx_hal_exti.c...
compiling stream_buffer.c...
compiling stm32f4xx_hal_pwr.c...
compiling stm32f4xx_hal_rcc_ex.c...
compiling timers.c...
compiling heap_4.c...
compiling tasks.c...
compiling cmsis_os.c...
compiling stm32f4xx_hal_flash_ex.c...
compiling port.c...
compiling stm32f4xx_hal.c...
compiling stm32f4xx_hal_flash_ramfunc.c...
compiling stm32f4xx_hal_dma.c...
compiling stm32f4xx_hal_gpio.c...
compiling data_transfer.c...
compiling chassis_task.c...
compiling led_task.c...
compiling stm32f4xx_hal_cortex.c...
compiling stm32f4xx_hal_dma_ex.c...
compiling stm32f4xx_hal_uart.c...
compiling crc.c...
compiling stm32f4xx_hal_spi.c...
compiling bsp_dwt.c...
compiling bsp_delay.c...
compiling system_stm32f4xx.c...
compiling pid.c...
compiling bsp_buzzer.c...
compiling transfer_function.c...
compiling comm_task.c...
..\task\comm_task.c(54): warning:  #177-D: variable "send_data"  was declared but never referenced
  	static uint8_t send_data[10] = {0};
..\task\comm_task.c: 1 warning, 0 errors
compiling bsp_uart.c...
..\bsp\bsp_uart.c(11): warning:  #550-D: variable "decode_error"  was set but never used
  static uint8_t decode_error = 0;
..\bsp\bsp_uart.c: 1 warning, 0 errors
compiling bsp_can.c...
compiling adrc.c...
compiling bsp_led.c...
compiling user_lib.c...
compiling TF_task.c...
compiling CAN_tx.c...
compiling chassis_ctrl.c...
compiling motor_ctrl.c...
compiling BMI088Middleware.c...
compiling CAN_rx.c...
compiling Online_Monitor.c...
compiling DBUS.c...
compiling BMI088driver.c...
compiling COMM_rec.c...
linking...
Program Size: Code=40352 RO-data=1876 RW-data=508 ZI-data=35140  
FromELF: creating hex file...
"new_chassis\new_chassis.axf" - 0 Error(s), 2 Warning(s).

<h2>Software Packages used:</h2>

Package Vendor: ARM
                http://www.keil.com/pack/ARM.CMSIS.5.6.0.pack
                ARM.CMSIS.5.6.0
                CMSIS (Cortex Microcontroller Software Interface Standard)
   * Component: CORE Version: 5.3.0
   * Component: DSP Variant: Library Version: 1.7.0

Package Vendor: Keil
                http://www.keil.com/pack/Keil.STM32F4xx_DFP.2.15.0.pack
                Keil.STM32F4xx_DFP.2.15.0
                STMicroelectronics STM32F4 Series Device Support, Drivers and Examples

<h2>Collection of Component include folders:</h2>
  .\RTE\_new_chassis
  E:\keil\ARM\CMSIS\5.6.0\CMSIS\Core\Include
  E:\keil\ARM\CMSIS\5.6.0\CMSIS\DSP\Include
  E:\keil\Keil\STM32F4xx_DFP\2.15.0\Drivers\CMSIS\Device\ST\STM32F4xx\Include

<h2>Collection of Component Files used:</h2>

   * Component: ARM::CMSIS:CORE:5.3.0

   * Component: ARM::CMSIS:DSP:Library:1.7.0
      Include file:  CMSIS\DSP\Include\arm_math.h
      Library file:  CMSIS\DSP\Lib\ARM\arm_cortexM4lf_math.lib
Build Time Elapsed:  00:00:21
</pre>
</body>
</html>
