Component: ARM Compiler 5.06 update 6 (build 750) Tool: armlink [4d35ed]

==============================================================================

Section Cross References

    startup_stm32f407xx.o(STACK) refers (Special) to heapauxi.o(.text) for __use_two_region_memory
    startup_stm32f407xx.o(HEAP) refers (Special) to heapauxi.o(.text) for __use_two_region_memory
    startup_stm32f407xx.o(RESET) refers (Special) to heapauxi.o(.text) for __use_two_region_memory
    startup_stm32f407xx.o(RESET) refers to startup_stm32f407xx.o(STACK) for __initial_sp
    startup_stm32f407xx.o(RESET) refers to startup_stm32f407xx.o(.text) for Reset_Handler
    startup_stm32f407xx.o(RESET) refers to stm32f4xx_it.o(i.NMI_Handler) for NMI_Handler
    startup_stm32f407xx.o(RESET) refers to stm32f4xx_it.o(i.HardFault_Handler) for HardFault_Handler
    startup_stm32f407xx.o(RESET) refers to stm32f4xx_it.o(i.MemManage_Handler) for MemManage_Handler
    startup_stm32f407xx.o(RESET) refers to stm32f4xx_it.o(i.BusFault_Handler) for BusFault_Handler
    startup_stm32f407xx.o(RESET) refers to stm32f4xx_it.o(i.UsageFault_Handler) for UsageFault_Handler
    startup_stm32f407xx.o(RESET) refers to port.o(.emb_text) for SVC_Handler
    startup_stm32f407xx.o(RESET) refers to stm32f4xx_it.o(i.DebugMon_Handler) for DebugMon_Handler
    startup_stm32f407xx.o(RESET) refers to port.o(i.SysTick_Handler) for SysTick_Handler
    startup_stm32f407xx.o(RESET) refers to stm32f4xx_it.o(i.DMA1_Stream1_IRQHandler) for DMA1_Stream1_IRQHandler
    startup_stm32f407xx.o(RESET) refers to stm32f4xx_it.o(i.CAN1_RX0_IRQHandler) for CAN1_RX0_IRQHandler
    startup_stm32f407xx.o(RESET) refers to stm32f4xx_it.o(i.USART1_IRQHandler) for USART1_IRQHandler
    startup_stm32f407xx.o(RESET) refers to stm32f4xx_it.o(i.USART3_IRQHandler) for USART3_IRQHandler
    startup_stm32f407xx.o(RESET) refers to stm32f4xx_it.o(i.TIM8_TRG_COM_TIM14_IRQHandler) for TIM8_TRG_COM_TIM14_IRQHandler
    startup_stm32f407xx.o(RESET) refers to stm32f4xx_it.o(i.DMA2_Stream1_IRQHandler) for DMA2_Stream1_IRQHandler
    startup_stm32f407xx.o(RESET) refers to stm32f4xx_it.o(i.DMA2_Stream2_IRQHandler) for DMA2_Stream2_IRQHandler
    startup_stm32f407xx.o(RESET) refers to stm32f4xx_it.o(i.DMA2_Stream3_IRQHandler) for DMA2_Stream3_IRQHandler
    startup_stm32f407xx.o(RESET) refers to stm32f4xx_it.o(i.CAN2_RX0_IRQHandler) for CAN2_RX0_IRQHandler
    startup_stm32f407xx.o(RESET) refers to stm32f4xx_it.o(i.DMA2_Stream5_IRQHandler) for DMA2_Stream5_IRQHandler
    startup_stm32f407xx.o(RESET) refers to stm32f4xx_it.o(i.DMA2_Stream6_IRQHandler) for DMA2_Stream6_IRQHandler
    startup_stm32f407xx.o(RESET) refers to stm32f4xx_it.o(i.DMA2_Stream7_IRQHandler) for DMA2_Stream7_IRQHandler
    startup_stm32f407xx.o(RESET) refers to stm32f4xx_it.o(i.USART6_IRQHandler) for USART6_IRQHandler
    startup_stm32f407xx.o(.text) refers (Special) to heapauxi.o(.text) for __use_two_region_memory
    startup_stm32f407xx.o(.text) refers to system_stm32f4xx.o(i.SystemInit) for SystemInit
    startup_stm32f407xx.o(.text) refers to __main.o(!!!main) for __main
    startup_stm32f407xx.o(.text) refers to startup_stm32f407xx.o(HEAP) for Heap_Mem
    startup_stm32f407xx.o(.text) refers to startup_stm32f407xx.o(STACK) for Stack_Mem
    main.o(i.HAL_TIM_PeriodElapsedCallback) refers to stm32f4xx_hal.o(i.HAL_IncTick) for HAL_IncTick
    main.o(i.SystemClock_Config) refers to rt_memclr_w.o(.text) for __aeabi_memclr4
    main.o(i.SystemClock_Config) refers to stm32f4xx_hal_rcc.o(i.HAL_RCC_OscConfig) for HAL_RCC_OscConfig
    main.o(i.SystemClock_Config) refers to main.o(i.Error_Handler) for Error_Handler
    main.o(i.SystemClock_Config) refers to stm32f4xx_hal_rcc.o(i.HAL_RCC_ClockConfig) for HAL_RCC_ClockConfig
    main.o(i.main) refers to stm32f4xx_hal.o(i.HAL_Init) for HAL_Init
    main.o(i.main) refers to main.o(i.SystemClock_Config) for SystemClock_Config
    main.o(i.main) refers to gpio.o(i.MX_GPIO_Init) for MX_GPIO_Init
    main.o(i.main) refers to dma.o(i.MX_DMA_Init) for MX_DMA_Init
    main.o(i.main) refers to can.o(i.MX_CAN1_Init) for MX_CAN1_Init
    main.o(i.main) refers to can.o(i.MX_CAN2_Init) for MX_CAN2_Init
    main.o(i.main) refers to usart.o(i.MX_USART1_UART_Init) for MX_USART1_UART_Init
    main.o(i.main) refers to usart.o(i.MX_USART3_UART_Init) for MX_USART3_UART_Init
    main.o(i.main) refers to usart.o(i.MX_USART6_UART_Init) for MX_USART6_UART_Init
    main.o(i.main) refers to tim.o(i.MX_TIM4_Init) for MX_TIM4_Init
    main.o(i.main) refers to tim.o(i.MX_TIM5_Init) for MX_TIM5_Init
    main.o(i.main) refers to spi.o(i.MX_SPI1_Init) for MX_SPI1_Init
    main.o(i.main) refers to bsp_dwt.o(i.DWT_Init) for DWT_Init
    main.o(i.main) refers to bmi088driver.o(i.BMI088_init) for BMI088_init
    main.o(i.main) refers to bsp_uart.o(i.uart1_init) for uart1_init
    main.o(i.main) refers to dbus.o(i.dbus_uart_init) for dbus_uart_init
[...]
    CAN2_RX0_IRQHandler                      0x080009e5   Thumb Code    10  stm32f4xx_it.o(i.CAN2_RX0_IRQHandler)
    CAN_9025_MeasureProcess                  0x080009f5   Thumb Code   112  can_rx.o(i.CAN_9025_MeasureProcess)
    CAN_CBoard_CMD                           0x08000a65   Thumb Code    70  can_tx.o(i.CAN_CBoard_CMD)
    CAN_Control3508Current                   0x08000ab9   Thumb Code    68  can_tx.o(i.CAN_Control3508Current)
    CAN_Control9025Speed                     0x08000b09   Thumb Code    82  can_tx.o(i.CAN_Control9025Speed)
    CAN_Receive_Init                         0x08000b69   Thumb Code    42  can_rx.o(i.CAN_Receive_Init)
    ChassisTask                              0x080010e1   Thumb Code    54  chassis_task.o(i.ChassisTask)
    DMA1_Stream1_IRQHandler                  0x08001119   Thumb Code    10  stm32f4xx_it.o(i.DMA1_Stream1_IRQHandler)
    DMA2_Stream1_IRQHandler                  0x08001129   Thumb Code    10  stm32f4xx_it.o(i.DMA2_Stream1_IRQHandler)
    DMA2_Stream2_IRQHandler                  0x08001139   Thumb Code    10  stm32f4xx_it.o(i.DMA2_Stream2_IRQHandler)
    DMA2_Stream3_IRQHandler                  0x08001149   Thumb Code    10  stm32f4xx_it.o(i.DMA2_Stream3_IRQHandler)
    DMA2_Stream5_IRQHandler                  0x08001159   Thumb Code    10  stm32f4xx_it.o(i.DMA2_Stream5_IRQHandler)
    DMA2_Stream6_IRQHandler                  0x08001169   Thumb Code    10  stm32f4xx_it.o(i.DMA2_Stream6_IRQHandler)
    DMA2_Stream7_IRQHandler                  0x08001179   Thumb Code    10  stm32f4xx_it.o(i.DMA2_Stream7_IRQHandler)
    DWT_Delay                                0x080012c5   Thumb Code    50  bsp_dwt.o(i.DWT_Delay)
    DWT_GetTimeline_s                        0x08001301   Thumb Code    72  bsp_dwt.o(i.DWT_GetTimeline_s)
    DWT_Init                                 0x08001355   Thumb Code    74  bsp_dwt.o(i.DWT_Init)
    DWT_SysTimeUpdate                        0x080013bd   Thumb Code   168  bsp_dwt.o(i.DWT_SysTimeUpdate)
    DebugMon_Handler                         0x0800148d   Thumb Code     2  stm32f4xx_it.o(i.DebugMon_Handler)
    Error_Handler                            0x0800148f   Thumb Code     6  main.o(i.Error_Handler)
    Get_CRC16_Check_Sum                      0x08001495   Thumb Code    46  crc.o(i.Get_CRC16_Check_Sum)
    Get_CRC8_Check_Sum                       0x080014c9   Thumb Code    30  crc.o(i.Get_CRC8_Check_Sum)
    HAL_CAN_ActivateNotification             0x080014ed   Thumb Code    42  stm32f4xx_hal_can.o(i.HAL_CAN_ActivateNotification)
    HAL_CAN_AddTxMessage                     0x08001517   Thumb Code   330  stm32f4xx_hal_can.o(i.HAL_CAN_AddTxMessage)
    HAL_CAN_ConfigFilter                     0x08001661   Thumb Code   284  stm32f4xx_hal_can.o(i.HAL_CAN_ConfigFilter)
    HAL_CAN_ErrorCallback                    0x08001781   Thumb Code     2  stm32f4xx_hal_can.o(i.HAL_CAN_ErrorCallback)
    HAL_CAN_GetRxMessage                     0x08001783   Thumb Code   404  stm32f4xx_hal_can.o(i.HAL_CAN_GetRxMessage)
    HAL_CAN_IRQHandler                       0x08001917   Thumb Code   590  stm32f4xx_hal_can.o(i.HAL_CAN_IRQHandler)
    HAL_CAN_Init                             0x08001b65   Thumb Code   372  stm32f4xx_hal_can.o(i.HAL_CAN_Init)
    HAL_CAN_MspInit                          0x08001cd9   Thumb Code   328  can.o(i.HAL_CAN_MspInit)
    HAL_CAN_RxFifo0FullCallback              0x08001e39   Thumb Code     2  stm32f4xx_hal_can.o(i.HAL_CAN_RxFifo0FullCallback)
    HAL_CAN_RxFifo0MsgPendingCallback        0x08001e3d   Thumb Code   204  can_rx.o(i.HAL_CAN_RxFifo0MsgPendingCallback)
    HAL_CAN_RxFifo1FullCallback              0x08001f25   Thumb Code     2  stm32f4xx_hal_can.o(i.HAL_CAN_RxFifo1FullCallback)
    HAL_CAN_RxFifo1MsgPendingCallback        0x08001f27   Thumb Code     2  stm32f4xx_hal_can.o(i.HAL_CAN_RxFifo1MsgPendingCallback)
    HAL_CAN_SleepCallback                    0x08001f29   Thumb Code     2  stm32f4xx_hal_can.o(i.HAL_CAN_SleepCallback)
    HAL_CAN_Start                            0x08001f2b   Thumb Code    94  stm32f4xx_hal_can.o(i.HAL_CAN_Start)
    HAL_CAN_TxMailbox0AbortCallback          0x08001f89   Thumb Code     2  stm32f4xx_hal_can.o(i.HAL_CAN_TxMailbox0AbortCallback)
    HAL_CAN_TxMailbox0CompleteCallback       0x08001f8b   Thumb Code     2  stm32f4xx_hal_can.o(i.HAL_CAN_TxMailbox0CompleteCallback)
    HAL_CAN_TxMailbox1AbortCallback          0x08001f8d   Thumb Code     2  stm32f4xx_hal_can.o(i.HAL_CAN_TxMailbox1AbortCallback)
    HAL_CAN_TxMailbox1CompleteCallback       0x08001f8f   Thumb Code     2  stm32f4xx_hal_can.o(i.HAL_CAN_TxMailbox1CompleteCallback)
    HAL_CAN_TxMailbox2AbortCallback          0x08001f91   Thumb Code     2  stm32f4xx_hal_can.o(i.HAL_CAN_TxMailbox2AbortCallback)
    HAL_CAN_TxMailbox2CompleteCallback       0x08001f93   Thumb Code     2  stm32f4xx_hal_can.o(i.HAL_CAN_TxMailbox2CompleteCallback)
    HAL_CAN_WakeUpFromRxMsgCallback          0x08001f95   Thumb Code     2  stm32f4xx_hal_can.o(i.HAL_CAN_WakeUpFromRxMsgCallback)
    HAL_DMA_Abort                            0x08001f97   Thumb Code   172  stm32f4xx_hal_dma.o(i.HAL_DMA_Abort)
    HAL_DMA_Abort_IT                         0x08002043   Thumb Code    40  stm32f4xx_hal_dma.o(i.HAL_DMA_Abort_IT)
    HAL_DMA_IRQHandler                       0x0800206d   Thumb Code   570  stm32f4xx_hal_dma.o(i.HAL_DMA_IRQHandler)
    HAL_DMA_Init                             0x080022ad   Thumb Code   232  stm32f4xx_hal_dma.o(i.HAL_DMA_Init)
    HAL_DMA_Start                            0x08002399   Thumb Code   102  stm32f4xx_hal_dma.o(i.HAL_DMA_Start)
    HAL_DMA_Start_IT                         0x080023ff   Thumb Code   146  stm32f4xx_hal_dma.o(i.HAL_DMA_Start_IT)
    HAL_Delay                                0x08002491   Thumb Code    36  stm32f4xx_hal.o(i.HAL_Delay)
    HAL_GPIO_Init                            0x080024b9   Thumb Code   454  stm32f4xx_hal_gpio.o(i.HAL_GPIO_Init)
    HAL_GPIO_WritePin                        0x080026ad   Thumb Code    12  stm32f4xx_hal_gpio.o(i.HAL_GPIO_WritePin)
    HAL_GetTick                              0x080026b9   Thumb Code     6  stm32f4xx_hal.o(i.HAL_GetTick)
    HAL_IncTick                              0x080026c5   Thumb Code    16  stm32f4xx_hal.o(i.HAL_IncTick)
    HAL_Init                                 0x080026dd   Thumb Code    54  stm32f4xx_hal.o(i.HAL_Init)
    HAL_InitTick                             0x08002719   Thumb Code   160  stm32f4xx_hal_timebase_tim.o(i.HAL_InitTick)
    HAL_MspInit                              0x080027cd   Thumb Code    78  stm32f4xx_hal_msp.o(i.HAL_MspInit)
    HAL_NVIC_EnableIRQ                       0x08002821   Thumb Code    40  stm32f4xx_hal_cortex.o(i.HAL_NVIC_EnableIRQ)
    HAL_NVIC_SetPriority                     0x08002849   Thumb Code   124  stm32f4xx_hal_cortex.o(i.HAL_NVIC_SetPriority)
    HAL_NVIC_SetPriorityGrouping             0x080028c5   Thumb Code    32  stm32f4xx_hal_cortex.o(i.HAL_NVIC_SetPriorityGrouping)
    HAL_RCC_ClockConfig                      0x080028ed   Thumb Code   368  stm32f4xx_hal_rcc.o(i.HAL_RCC_ClockConfig)
    HAL_RCC_GetClockConfig                   0x08002a71   Thumb Code    58  stm32f4xx_hal_rcc.o(i.HAL_RCC_GetClockConfig)
    HAL_RCC_GetHCLKFreq                      0x08002ab5   Thumb Code     6  stm32f4xx_hal_rcc.o(i.HAL_RCC_GetHCLKFreq)
    HAL_RCC_GetPCLK1Freq                     0x08002ac1   Thumb Code    22  stm32f4xx_hal_rcc.o(i.HAL_RCC_GetPCLK1Freq)
    HAL_RCC_GetPCLK2Freq                     0x08002ae1   Thumb Code    22  stm32f4xx_hal_rcc.o(i.HAL_RCC_GetPCLK2Freq)
    HAL_RCC_GetSysClockFreq                  0x08002b01   Thumb Code   162  stm32f4xx_hal_rcc.o(i.HAL_RCC_GetSysClockFreq)
    HAL_RCC_OscConfig                        0x08002bb1   Thumb Code  1172  stm32f4xx_hal_rcc.o(i.HAL_RCC_OscConfig)
    HAL_SPI_Init                             0x0800304d   Thumb Code   200  stm32f4xx_hal_spi.o(i.HAL_SPI_Init)
    HAL_SPI_MspInit                          0x08003115   Thumb Code   316  spi.o(i.HAL_SPI_MspInit)
    HAL_SPI_TransmitReceive                  0x0800326d   Thumb Code   584  stm32f4xx_hal_spi.o(i.HAL_SPI_TransmitReceive)
    HAL_TIMEx_BreakCallback                  0x080034b5   Thumb Code     2  stm32f4xx_hal_tim_ex.o(i.HAL_TIMEx_BreakCallback)
    HAL_TIMEx_CommutCallback                 0x080034b7   Thumb Code     2  stm32f4xx_hal_tim_ex.o(i.HAL_TIMEx_CommutCallback)
    HAL_TIMEx_MasterConfigSynchronization    0x080034b9   Thumb Code   150  stm32f4xx_hal_tim_ex.o(i.HAL_TIMEx_MasterConfigSynchronization)
    HAL_TIM_Base_Init                        0x0800356d   Thumb Code   102  stm32f4xx_hal_tim.o(i.HAL_TIM_Base_Init)
    HAL_TIM_Base_MspInit                     0x080035d5   Thumb Code    84  tim.o(i.HAL_TIM_Base_MspInit)
    HAL_TIM_Base_Start                       0x08003635   Thumb Code   126  stm32f4xx_hal_tim.o(i.HAL_TIM_Base_Start)
    HAL_TIM_Base_Start_IT                    0x080036d1   Thumb Code   138  stm32f4xx_hal_tim.o(i.HAL_TIM_Base_Start_IT)
    HAL_TIM_ConfigClockSource                0x08003779   Thumb Code   268  stm32f4xx_hal_tim.o(i.HAL_TIM_ConfigClockSource)
    HAL_TIM_IC_CaptureCallback               0x08003885   Thumb Code     2  stm32f4xx_hal_tim.o(i.HAL_TIM_IC_CaptureCallback)
    HAL_TIM_IRQHandler                       0x08003887   Thumb Code   364  stm32f4xx_hal_tim.o(i.HAL_TIM_IRQHandler)
    HAL_TIM_MspPostInit                      0x080039f5   Thumb Code   154  tim.o(i.HAL_TIM_MspPostInit)
    HAL_TIM_OC_DelayElapsedCallback          0x08003aa5   Thumb Code     2  stm32f4xx_hal_tim.o(i.HAL_TIM_OC_DelayElapsedCallback)
    HAL_TIM_PWM_ConfigChannel                0x08003aa7   Thumb Code   260  stm32f4xx_hal_tim.o(i.HAL_TIM_PWM_ConfigChannel)
    HAL_TIM_PWM_Init                         0x08003bab   Thumb Code   102  stm32f4xx_hal_tim.o(i.HAL_TIM_PWM_Init)
    HAL_TIM_PWM_MspInit                      0x08003c11   Thumb Code     2  stm32f4xx_hal_tim.o(i.HAL_TIM_PWM_MspInit)
    HAL_TIM_PWM_PulseFinishedCallback        0x08003c13   Thumb Code     2  stm32f4xx_hal_tim.o(i.HAL_TIM_PWM_PulseFinishedCallback)
    HAL_TIM_PWM_Start                        0x08003c15   Thumb Code   238  stm32f4xx_hal_tim.o(i.HAL_TIM_PWM_Start)
    HAL_TIM_PeriodElapsedCallback            0x08003d21   Thumb Code    18  main.o(i.HAL_TIM_PeriodElapsedCallback)
    HAL_TIM_TriggerCallback                  0x08003d39   Thumb Code     2  stm32f4xx_hal_tim.o(i.HAL_TIM_TriggerCallback)
    HAL_UARTEx_ReceiveToIdle_DMA             0x08003d3b   Thumb Code   112  stm32f4xx_hal_uart.o(i.HAL_UARTEx_ReceiveToIdle_DMA)
    HAL_UARTEx_RxEventCallback               0x08003dad   Thumb Code    86  bsp_uart.o(i.HAL_UARTEx_RxEventCallback)
    HAL_UART_ErrorCallback                   0x08003e1d   Thumb Code     2  stm32f4xx_hal_uart.o(i.HAL_UART_ErrorCallback)
    HAL_UART_IRQHandler                      0x08003e21   Thumb Code   772  stm32f4xx_hal_uart.o(i.HAL_UART_IRQHandler)
    HAL_UART_Init                            0x08004129   Thumb Code   118  stm32f4xx_hal_uart.o(i.HAL_UART_Init)
    HAL_UART_MspInit                         0x080041a1   Thumb Code   760  usart.o(i.HAL_UART_MspInit)
    HAL_UART_RxCpltCallback                  0x080044d5   Thumb Code     2  stm32f4xx_hal_uart.o(i.HAL_UART_RxCpltCallback)
    HAL_UART_RxHalfCpltCallback              0x080044d7   Thumb Code     2  stm32f4xx_hal_uart.o(i.HAL_UART_RxHalfCpltCallback)
    HAL_UART_TxCpltCallback                  0x080044d9   Thumb Code     2  stm32f4xx_hal_uart.o(i.HAL_UART_TxCpltCallback)
    HardFault_Handler                        0x080044db   Thumb Code     4  stm32f4xx_it.o(i.HardFault_Handler)
    LedTask                                  0x080044e1   Thumb Code   430  led_task.o(i.LedTask)
    MX_CAN1_Init                             0x08004699   Thumb Code    58  can.o(i.MX_CAN1_Init)
    MX_CAN2_Init                             0x080046dd   Thumb Code    58  can.o(i.MX_CAN2_Init)
    MX_DMA_Init                              0x08004721   Thumb Code   178  dma.o(i.MX_DMA_Init)
    MX_FREERTOS_Init                         0x080047d9   Thumb Code   126  freertos.o(i.MX_FREERTOS_Init)
    MX_GPIO_Init                             0x08004871   Thumb Code   282  gpio.o(i.MX_GPIO_Init)
    MX_SPI1_Init                             0x0800499d   Thumb Code    62  spi.o(i.MX_SPI1_Init)
    MX_TIM4_Init                             0x080049e5   Thumb Code   154  tim.o(i.MX_TIM4_Init)
    MX_TIM5_Init                             0x08004a89   Thumb Code   186  tim.o(i.MX_TIM5_Init)
    MX_USART1_UART_Init                      0x08004b4d   Thumb Code    46  usart.o(i.MX_USART1_UART_Init)
    MX_USART3_UART_Init                      0x08004b85   Thumb Code    44  usart.o(i.MX_USART3_UART_Init)
    MX_USART6_UART_Init                      0x08004bbd   Thumb Code    46  usart.o(i.MX_USART6_UART_Init)
    MemManage_Handler                        0x08004bf5   Thumb Code     4  stm32f4xx_it.o(i.MemManage_Handler)
    NMI_Handler                              0x08004bf9   Thumb Code     4  stm32f4xx_it.o(i.NMI_Handler)
    Online_Monitors                          0x08004bfd   Thumb Code    62  online_monitor.o(i.Online_Monitors)
    PID_calc                                 0x08004c3d   Thumb Code   934  pid.o(i.PID_calc)
    PID_init                                 0x08004fe9   Thumb Code   116  pid.o(i.PID_init)
    PID_multi_Kp_init                        0x08005061   Thumb Code    16  pid.o(i.PID_multi_Kp_init)
    RemoteDataProcess                        0x08005071   Thumb Code   204  dbus.o(i.RemoteDataProcess)
    StartDefaultTask                         0x080052a1   Thumb Code    10  freertos.o(i.StartDefaultTask)
    SysTick_Handler                          0x080052ad   Thumb Code    46  port.o(i.SysTick_Handler)
    SystemClock_Config                       0x080052e1   Thumb Code   170  main.o(i.SystemClock_Config)
    SystemInit                               0x08005395   Thumb Code    14  system_stm32f4xx.o(i.SystemInit)
    TF_Task                                  0x080053a9   Thumb Code   370  tf_task.o(i.TF_Task)
    TF_Update                                0x0800552d   Thumb Code   180  tf_task.o(i.TF_Update)
    TIM8_TRG_COM_TIM14_IRQHandler            0x080055f1   Thumb Code    10  stm32f4xx_it.o(i.TIM8_TRG_COM_TIM14_IRQHandler)
    TIM_Base_SetConfig                       0x08005601   Thumb Code   178  stm32f4xx_hal_tim.o(i.TIM_Base_SetConfig)
    TIM_CCxChannelCmd                        0x080056e1   Thumb Code    34  stm32f4xx_hal_tim.o(i.TIM_CCxChannelCmd)
    TIM_ETR_SetConfig                        0x08005703   Thumb Code    22  stm32f4xx_hal_tim.o(i.TIM_ETR_SetConfig)
    TIM_OC2_SetConfig                        0x0800579d   Thumb Code   114  stm32f4xx_hal_tim.o(i.TIM_OC2_SetConfig)
    UART_Start_Receive_DMA                   0x08005e49   Thumb Code   202  stm32f4xx_hal_uart.o(i.UART_Start_Receive_DMA)
    USART1_IRQHandler                        0x08005f81   Thumb Code    10  stm32f4xx_it.o(i.USART1_IRQHandler)
    USART3_IRQHandler                        0x08005f91   Thumb Code    16  stm32f4xx_it.o(i.USART3_IRQHandler)
    USART6_IRQHandler                        0x08005fa5   Thumb Code    10  stm32f4xx_it.o(i.USART6_IRQHandler)
    UsageFault_Handler                       0x08005fb5   Thumb Code     4  stm32f4xx_it.o(i.UsageFault_Handler)
    Verify_CRC16_Check_Sum                   0x08005fb9   Thumb Code    64  crc.o(i.Verify_CRC16_Check_Sum)
    Verify_CRC8_Check_Sum                    0x08005ffd   Thumb Code    46  crc.o(i.Verify_CRC8_Check_Sum)
    __ARM_fpclassify                         0x0800602b   Thumb Code    48  fpclassify.o(i.__ARM_fpclassify)
    __hardfp_atan                            0x08006099   Thumb Code   622  atan.o(i.__hardfp_atan)
    __hardfp_atan2                           0x08006371   Thumb Code   432  atan2.o(i.__hardfp_atan2)
    __hardfp_cos                             0x08006561   Thumb Code   180  cos.o(i.__hardfp_cos)
    __hardfp_sin                             0x08006629   Thumb Code   180  sin.o(i.__hardfp_sin)
    __hardfp_sqrt                            0x080066f1   Thumb Code   122  sqrt.o(i.__hardfp_sqrt)
    __hardfp_sqrtf                           0x0800676b   Thumb Code    58  sqrtf.o(i.__hardfp_sqrtf)
    __ieee754_rem_pio2                       0x080067a9   Thumb Code   938  rred.o(i.__ieee754_rem_pio2)
    __kernel_cos                             0x08006be1   Thumb Code   322  cos_i.o(i.__kernel_cos)
    __kernel_poly                            0x08006d51   Thumb Code   248  poly.o(i.__kernel_poly)
    __kernel_sin                             0x08006e49   Thumb Code   280  sin_i.o(i.__kernel_sin)
    __mathlib_dbl_infnan                     0x08006f79   Thumb Code    20  dunder.o(i.__mathlib_dbl_infnan)
    __mathlib_dbl_infnan2                    0x08006f8d   Thumb Code    20  dunder.o(i.__mathlib_dbl_infnan2)
    __mathlib_dbl_invalid                    0x08006fa1   Thumb Code    24  dunder.o(i.__mathlib_dbl_invalid)
    __mathlib_dbl_underflow                  0x08006fc1   Thumb Code    24  dunder.o(i.__mathlib_dbl_underflow)
    aRGB_led_init                            0x08006fe1   Thumb Code    34  bsp_led.o(i.aRGB_led_init)
    aRGB_led_shine                           0x08007009   Thumb Code    70  bsp_led.o(i.aRGB_led_shine)
    aRGB_led_show                            0x08007051   Thumb Code    82  bsp_led.o(i.aRGB_led_show)
    atan                                     0x080070b9   Thumb Code    16  atan.o(i.atan)
    bmi088_accel_init                        0x080070c9   Thumb Code   348  bmi088driver.o(i.bmi088_accel_init)
    bmi088_gyro_init                         0x08007235   Thumb Code   284  bmi088driver.o(i.bmi088_gyro_init)
    can_filter_init                          0x08007365   Thumb Code   124  bsp_can.o(i.can_filter_init)
    chassis_ctrl_init                        0x080073e9   Thumb Code    42  chassis_ctrl.o(i.chassis_ctrl_init)
    commTask                                 0x0800741d   Thumb Code    26  comm_task.o(i.commTask)
    comm_cmd_big_gimbal_imu_handler          0x0800743d   Thumb Code    54  comm_rec.o(i.comm_cmd_big_gimbal_imu_handler)
    comm_init                                0x08007479   Thumb Code    12  comm_task.o(i.comm_init)
    ctrl_data_update                         0x08007489   Thumb Code   750  chassis_ctrl.o(i.ctrl_data_update)
    dbus_uart_init                           0x080077bd   Thumb Code    64  dbus.o(i.dbus_uart_init)
    delay_init                               0x08007809   Thumb Code    32  bsp_delay.o(i.delay_init)
    dma_current_data_counter                 0x08007839   Thumb Code     8  dbus.o(i.dma_current_data_counter)
    error_code_get                           0x08007841   Thumb Code   122  online_monitor.o(i.error_code_get)
    fabs                                     0x080078c1   Thumb Code    24  fabs.o(i.fabs)
    get_TF                                   0x080078d9   Thumb Code     4  data_transfer.o(i.get_TF)
    get_big_gimbal_angle                     0x080078e1   Thumb Code     4  data_transfer.o(i.get_big_gimbal_angle)
    get_chassis_ctrl_data                    0x080078e9   Thumb Code     4  chassis_ctrl.o(i.get_chassis_ctrl_data)
    get_motor_3508_measure                   0x080078f1   Thumb Code    68  can_rx.o(i.get_motor_3508_measure)
    get_motor_3508_measure_data              0x08007935   Thumb Code    18  data_transfer.o(i.get_motor_3508_measure_data)
    get_motor_9025_measure_data              0x0800794d   Thumb Code     4  data_transfer.o(i.get_motor_9025_measure_data)
    get_rc_ctrl_data                         0x08007955   Thumb Code     4  data_transfer.o(i.get_rc_ctrl_data)
    get_small_gimbal_angle                   0x0800795d   Thumb Code     4  data_transfer.o(i.get_small_gimbal_angle)
    get_upc_data                             0x08007965   Thumb Code     4  data_transfer.o(i.get_upc_data)
    loop_float_constrain                     0x0800796d   Thumb Code    96  user_lib.o(i.loop_float_constrain)
    main                                     0x080079cd   Thumb Code   100  main.o(i.main)
    motor_ctrl_init                          0x08007a45   Thumb Code   136  motor_ctrl.o(i.motor_ctrl_init)
    motor_ctrl_update                        0x08007b05   Thumb Code  1100  motor_ctrl.o(i.motor_ctrl_update)
    online_state_set                         0x08007f51   Thumb Code    84  online_monitor.o(i.online_state_set)
    osDelay                                  0x08007fa9   Thumb Code    24  cmsis_os.o(i.osDelay)
    osKernelStart                            0x08007fc1   Thumb Code    10  cmsis_os.o(i.osKernelStart)
    osThreadCreate                           0x08007fcb   Thumb Code    94  cmsis_os.o(i.osThreadCreate)
    pack_float_to_4bytes                     0x08008029   Thumb Code    20  user_lib.o(i.pack_float_to_4bytes)
    pvPortMalloc                             0x080084dd   Thumb Code   306  heap_4.o(i.pvPortMalloc)
    pxPortInitialiseStack                    0x08008629   Thumb Code    38  port.o(i.pxPortInitialiseStack)
    radian_format                            0x08008655   Thumb Code    24  user_lib.o(i.radian_format)
    show_online_state                        0x08008675   Thumb Code   258  led_task.o(i.show_online_state)
    temp_imu_handler                         0x0800877d   Thumb Code    54  comm_rec.o(i.temp_imu_handler)
    theta_format                             0x080087b9   Thumb Code    24  user_lib.o(i.theta_format)
    uart1_init                               0x080087d9   Thumb Code    30  bsp_uart.o(i.uart1_init)
    uart6_init                               0x08008805   Thumb Code    30  bsp_uart.o(i.uart6_init)
    uart_receive_handler                     0x08008879   Thumb Code    34  dbus.o(i.uart_receive_handler)
    unpack_4bytes_to_floats                  0x08008905   Thumb Code    26  user_lib.o(i.unpack_4bytes_to_floats)
    upc_cmd_gimbal_handler                   0x08008921   Thumb Code    90  comm_rec.o(i.upc_cmd_gimbal_handler)
    upc_cmd_mode_handler                     0x08008981   Thumb Code    28  comm_rec.o(i.upc_cmd_mode_handler)
    upc_cmd_move_handler                     0x0800899d   Thumb Code    44  comm_rec.o(i.upc_cmd_move_handler)
    upc_cmd_shoot_handler                    0x080089cd   Thumb Code    28  comm_rec.o(i.upc_cmd_shoot_handler)
    upc_decode                               0x080089e9   Thumb Code   200  comm_rec.o(i.upc_decode)
    uxListRemove                             0x08008ab9   Thumb Code    40  list.o(i.uxListRemove)
    vApplicationGetIdleTaskMemory            0x08008ae1   Thumb Code    14  freertos.o(i.vApplicationGetIdleTaskMemory)
    vApplicationIdleHook                     0x08008af9   Thumb Code     2  freertos.o(i.vApplicationIdleHook)
    vListInitialise                          0x08008afb   Thumb Code    26  list.o(i.vListInitialise)
    vListInitialiseItem                      0x08008b15   Thumb Code     6  list.o(i.vListInitialiseItem)
    vListInsert                              0x08008b1b   Thumb Code    52  list.o(i.vListInsert)
    vListInsertEnd                           0x08008b4f   Thumb Code    24  list.o(i.vListInsertEnd)
    vPortEnterCritical                       0x08008b69   Thumb Code    76  port.o(i.vPortEnterCritical)
    vPortExitCritical                        0x08008bbd   Thumb Code    56  port.o(i.vPortExitCritical)
    vPortFree                                0x08008bf9   Thumb Code   150  heap_4.o(i.vPortFree)
    vPortSetupTimerInterrupt                 0x08008c9d   Thumb Code    36  port.o(i.vPortSetupTimerInterrupt)
    vTaskDelay                               0x08008cc5   Thumb Code    82  tasks.o(i.vTaskDelay)
    vTaskStartScheduler                      0x08008d21   Thumb Code   146  tasks.o(i.vTaskStartScheduler)
    vTaskSuspendAll                          0x08008dd1   Thumb Code    12  tasks.o(i.vTaskSuspendAll)
    vTaskSwitchContext                       0x08008de1   Thumb Code   118  tasks.o(i.vTaskSwitchContext)
    xPortStartScheduler                      0x08008e6d   Thumb Code   330  port.o(i.xPortStartScheduler)
    xTaskCreate                              0x08008fd5   Thumb Code   100  tasks.o(i.xTaskCreate)
    xTaskCreateStatic                        0x08009039   Thumb Code   186  tasks.o(i.xTaskCreateStatic)
    xTaskIncrementTick                       0x080090f5   Thumb Code   282  tasks.o(i.xTaskIncrementTick)
    xTaskResumeAll                           0x0800923d   Thumb Code   224  tasks.o(i.xTaskResumeAll)
    __aeabi_dneg                             0x08009341   Thumb Code     0  basic.o(x$fpl$basic)
    _dneg                                    0x08009341   Thumb Code     6  basic.o(x$fpl$basic)
    __aeabi_fneg                             0x08009347   Thumb Code     0  basic.o(x$fpl$basic)
    _fneg                                    0x08009347   Thumb Code     6  basic.o(x$fpl$basic)
    _dabs                                    0x0800934d   Thumb Code     6  basic.o(x$fpl$basic)
    _fabs                                    0x08009353   Thumb Code     6  basic.o(x$fpl$basic)
    __aeabi_d2f                              0x08009359   Thumb Code     0  d2f.o(x$fpl$d2f)
    _d2f                                     0x08009359   Thumb Code    98  d2f.o(x$fpl$d2f)
    __aeabi_dadd                             0x080093bd   Thumb Code     0  daddsub_clz.o(x$fpl$dadd)
    _dadd                                    0x080093bd   Thumb Code   332  daddsub_clz.o(x$fpl$dadd)
    __fpl_dcmp_Inf                           0x0800950d   Thumb Code    24  dcmpi.o(x$fpl$dcmpinf)
    __aeabi_ddiv                             0x08009525   Thumb Code     0  ddiv.o(x$fpl$ddiv)
    _ddiv                                    0x08009525   Thumb Code   552  ddiv.o(x$fpl$ddiv)
    __aeabi_d2iz                             0x080097d5   Thumb Code     0  dfix.o(x$fpl$dfix)
    _dfix                                    0x080097d5   Thumb Code    94  dfix.o(x$fpl$dfix)
    __aeabi_i2d                              0x08009833   Thumb Code     0  dflt_clz.o(x$fpl$dflt)
    _dflt                                    0x08009833   Thumb Code    46  dflt_clz.o(x$fpl$dflt)
    __aeabi_ui2d                             0x08009861   Thumb Code     0  dflt_clz.o(x$fpl$dfltu)
    _dfltu                                   0x08009861   Thumb Code    38  dflt_clz.o(x$fpl$dfltu)
    __aeabi_cdcmple                          0x08009889   Thumb Code     0  dleqf.o(x$fpl$dleqf)
    _dcmple                                  0x08009889   Thumb Code   120  dleqf.o(x$fpl$dleqf)
    __fpl_dcmple_InfNaN                      0x080098eb   Thumb Code     0  dleqf.o(x$fpl$dleqf)
    __aeabi_dmul                             0x08009901   Thumb Code     0  dmul.o(x$fpl$dmul)
    _dmul                                    0x08009901   Thumb Code   332  dmul.o(x$fpl$dmul)
    __fpl_dnaninf                            0x08009a55   Thumb Code   156  dnaninf.o(x$fpl$dnaninf)
    __fpl_dretinf                            0x08009af1   Thumb Code    12  dretinf.o(x$fpl$dretinf)
    __aeabi_cdrcmple                         0x08009afd   Thumb Code     0  drleqf.o(x$fpl$drleqf)
    _drcmple                                 0x08009afd   Thumb Code   108  drleqf.o(x$fpl$drleqf)
    __aeabi_drsub                            0x08009b69   Thumb Code     0  daddsub_clz.o(x$fpl$drsb)
    _drsb                                    0x08009b69   Thumb Code    22  daddsub_clz.o(x$fpl$drsb)
    _dsqrt                                   0x08009b81   Thumb Code   404  dsqrt_umaal.o(x$fpl$dsqrt)
    __aeabi_dsub                             0x08009d19   Thumb Code     0  daddsub_clz.o(x$fpl$dsub)
    _dsub                                    0x08009d19   Thumb Code   464  daddsub_clz.o(x$fpl$dsub)
    __aeabi_f2d                              0x08009eed   Thumb Code     0  f2d.o(x$fpl$f2d)
    _f2d                                     0x08009eed   Thumb Code    86  f2d.o(x$fpl$f2d)
    __fpl_fnaninf                            0x08009f43   Thumb Code   140  fnaninf.o(x$fpl$fnaninf)
    _fp_init                                 0x08009fcf   Thumb Code    10  fpinit.o(x$fpl$fpinit)
    __fplib_config_fpu_vfp                   0x08009fd7   Thumb Code     0  fpinit.o(x$fpl$fpinit)
    __fplib_config_pureend_doubles           0x08009fd7   Thumb Code     0  fpinit.o(x$fpl$fpinit)
    __fpl_fretinf                            0x08009fd9   Thumb Code    10  fretinf.o(x$fpl$fretinf)
    __I$use$fp                               0x08009fe2   Number         0  usenofp.o(x$fpl$usenofp)
    AHBPrescTable                            0x0800a078   Data          16  system_stm32f4xx.o(.constdata)
    APBPrescTable                            0x0800a088   Data           8  system_stm32f4xx.o(.constdata)
    CRC8_INIT                                0x0800a090   Data           1  crc.o(.constdata)
    CRC8_TAB                                 0x0800a091   Data         256  crc.o(.constdata)
    CRC_INIT                                 0x0800a192   Data           2  crc.o(.constdata)
    wCRC_Table                               0x0800a194   Data         512  crc.o(.constdata)
    __mathlib_zero                           0x0800a460   Data           8  qnan.o(.constdata)
    Region$$Table$$Base                      0x0800a594   Number         0  anon$$obj.o(Region$$Table)
    Region$$Table$$Limit                     0x0800a5b4   Number         0  anon$$obj.o(Region$$Table)
    tfTaskHandle                             0x20000000   Data           4  freertos.o(.data)
    chassisTaskHandle                        0x20000004   Data           4  freertos.o(.data)
    ledTaskHandle                            0x20000008   Data           4  freertos.o(.data)
    commTaskHandle                           0x2000000c   Data           4  freertos.o(.data)
    defaultTaskHandle                        0x20000010   Data           4  freertos.o(.data)
    uwTick                                   0x20000018   Data           4  stm32f4xx_hal.o(.data)
    uwTickPrio                               0x2000001c   Data           4  stm32f4xx_hal.o(.data)
    uwTickFreq                               0x20000020   Data           1  stm32f4xx_hal.o(.data)
    SystemCoreClock                          0x20000024   Data           4  system_stm32f4xx.o(.data)
    pxCurrentTCB                             0x20000028   Data           4  tasks.o(.data)
    SysTime                                  0x20000098   Data           8  bsp_dwt.o(.data)
    CYCCNT64                                 0x200000b8   Data           8  bsp_dwt.o(.data)
    RGB_flow_color                           0x200000e0   Data          28  led_task.o(.data)
    TF_ptr                                   0x200000fc   Data           4  comm_task.o(.data)
    ex                                       0x20000100   Data           2  crc.o(.data)
    tf_ptr                                   0x20000168   Data           4  motor_ctrl.o(.data)
    motor_9025_measure_ptr                   0x2000016c   Data           4  can_rx.o(.data)
    small_gimbal_angle_deg                   0x20000170   Data           4  can_rx.o(.data)
    motor_3508_can_tx_data                   0x2000017d   Data           8  can_tx.o(.data)
    motor_6020_can_tx_data                   0x20000185   Data           8  can_tx.o(.data)
    motor_2006_can_tx_data                   0x2000018d   Data           8  can_tx.o(.data)
    motor_9025_can_tx_data                   0x20000195   Data           8  can_tx.o(.data)
    gimbal_can_tx_data                       0x2000019d   Data           8  can_tx.o(.data)
    upc                                      0x200001a8   Data           4  comm_rec.o(.data)
    big_gimbal_angle_ptr                     0x200001ac   Data           4  comm_rec.o(.data)
    BMI088_ACCEL_SEN                         0x200001b0   Data           4  bmi088driver.o(.data)
    BMI088_GYRO_SEN                          0x200001b4   Data           4  bmi088driver.o(.data)
    gNormDiff                                0x200001bc   Data           4  bmi088driver.o(.data)
    caliOffset                               0x200001c0   Data           1  bmi088driver.o(.data)
    caliCount                                0x200001c2   Data           2  bmi088driver.o(.data)
    BMI088_SPI                               0x200001f8   Data           4  bmi088middleware.o(.data)
    rc_ctrl_ptr                              0x200001fc   Data           4  dbus.o(.data)
    hcan1                                    0x20000454   Data          40  can.o(.bss)
    hcan2                                    0x2000047c   Data          40  can.o(.bss)
    hspi1                                    0x200004a4   Data          88  spi.o(.bss)
    hdma_spi1_rx                             0x200004fc   Data          96  spi.o(.bss)
    hdma_spi1_tx                             0x2000055c   Data          96  spi.o(.bss)
    htim4                                    0x200005bc   Data          72  tim.o(.bss)
    htim5                                    0x20000604   Data          72  tim.o(.bss)
    huart1                                   0x2000064c   Data          72  usart.o(.bss)
    huart3                                   0x20000694   Data          72  usart.o(.bss)
    huart6                                   0x200006dc   Data          72  usart.o(.bss)
    hdma_usart1_rx                           0x20000724   Data          96  usart.o(.bss)
    hdma_usart1_tx                           0x20000784   Data          96  usart.o(.bss)
    hdma_usart3_rx                           0x200007e4   Data          96  usart.o(.bss)
    hdma_usart6_rx                           0x20000844   Data          96  usart.o(.bss)
    hdma_usart6_tx                           0x200008a4   Data          96  usart.o(.bss)
    htim14                                   0x20000904   Data          72  stm32f4xx_hal_timebase_tim.o(.bss)
    uart1_rx_buffer                          0x2000463c   Data          22  bsp_uart.o(.bss)
    uart6_rx_buffer                          0x20004652   Data          24  bsp_uart.o(.bss)
    RC_CtrlData                              0x2000466c   Data          16  data_transfer.o(.bss)
    TF                                       0x2000467c   Data         156  data_transfer.o(.bss)
    chassis_ctrl                             0x200047b8   Data          24  chassis_ctrl.o(.bss)
    motor_3508_ctrl                          0x200047d0   Data         432  motor_ctrl.o(.bss)
    motor_9025_ctrl                          0x20004980   Data         108  motor_ctrl.o(.bss)
    motors_3508_measure_ptr                  0x200049ec   Data          16  can_rx.o(.bss)
    motor_3508_tx_message                    0x200049fc   Data          24  can_tx.o(.bss)
    motor_6020_tx_message                    0x20004a14   Data          24  can_tx.o(.bss)
    motor_2006_tx_message                    0x20004a2c   Data          24  can_tx.o(.bss)
    motor_9025_tx_message                    0x20004a44   Data          24  can_tx.o(.bss)
    gimbal_tx_message                        0x20004a5c   Data          24  can_tx.o(.bss)
    gyroDiff                                 0x20004a74   Data          12  bmi088driver.o(.bss)
    BMI088                                   0x20004a80   Data          52  bmi088driver.o(.bss)
    sbus_rx_buffer                           0x20004ab4   Data          18  dbus.o(.bss)
    dbus_buf                                 0x20004ac6   Data          18  dbus.o(.bss)
    online_monitor_data                      0x20004ad8   Data          10  online_monitor.o(.bss)
    __libspace_start                         0x20004ae4   Data          96  libspace.o(.bss)
    __temporary_stack_top$libspace           0x20004b44   Data           0  libspace.o(.bss)



==============================================================================

Memory Map of the image

  Image Entry point : 0x08000189

  Load Region LR_IROM1 (Base: 0x08000000, Size: 0x0000a7b4, Max: 0x00100000, ABSOLUTE, COMPRESSED[0x0000a628])

    Execution Region ER_IROM1 (Exec base: 0x08000000, Load base: 0x08000000, Size: 0x0000a5b4, Max: 0x00100000, ABSOLUTE)

    Exec Addr    Load Addr    Size         Type   Attr      Idx    E Section Name        Object

    0x08000000   0x08000000   0x00000188   Data   RO            3    RESET               startup_stm32f407xx.o
    0x08000188   0x08000188   0x00000008   Code   RO         6846  * !!!main             c_w.l(__main.o)
    0x08000190   0x08000190   0x00000034   Code   RO         7212    !!!scatter          c_w.l(__scatter.o)
    0x080001c4   0x080001c4   0x0000005a   Code   RO         7210    !!dczerorl2         c_w.l(__dczerorl2.o)
    0x0800021e   0x0800021e   0x00000002   PAD
    0x08000220   0x08000220   0x0000001c   Code   RO         7214    !!handler_zi        c_w.l(__scatter_zi.o)
    0x0800023c   0x0800023c   0x00000002   Code   RO         7083    .ARM.Collect$$libinit$$00000000  c_w.l(libinit.o)
    0x0800023e   0x0800023e   0x00000004   Code   RO         7092    .ARM.Collect$$libinit$$00000001  c_w.l(libinit2.o)
    0x08000242   0x08000242   0x00000000   Code   RO         7095    .ARM.Collect$$libinit$$00000004  c_w.l(libinit2.o)
    0x08000242   0x08000242   0x00000000   Code   RO         7098    .ARM.Collect$$libinit$$0000000A  c_w.l(libinit2.o)
    0x08000242   0x08000242   0x00000000   Code   RO         7100    .ARM.Collect$$libinit$$0000000C  c_w.l(libinit2.o)
    0x08000242   0x08000242   0x00000000   Code   RO         7102    .ARM.Collect$$libinit$$0000000E  c_w.l(libinit2.o)
    0x08000242   0x08000242   0x00000000   Code   RO         7105    .ARM.Collect$$libinit$$00000011  c_w.l(libinit2.o)
    0x08000242   0x08000242   0x00000000   Code   RO         7107    .ARM.Collect$$libinit$$00000013  c_w.l(libinit2.o)
    0x08000242   0x08000242   0x00000000   Code   RO         7109    .ARM.Collect$$libinit$$00000015  c_w.l(libinit2.o)
    0x08000242   0x08000242   0x00000000   Code   RO         7111    .ARM.Collect$$libinit$$00000017  c_w.l(libinit2.o)
    0x08000242   0x08000242   0x00000000   Code   RO         7113    .ARM.Collect$$libinit$$00000019  c_w.l(libinit2.o)
    0x08000242   0x08000242   0x00000000   Code   RO         7115    .ARM.Collect$$libinit$$0000001B  c_w.l(libinit2.o)
    0x08000242   0x08000242   0x00000000   Code   RO         7117    .ARM.Collect$$libinit$$0000001D  c_w.l(libinit2.o)
    0x08000242   0x08000242   0x00000000   Code   RO         7119    .ARM.Collect$$libinit$$0000001F  c_w.l(libinit2.o)
    0x08000242   0x08000242   0x00000000   Code   RO         7121    .ARM.Collect$$libinit$$00000021  c_w.l(libinit2.o)
    0x08000242   0x08000242   0x00000000   Code   RO         7123    .ARM.Collect$$libinit$$00000023  c_w.l(libinit2.o)
    0x08000242   0x08000242   0x00000000   Code   RO         7125    .ARM.Collect$$libinit$$00000025  c_w.l(libinit2.o)
    0x08000242   0x08000242   0x00000000   Code   RO         7129    .ARM.Collect$$libinit$$0000002C  c_w.l(libinit2.o)
    0x08000242   0x08000242   0x00000000   Code   RO         7131    .ARM.Collect$$libinit$$0000002E  c_w.l(libinit2.o)
    0x08000242   0x08000242   0x00000000   Code   RO         7133    .ARM.Collect$$libinit$$00000030  c_w.l(libinit2.o)
    0x08000242   0x08000242   0x00000000   Code   RO         7135    .ARM.Collect$$libinit$$00000032  c_w.l(libinit2.o)
    0x08000242   0x08000242   0x00000002   Code   RO         7136    .ARM.Collect$$libinit$$00000033  c_w.l(libinit2.o)
    0x08000244   0x08000244   0x00000002   Code   RO         7167    .ARM.Collect$$libshutdown$$00000000  c_w.l(libshutdown.o)
    0x08000246   0x08000246   0x00000000   Code   RO         7193    .ARM.Collect$$libshutdown$$00000002  c_w.l(libshutdown2.o)
    0x08000246   0x08000246   0x00000000   Code   RO         7195    .ARM.Collect$$libshutdown$$00000004  c_w.l(libshutdown2.o)
    0x08000246   0x08000246   0x00000000   Code   RO         7198    .ARM.Collect$$libshutdown$$00000007  c_w.l(libshutdown2.o)
    0x08000246   0x08000246   0x00000000   Code   RO         7201    .ARM.Collect$$libshutdown$$0000000A  c_w.l(libshutdown2.o)
    0x08000246   0x08000246   0x00000000   Code   RO         7203    .ARM.Collect$$libshutdown$$0000000C  c_w.l(libshutdown2.o)
    0x08000246   0x08000246   0x00000000   Code   RO         7206    .ARM.Collect$$libshutdown$$0000000F  c_w.l(libshutdown2.o)
    0x08000246   0x08000246   0x00000002   Code   RO         7207    .ARM.Collect$$libshutdown$$00000010  c_w.l(libshutdown2.o)
    0x08000248   0x08000248   0x00000000   Code   RO         6958    .ARM.Collect$$rtentry$$00000000  c_w.l(__rtentry.o)
    0x08000248   0x08000248   0x00000000   Code   RO         7042    .ARM.Collect$$rtentry$$00000002  c_w.l(__rtentry2.o)
    0x08000248   0x08000248   0x00000006   Code   RO         7054    .ARM.Collect$$rtentry$$00000004  c_w.l(__rtentry4.o)
    0x0800024e   0x0800024e   0x00000000   Code   RO         7044    .ARM.Collect$$rtentry$$00000009  c_w.l(__rtentry2.o)
    0x0800024e   0x0800024e   0x00000004   Code   RO         7045    .ARM.Collect$$rtentry$$0000000A  c_w.l(__rtentry2.o)
    0x08000252   0x08000252   0x00000000   Code   RO         7047    .ARM.Collect$$rtentry$$0000000C  c_w.l(__rtentry2.o)
    0x08000252   0x08000252   0x00000008   Code   RO         7048    .ARM.Collect$$rtentry$$0000000D  c_w.l(__rtentry2.o)
    0x0800025a   0x0800025a   0x00000002   Code   RO         7084    .ARM.Collect$$rtexit$$00000000  c_w.l(rtexit.o)
    0x0800025c   0x0800025c   0x00000000   Code   RO         7140    .ARM.Collect$$rtexit$$00000002  c_w.l(rtexit2.o)
    0x0800025c   0x0800025c   0x00000004   Code   RO         7141    .ARM.Collect$$rtexit$$00000003  c_w.l(rtexit2.o)
    0x08000260   0x08000260   0x00000006   Code   RO         7142    .ARM.Collect$$rtexit$$00000004  c_w.l(rtexit2.o)
    0x08000266   0x08000266   0x00000002   PAD
    0x08000268   0x08000268   0x000000be   Code   RO         5224    .emb_text           port.o
    0x08000326   0x08000326   0x00000002   PAD
    0x08000328   0x08000328   0x00000040   Code   RO            4    .text               startup_stm32f407xx.o
    0x08000368   0x08000368   0x000000ee   Code   RO         6828    .text               c_w.l(lludivv7m.o)
    0x08000456   0x08000456   0x00000064   Code   RO         6834    .text               c_w.l(rt_memcpy_w.o)
    0x080004ba   0x080004ba   0x00000010   Code   RO         6838    .text               c_w.l(aeabi_memset.o)
    0x080004ca   0x080004ca   0x00000044   Code   RO         6840    .text               c_w.l(rt_memclr.o)
    0x0800050e   0x0800050e   0x0000004e   Code   RO         6842    .text               c_w.l(rt_memclr_w.o)
    0x0800055c   0x0800055c   0x00000006   Code   RO         6844    .text               c_w.l(heapauxi.o)
    0x08000562   0x08000562   0x00000016   Code   RO         6963    .text               c_w.l(_rserrno.o)
    0x08000578   0x08000578   0x00000008   Code   RO         7061    .text               c_w.l(rt_errno_addr_intlibspace.o)
    0x08000580   0x08000580   0x00000008   Code   RO         7067    .text               c_w.l(libspace.o)
    0x08000588   0x08000588   0x0000004a   Code   RO         7070    .text               c_w.l(sys_stackheap_outer.o)
    0x080005d2   0x080005d2   0x00000012   Code   RO         7072    .text               c_w.l(exit.o)
    0x080005e4   0x080005e4   0x0000000c   Code   RO         7137    .text               c_w.l(sys_exit.o)
    0x080005f0   0x080005f0   0x00000002   Code   RO         7156    .text               c_w.l(use_no_semi.o)
    0x080005f2   0x080005f2   0x00000000   Code   RO         7158    .text               c_w.l(indicate_semi.o)
    0x080005f2   0x080005f2   0x00000002   PAD
    0x080005f4   0x080005f4   0x00000014   Code   RO         6674    i.BMI088_ACCEL_NS_H  bmi088middleware.o
    0x08000608   0x08000608   0x00000014   Code   RO         6675    i.BMI088_ACCEL_NS_L  bmi088middleware.o
    0x0800061c   0x0800061c   0x00000014   Code   RO         6676    i.BMI088_GYRO_NS_H  bmi088middleware.o
    0x08000630   0x08000630   0x00000014   Code   RO         6677    i.BMI088_GYRO_NS_L  bmi088middleware.o
    0x08000644   0x08000644   0x0000027c   Code   RO         6593    i.BMI088_Read       bmi088driver.o
    0x080008c0   0x080008c0   0x00000098   Code   RO         6594    i.BMI088_init       bmi088driver.o
    0x08000958   0x08000958   0x00000026   Code   RO         6595    i.BMI088_read_muli_reg  bmi088driver.o
    0x0800097e   0x0800097e   0x00000018   Code   RO         6596    i.BMI088_read_single_reg  bmi088driver.o
    0x08000996   0x08000996   0x00000002   PAD
    0x08000998   0x08000998   0x00000024   Code   RO         6678    i.BMI088_read_write_byte  bmi088middleware.o
    0x080009bc   0x080009bc   0x00000014   Code   RO         6597    i.BMI088_write_single_reg  bmi088driver.o
    0x080009d0   0x080009d0   0x00000004   Code   RO          567    i.BusFault_Handler  stm32f4xx_it.o
    0x080009d4   0x080009d4   0x00000010   Code   RO          568    i.CAN1_RX0_IRQHandler  stm32f4xx_it.o
    0x080009e4   0x080009e4   0x00000010   Code   RO          569    i.CAN2_RX0_IRQHandler  stm32f4xx_it.o
    0x080009f4   0x080009f4   0x00000070   Code   RO         6388    i.CAN_9025_MeasureProcess  can_rx.o
    0x08000a64   0x08000a64   0x00000054   Code   RO         6441    i.CAN_CBoard_CMD    can_tx.o
    0x08000ab8   0x08000ab8   0x00000050   Code   RO         6442    i.CAN_Control3508Current  can_tx.o
    0x08000b08   0x08000b08   0x00000060   Code   RO         6445    i.CAN_Control9025Speed  can_tx.o
    0x08000b68   0x08000b68   0x00000038   Code   RO         6389    i.CAN_Receive_Init  can_rx.o
    0x08000ba0   0x08000ba0   0x00000540   Code   RO         6598    i.Calibrate_MPU_Offset  bmi088driver.o
    0x080010e0   0x080010e0   0x00000036   Code   RO         5725    i.ChassisTask       chassis_task.o
    0x08001116   0x08001116   0x00000002   PAD
    0x08001118   0x08001118   0x00000010   Code   RO          570    i.DMA1_Stream1_IRQHandler  stm32f4xx_it.o
    0x08001128   0x08001128   0x00000010   Code   RO          571    i.DMA2_Stream1_IRQHandler  stm32f4xx_it.o
    0x08001138   0x08001138   0x00000010   Code   RO          572    i.DMA2_Stream2_IRQHandler  stm32f4xx_it.o
    0x08001148   0x08001148   0x00000010   Code   RO          573    i.DMA2_Stream3_IRQHandler  stm32f4xx_it.o
    0x08001158   0x08001158   0x00000010   Code   RO          574    i.DMA2_Stream5_IRQHandler  stm32f4xx_it.o
    0x08001168   0x08001168   0x00000010   Code   RO          575    i.DMA2_Stream6_IRQHandler  stm32f4xx_it.o
    0x08001178   0x08001178   0x00000010   Code   RO          576    i.DMA2_Stream7_IRQHandler  stm32f4xx_it.o
    0x08001188   0x08001188   0x00000034   Code   RO         2488    i.DMA_CalcBaseAndBitshift  stm32f4xx_hal_dma.o
    0x080011bc   0x080011bc   0x000000aa   Code   RO         2489    i.DMA_CheckFifoParam  stm32f4xx_hal_dma.o
    0x08001266   0x08001266   0x0000002c   Code   RO         2490    i.DMA_SetConfig     stm32f4xx_hal_dma.o
    0x08001292   0x08001292   0x00000002   PAD
    0x08001294   0x08001294   0x00000030   Code   RO         5486    i.DWT_CNT_Update    bsp_dwt.o
    0x080012c4   0x080012c4   0x0000003c   Code   RO         5487    i.DWT_Delay         bsp_dwt.o
    0x08001300   0x08001300   0x00000054   Code   RO         5491    i.DWT_GetTimeline_s  bsp_dwt.o
    0x08001354   0x08001354   0x00000068   Code   RO         5493    i.DWT_Init          bsp_dwt.o
    0x080013bc   0x080013bc   0x000000d0   Code   RO         5494    i.DWT_SysTimeUpdate  bsp_dwt.o
    0x0800148c   0x0800148c   0x00000002   Code   RO          577    i.DebugMon_Handler  stm32f4xx_it.o
    0x0800148e   0x0800148e   0x00000006   Code   RO           13    i.Error_Handler     main.o
    0x08001494   0x08001494   0x00000034   Code   RO         6267    i.Get_CRC16_Check_Sum  crc.o
    0x080014c8   0x080014c8   0x00000024   Code   RO         6268    i.Get_CRC8_Check_Sum  crc.o
    0x080014ec   0x080014ec   0x0000002a   Code   RO         1751    i.HAL_CAN_ActivateNotification  stm32f4xx_hal_can.o
    0x08001516   0x08001516   0x0000014a   Code   RO         1752    i.HAL_CAN_AddTxMessage  stm32f4xx_hal_can.o
    0x08001660   0x08001660   0x00000120   Code   RO         1753    i.HAL_CAN_ConfigFilter  stm32f4xx_hal_can.o
    0x08001780   0x08001780   0x00000002   Code   RO         1756    i.HAL_CAN_ErrorCallback  stm32f4xx_hal_can.o
    0x08001782   0x08001782   0x00000194   Code   RO         1759    i.HAL_CAN_GetRxMessage  stm32f4xx_hal_can.o
    0x08001916   0x08001916   0x0000024e   Code   RO         1763    i.HAL_CAN_IRQHandler  stm32f4xx_hal_can.o
    0x08001b64   0x08001b64   0x00000174   Code   RO         1764    i.HAL_CAN_Init      stm32f4xx_hal_can.o
    0x08001cd8   0x08001cd8   0x00000160   Code   RO          345    i.HAL_CAN_MspInit   can.o
    0x08001e38   0x08001e38   0x00000002   Code   RO         1771    i.HAL_CAN_RxFifo0FullCallback  stm32f4xx_hal_can.o
    0x08001e3a   0x08001e3a   0x00000002   PAD
    0x08001e3c   0x08001e3c   0x000000e8   Code   RO         6390    i.HAL_CAN_RxFifo0MsgPendingCallback  can_rx.o
    0x08001f24   0x08001f24   0x00000002   Code   RO         1773    i.HAL_CAN_RxFifo1FullCallback  stm32f4xx_hal_can.o
    0x08001f26   0x08001f26   0x00000002   Code   RO         1774    i.HAL_CAN_RxFifo1MsgPendingCallback  stm32f4xx_hal_can.o
    0x08001f28   0x08001f28   0x00000002   Code   RO         1775    i.HAL_CAN_SleepCallback  stm32f4xx_hal_can.o
    0x08001f2a   0x08001f2a   0x0000005e   Code   RO         1776    i.HAL_CAN_Start     stm32f4xx_hal_can.o
    0x08001f88   0x08001f88   0x00000002   Code   RO         1778    i.HAL_CAN_TxMailbox0AbortCallback  stm32f4xx_hal_can.o
    0x08001f8a   0x08001f8a   0x00000002   Code   RO         1779    i.HAL_CAN_TxMailbox0CompleteCallback  stm32f4xx_hal_can.o
    0x08001f8c   0x08001f8c   0x00000002   Code   RO         1780    i.HAL_CAN_TxMailbox1AbortCallback  stm32f4xx_hal_can.o
    0x08001f8e   0x08001f8e   0x00000002   Code   RO         1781    i.HAL_CAN_TxMailbox1CompleteCallback  stm32f4xx_hal_can.o
    0x08001f90   0x08001f90   0x00000002   Code   RO         1782    i.HAL_CAN_TxMailbox2AbortCallback  stm32f4xx_hal_can.o
    0x08001f92   0x08001f92   0x00000002   Code   RO         1783    i.HAL_CAN_TxMailbox2CompleteCallback  stm32f4xx_hal_can.o
    0x08001f94   0x08001f94   0x00000002   Code   RO         1785    i.HAL_CAN_WakeUpFromRxMsgCallback  stm32f4xx_hal_can.o
    0x08001f96   0x08001f96   0x000000ac   Code   RO         2491    i.HAL_DMA_Abort     stm32f4xx_hal_dma.o
    0x08002042   0x08002042   0x00000028   Code   RO         2492    i.HAL_DMA_Abort_IT  stm32f4xx_hal_dma.o
    0x0800206a   0x0800206a   0x00000002   PAD
    0x0800206c   0x0800206c   0x00000240   Code   RO         2496    i.HAL_DMA_IRQHandler  stm32f4xx_hal_dma.o
    0x080022ac   0x080022ac   0x000000ec   Code   RO         2497    i.HAL_DMA_Init      stm32f4xx_hal_dma.o
    0x08002398   0x08002398   0x00000066   Code   RO         2500    i.HAL_DMA_Start     stm32f4xx_hal_dma.o
    0x080023fe   0x080023fe   0x00000092   Code   RO         2501    i.HAL_DMA_Start_IT  stm32f4xx_hal_dma.o
    0x08002490   0x08002490   0x00000028   Code   RO         2933    i.HAL_Delay         stm32f4xx_hal.o
    0x080024b8   0x080024b8   0x000001f4   Code   RO         2384    i.HAL_GPIO_Init     stm32f4xx_hal_gpio.o
    0x080026ac   0x080026ac   0x0000000c   Code   RO         2388    i.HAL_GPIO_WritePin  stm32f4xx_hal_gpio.o
    0x080026b8   0x080026b8   0x0000000c   Code   RO         2939    i.HAL_GetTick       stm32f4xx_hal.o
    0x080026c4   0x080026c4   0x00000018   Code   RO         2945    i.HAL_IncTick       stm32f4xx_hal.o
    0x080026dc   0x080026dc   0x0000003c   Code   RO         2946    i.HAL_Init          stm32f4xx_hal.o
    0x08002718   0x08002718   0x000000b4   Code   RO          727    i.HAL_InitTick      stm32f4xx_hal_timebase_tim.o
    0x080027cc   0x080027cc   0x00000054   Code   RO          703    i.HAL_MspInit       stm32f4xx_hal_msp.o
    0x08002820   0x08002820   0x00000028   Code   RO         2776    i.HAL_NVIC_EnableIRQ  stm32f4xx_hal_cortex.o
    0x08002848   0x08002848   0x0000007c   Code   RO         2782    i.HAL_NVIC_SetPriority  stm32f4xx_hal_cortex.o
    0x080028c4   0x080028c4   0x00000028   Code   RO         2783    i.HAL_NVIC_SetPriorityGrouping  stm32f4xx_hal_cortex.o
    0x080028ec   0x080028ec   0x00000184   Code   RO         1985    i.HAL_RCC_ClockConfig  stm32f4xx_hal_rcc.o
    0x08002a70   0x08002a70   0x00000044   Code   RO         1989    i.HAL_RCC_GetClockConfig  stm32f4xx_hal_rcc.o
    0x08002ab4   0x08002ab4   0x0000000c   Code   RO         1990    i.HAL_RCC_GetHCLKFreq  stm32f4xx_hal_rcc.o
    0x08002ac0   0x08002ac0   0x00000020   Code   RO         1992    i.HAL_RCC_GetPCLK1Freq  stm32f4xx_hal_rcc.o
    0x08002ae0   0x08002ae0   0x00000020   Code   RO         1993    i.HAL_RCC_GetPCLK2Freq  stm32f4xx_hal_rcc.o
    0x08002b00   0x08002b00   0x000000b0   Code   RO         1994    i.HAL_RCC_GetSysClockFreq  stm32f4xx_hal_rcc.o
    0x08002bb0   0x08002bb0   0x0000049c   Code   RO         1997    i.HAL_RCC_OscConfig  stm32f4xx_hal_rcc.o
    0x0800304c   0x0800304c   0x000000c8   Code   RO         3195    i.HAL_SPI_Init      stm32f4xx_hal_spi.o
    0x08003114   0x08003114   0x00000158   Code   RO          418    i.HAL_SPI_MspInit   spi.o
    0x0800326c   0x0800326c   0x00000248   Code   RO         3204    i.HAL_SPI_TransmitReceive  stm32f4xx_hal_spi.o
    0x080034b4   0x080034b4   0x00000002   Code   RO         1483    i.HAL_TIMEx_BreakCallback  stm32f4xx_hal_tim_ex.o
    0x080034b6   0x080034b6   0x00000002   Code   RO         1484    i.HAL_TIMEx_CommutCallback  stm32f4xx_hal_tim_ex.o
    0x080034b8   0x080034b8   0x000000b4   Code   RO         1502    i.HAL_TIMEx_MasterConfigSynchronization  stm32f4xx_hal_tim_ex.o
    0x0800356c   0x0800356c   0x00000066   Code   RO          768    i.HAL_TIM_Base_Init  stm32f4xx_hal_tim.o
    0x080035d2   0x080035d2   0x00000002   PAD
    0x080035d4   0x080035d4   0x00000060   Code   RO          460    i.HAL_TIM_Base_MspInit  tim.o
    0x08003634   0x08003634   0x0000009c   Code   RO          771    i.HAL_TIM_Base_Start  stm32f4xx_hal_tim.o
    0x080036d0   0x080036d0   0x000000a8   Code   RO          773    i.HAL_TIM_Base_Start_IT  stm32f4xx_hal_tim.o
    0x08003778   0x08003778   0x0000010c   Code   RO          777    i.HAL_TIM_ConfigClockSource  stm32f4xx_hal_tim.o
    0x08003884   0x08003884   0x00000002   Code   RO          802    i.HAL_TIM_IC_CaptureCallback  stm32f4xx_hal_tim.o
    0x08003886   0x08003886   0x0000016c   Code   RO          816    i.HAL_TIM_IRQHandler  stm32f4xx_hal_tim.o
    0x080039f2   0x080039f2   0x00000002   PAD
    0x080039f4   0x080039f4   0x000000b0   Code   RO          461    i.HAL_TIM_MspPostInit  tim.o
    0x08003aa4   0x08003aa4   0x00000002   Code   RO          819    i.HAL_TIM_OC_DelayElapsedCallback  stm32f4xx_hal_tim.o
    0x08003aa6   0x08003aa6   0x00000104   Code   RO          840    i.HAL_TIM_PWM_ConfigChannel  stm32f4xx_hal_tim.o
    0x08003baa   0x08003baa   0x00000066   Code   RO          843    i.HAL_TIM_PWM_Init  stm32f4xx_hal_tim.o
    0x08003c10   0x08003c10   0x00000002   Code   RO          845    i.HAL_TIM_PWM_MspInit  stm32f4xx_hal_tim.o
    0x08003c12   0x08003c12   0x00000002   Code   RO          846    i.HAL_TIM_PWM_PulseFinishedCallback  stm32f4xx_hal_tim.o
    0x08003c14   0x08003c14   0x0000010c   Code   RO          848    i.HAL_TIM_PWM_Start  stm32f4xx_hal_tim.o
    0x08003d20   0x08003d20   0x00000018   Code   RO           14    i.HAL_TIM_PeriodElapsedCallback  main.o
    0x08003d38   0x08003d38   0x00000002   Code   RO          859    i.HAL_TIM_TriggerCallback  stm32f4xx_hal_tim.o
    0x08003d3a   0x08003d3a   0x00000070   Code   RO         3516    i.HAL_UARTEx_ReceiveToIdle_DMA  stm32f4xx_hal_uart.o
    0x08003daa   0x08003daa   0x00000002   PAD
    0x08003dac   0x08003dac   0x00000070   Code   RO         5628    i.HAL_UARTEx_RxEventCallback  bsp_uart.o
    0x08003e1c   0x08003e1c   0x00000002   Code   RO         3532    i.HAL_UART_ErrorCallback  stm32f4xx_hal_uart.o
    0x08003e1e   0x08003e1e   0x00000002   PAD
    0x08003e20   0x08003e20   0x00000308   Code   RO         3535    i.HAL_UART_IRQHandler  stm32f4xx_hal_uart.o
    0x08004128   0x08004128   0x00000076   Code   RO         3536    i.HAL_UART_Init     stm32f4xx_hal_uart.o
    0x0800419e   0x0800419e   0x00000002   PAD
    0x080041a0   0x080041a0   0x00000334   Code   RO          514    i.HAL_UART_MspInit  usart.o
    0x080044d4   0x080044d4   0x00000002   Code   RO         3542    i.HAL_UART_RxCpltCallback  stm32f4xx_hal_uart.o
    0x080044d6   0x080044d6   0x00000002   Code   RO         3543    i.HAL_UART_RxHalfCpltCallback  stm32f4xx_hal_uart.o
    0x080044d8   0x080044d8   0x00000002   Code   RO         3547    i.HAL_UART_TxCpltCallback  stm32f4xx_hal_uart.o
    0x080044da   0x080044da   0x00000004   Code   RO          578    i.HardFault_Handler  stm32f4xx_it.o
    0x080044de   0x080044de   0x00000002   PAD
    0x080044e0   0x080044e0   0x000001b8   Code   RO         5789    i.LedTask           led_task.o
    0x08004698   0x08004698   0x00000044   Code   RO          346    i.MX_CAN1_Init      can.o
    0x080046dc   0x080046dc   0x00000044   Code   RO          347    i.MX_CAN2_Init      can.o
    0x08004720   0x08004720   0x000000b8   Code   RO          393    i.MX_DMA_Init       dma.o
    0x080047d8   0x080047d8   0x00000098   Code   RO          276    i.MX_FREERTOS_Init  freertos.o
    0x08004870   0x08004870   0x0000012c   Code   RO          252    i.MX_GPIO_Init      gpio.o
    0x0800499c   0x0800499c   0x00000048   Code   RO          419    i.MX_SPI1_Init      spi.o
    0x080049e4   0x080049e4   0x000000a4   Code   RO          462    i.MX_TIM4_Init      tim.o
    0x08004a88   0x08004a88   0x000000c4   Code   RO          463    i.MX_TIM5_Init      tim.o
    0x08004b4c   0x08004b4c   0x00000038   Code   RO          515    i.MX_USART1_UART_Init  usart.o
    0x08004b84   0x08004b84   0x00000038   Code   RO          516    i.MX_USART3_UART_Init  usart.o
    0x08004bbc   0x08004bbc   0x00000038   Code   RO          517    i.MX_USART6_UART_Init  usart.o
    0x08004bf4   0x08004bf4   0x00000004   Code   RO          579    i.MemManage_Handler  stm32f4xx_it.o
    0x08004bf8   0x08004bf8   0x00000004   Code   RO          580    i.NMI_Handler       stm32f4xx_it.o
    0x08004bfc   0x08004bfc   0x0000003e   Code   RO         6787    i.Online_Monitors   online_monitor.o
    0x08004c3a   0x08004c3a   0x00000002   PAD
    0x08004c3c   0x08004c3c   0x000003ac   Code   RO         6034    i.PID_calc          pid.o
    0x08004fe8   0x08004fe8   0x00000078   Code   RO         6036    i.PID_init          pid.o
    0x08005060   0x08005060   0x00000010   Code   RO         6037    i.PID_multi_Kp_init  pid.o
    0x08005070   0x08005070   0x000000d0   Code   RO         6728    i.RemoteDataProcess  dbus.o
    0x08005140   0x08005140   0x00000088   Code   RO         3233    i.SPI_EndRxTxTransaction  stm32f4xx_hal_spi.o
    0x080051c8   0x080051c8   0x000000d8   Code   RO         3238    i.SPI_WaitFlagStateUntilTimeout  stm32f4xx_hal_spi.o
    0x080052a0   0x080052a0   0x0000000a   Code   RO          277    i.StartDefaultTask  freertos.o
    0x080052aa   0x080052aa   0x00000002   PAD
    0x080052ac   0x080052ac   0x00000034   Code   RO         5225    i.SysTick_Handler   port.o
    0x080052e0   0x080052e0   0x000000b4   Code   RO           15    i.SystemClock_Config  main.o
    0x08005394   0x08005394   0x00000014   Code   RO         3880    i.SystemInit        system_stm32f4xx.o
    0x080053a8   0x080053a8   0x00000184   Code   RO         5822    i.TF_Task           tf_task.o
    0x0800552c   0x0800552c   0x000000c4   Code   RO         5823    i.TF_Update         tf_task.o
    0x080055f0   0x080055f0   0x00000010   Code   RO          581    i.TIM8_TRG_COM_TIM14_IRQHandler  stm32f4xx_it.o
    0x08005600   0x08005600   0x000000e0   Code   RO          861    i.TIM_Base_SetConfig  stm32f4xx_hal_tim.o
    0x080056e0   0x080056e0   0x00000022   Code   RO          862    i.TIM_CCxChannelCmd  stm32f4xx_hal_tim.o
    0x08005702   0x08005702   0x00000016   Code   RO          872    i.TIM_ETR_SetConfig  stm32f4xx_hal_tim.o
    0x08005718   0x08005718   0x00000012   Code   RO          873    i.TIM_ITRx_SetConfig  stm32f4xx_hal_tim.o
    0x0800572a   0x0800572a   0x00000002   PAD
    0x0800572c   0x0800572c   0x00000070   Code   RO          874    i.TIM_OC1_SetConfig  stm32f4xx_hal_tim.o
    0x0800579c   0x0800579c   0x0000007c   Code   RO          875    i.TIM_OC2_SetConfig  stm32f4xx_hal_tim.o
    0x08005818   0x08005818   0x00000078   Code   RO          876    i.TIM_OC3_SetConfig  stm32f4xx_hal_tim.o
    0x08005890   0x08005890   0x00000054   Code   RO          877    i.TIM_OC4_SetConfig  stm32f4xx_hal_tim.o
    0x080058e4   0x080058e4   0x00000026   Code   RO          879    i.TIM_TI1_ConfigInputStage  stm32f4xx_hal_tim.o
    0x0800590a   0x0800590a   0x00000028   Code   RO          881    i.TIM_TI2_ConfigInputStage  stm32f4xx_hal_tim.o
    0x08005932   0x08005932   0x00000012   Code   RO         3549    i.UART_DMAAbortOnError  stm32f4xx_hal_uart.o
    0x08005944   0x08005944   0x00000050   Code   RO         3550    i.UART_DMAError     stm32f4xx_hal_uart.o
    0x08005994   0x08005994   0x000000b4   Code   RO         3551    i.UART_DMAReceiveCplt  stm32f4xx_hal_uart.o
    0x08005a48   0x08005a48   0x00000024   Code   RO         3553    i.UART_DMARxHalfCplt  stm32f4xx_hal_uart.o
    0x08005a6c   0x08005a6c   0x0000006c   Code   RO         3559    i.UART_EndRxTransfer  stm32f4xx_hal_uart.o
    0x08005ad8   0x08005ad8   0x00000020   Code   RO         3560    i.UART_EndTransmit_IT  stm32f4xx_hal_uart.o
    0x08005af8   0x08005af8   0x00000026   Code   RO         3561    i.UART_EndTxTransfer  stm32f4xx_hal_uart.o
    0x08005b1e   0x08005b1e   0x000000fc   Code   RO         3562    i.UART_Receive_IT   stm32f4xx_hal_uart.o
    0x08005c1a   0x08005c1a   0x00000002   PAD
    0x08005c1c   0x08005c1c   0x0000022c   Code   RO         3563    i.UART_SetConfig    stm32f4xx_hal_uart.o
    0x08005e48   0x08005e48   0x000000d8   Code   RO         3564    i.UART_Start_Receive_DMA  stm32f4xx_hal_uart.o
    0x08005f20   0x08005f20   0x00000060   Code   RO         3566    i.UART_Transmit_IT  stm32f4xx_hal_uart.o
    0x08005f80   0x08005f80   0x00000010   Code   RO          582    i.USART1_IRQHandler  stm32f4xx_it.o
    0x08005f90   0x08005f90   0x00000014   Code   RO          583    i.USART3_IRQHandler  stm32f4xx_it.o
    0x08005fa4   0x08005fa4   0x00000010   Code   RO          584    i.USART6_IRQHandler  stm32f4xx_it.o
    0x08005fb4   0x08005fb4   0x00000004   Code   RO          585    i.UsageFault_Handler  stm32f4xx_it.o
    0x08005fb8   0x08005fb8   0x00000044   Code   RO         6269    i.Verify_CRC16_Check_Sum  crc.o
    0x08005ffc   0x08005ffc   0x0000002e   Code   RO         6270    i.Verify_CRC8_Check_Sum  crc.o
    0x0800602a   0x0800602a   0x00000030   Code   RO         7063    i.__ARM_fpclassify  m_wm.l(fpclassify.o)
    0x0800605a   0x0800605a   0x00000002   PAD
    0x0800605c   0x0800605c   0x00000010   Code   RO         2789    i.__NVIC_GetPriorityGrouping  stm32f4xx_hal_cortex.o
    0x0800606c   0x0800606c   0x00000028   Code   RO         2790    i.__NVIC_SetPriority  stm32f4xx_hal_cortex.o
    0x08006094   0x08006094   0x00000004   PAD
    0x08006098   0x08006098   0x000002d8   Code   RO         6982    i.__hardfp_atan     m_wm.l(atan.o)
    0x08006370   0x08006370   0x000001f0   Code   RO         6878    i.__hardfp_atan2    m_wm.l(atan2.o)
    0x08006560   0x08006560   0x000000c8   Code   RO         6890    i.__hardfp_cos      m_wm.l(cos.o)
    0x08006628   0x08006628   0x000000c8   Code   RO         6922    i.__hardfp_sin      m_wm.l(sin.o)
    0x080066f0   0x080066f0   0x0000007a   Code   RO         6934    i.__hardfp_sqrt     m_wm.l(sqrt.o)
    0x0800676a   0x0800676a   0x0000003a   Code   RO         6946    i.__hardfp_sqrtf    m_wm.l(sqrtf.o)
    0x080067a4   0x080067a4   0x00000004   PAD
    0x080067a8   0x080067a8   0x00000438   Code   RO         7030    i.__ieee754_rem_pio2  m_wm.l(rred.o)
    0x08006be0   0x08006be0   0x00000170   Code   RO         6996    i.__kernel_cos      m_wm.l(cos_i.o)
    0x08006d50   0x08006d50   0x000000f8   Code   RO         7065    i.__kernel_poly     m_wm.l(poly.o)
    0x08006e48   0x08006e48   0x00000130   Code   RO         7035    i.__kernel_sin      m_wm.l(sin_i.o)
    0x08006f78   0x08006f78   0x00000014   Code   RO         7000    i.__mathlib_dbl_infnan  m_wm.l(dunder.o)
    0x08006f8c   0x08006f8c   0x00000014   Code   RO         7001    i.__mathlib_dbl_infnan2  m_wm.l(dunder.o)
    0x08006fa0   0x08006fa0   0x00000020   Code   RO         7002    i.__mathlib_dbl_invalid  m_wm.l(dunder.o)
    0x08006fc0   0x08006fc0   0x00000020   Code   RO         7005    i.__mathlib_dbl_underflow  m_wm.l(dunder.o)
    0x08006fe0   0x08006fe0   0x00000028   Code   RO         5563    i.aRGB_led_init     bsp_led.o
    0x08007008   0x08007008   0x00000046   Code   RO         5564    i.aRGB_led_shine    bsp_led.o
    0x0800704e   0x0800704e   0x00000002   PAD
    0x08007050   0x08007050   0x00000068   Code   RO         5565    i.aRGB_led_show     bsp_led.o
    0x080070b8   0x080070b8   0x00000010   Code   RO         6984    i.atan              m_wm.l(atan.o)
    0x080070c8   0x080070c8   0x0000016c   Code   RO         6599    i.bmi088_accel_init  bmi088driver.o
    0x08007234   0x08007234   0x00000130   Code   RO         6600    i.bmi088_gyro_init  bmi088driver.o
    0x08007364   0x08007364   0x00000084   Code   RO         5414    i.can_filter_init   bsp_can.o
    0x080073e8   0x080073e8   0x00000034   Code   RO         6317    i.chassis_ctrl_init  chassis_ctrl.o
    0x0800741c   0x0800741c   0x00000020   Code   RO         5925    i.commTask          comm_task.o
    0x0800743c   0x0800743c   0x0000003c   Code   RO         6523    i.comm_cmd_big_gimbal_imu_handler  comm_rec.o
    0x08007478   0x08007478   0x00000010   Code   RO         5926    i.comm_init         comm_task.o
    0x08007488   0x08007488   0x00000334   Code   RO         6318    i.ctrl_data_update  chassis_ctrl.o
    0x080077bc   0x080077bc   0x0000004c   Code   RO         6729    i.dbus_uart_init    dbus.o
    0x08007808   0x08007808   0x00000030   Code   RO         5445    i.delay_init        bsp_delay.o
    0x08007838   0x08007838   0x00000008   Code   RO         6730    i.dma_current_data_counter  dbus.o
    0x08007840   0x08007840   0x00000080   Code   RO         6788    i.error_code_get    online_monitor.o
    0x080078c0   0x080078c0   0x00000018   Code   RO         6904    i.fabs              m_wm.l(fabs.o)
    0x080078d8   0x080078d8   0x00000008   Code   RO         5671    i.get_TF            data_transfer.o
    0x080078e0   0x080078e0   0x00000008   Code   RO         5672    i.get_big_gimbal_angle  data_transfer.o
    0x080078e8   0x080078e8   0x00000008   Code   RO         6319    i.get_chassis_ctrl_data  chassis_ctrl.o
    0x080078f0   0x080078f0   0x00000044   Code   RO         6391    i.get_motor_3508_measure  can_rx.o
    0x08007934   0x08007934   0x00000018   Code   RO         5673    i.get_motor_3508_measure_data  data_transfer.o
    0x0800794c   0x0800794c   0x00000008   Code   RO         5674    i.get_motor_9025_measure_data  data_transfer.o
    0x08007954   0x08007954   0x00000008   Code   RO         5675    i.get_rc_ctrl_data  data_transfer.o
    0x0800795c   0x0800795c   0x00000008   Code   RO         5676    i.get_small_gimbal_angle  data_transfer.o
    0x08007964   0x08007964   0x00000008   Code   RO         5677    i.get_upc_data      data_transfer.o
    0x0800796c   0x0800796c   0x00000060   Code   RO         6094    i.loop_float_constrain  user_lib.o
    0x080079cc   0x080079cc   0x00000068   Code   RO           16    i.main              main.o
    0x08007a34   0x08007a34   0x0000000e   Code   RO         4778    i.makeFreeRtosPriority  cmsis_os.o
    0x08007a42   0x08007a42   0x00000002   PAD
    0x08007a44   0x08007a44   0x000000c0   Code   RO         6360    i.motor_ctrl_init   motor_ctrl.o
    0x08007b04   0x08007b04   0x0000044c   Code   RO         6361    i.motor_ctrl_update  motor_ctrl.o
    0x08007f50   0x08007f50   0x00000058   Code   RO         6789    i.online_state_set  online_monitor.o
    0x08007fa8   0x08007fa8   0x00000018   Code   RO         4780    i.osDelay           cmsis_os.o
    0x08007fc0   0x08007fc0   0x0000000a   Code   RO         4783    i.osKernelStart     cmsis_os.o
    0x08007fca   0x08007fca   0x0000005e   Code   RO         4817    i.osThreadCreate    cmsis_os.o
    0x08008028   0x08008028   0x00000014   Code   RO         6096    i.pack_float_to_4bytes  user_lib.o
    0x0800803c   0x0800803c   0x000000a4   Code   RO         4404    i.prvAddCurrentTaskToDelayedList  tasks.o
    0x080080e0   0x080080e0   0x000000b4   Code   RO         4405    i.prvAddNewTaskToReadyList  tasks.o
    0x08008194   0x08008194   0x00000048   Code   RO         4406    i.prvCheckTasksWaitingTermination  tasks.o
    0x080081dc   0x080081dc   0x00000050   Code   RO         4407    i.prvDeleteTCB      tasks.o
    0x0800822c   0x0800822c   0x0000007c   Code   RO         5157    i.prvHeapInit       heap_4.o
    0x080082a8   0x080082a8   0x0000002c   Code   RO         4408    i.prvIdleTask       tasks.o
    0x080082d4   0x080082d4   0x000000c2   Code   RO         4409    i.prvInitialiseNewTask  tasks.o
    0x08008396   0x08008396   0x00000002   PAD
    0x08008398   0x08008398   0x00000068   Code   RO         4410    i.prvInitialiseTaskLists  tasks.o
    0x08008400   0x08008400   0x00000068   Code   RO         5158    i.prvInsertBlockIntoFreeList  heap_4.o
    0x08008468   0x08008468   0x00000034   Code   RO         4411    i.prvResetNextTaskUnblockTime  tasks.o
    0x0800849c   0x0800849c   0x00000040   Code   RO         5226    i.prvTaskExitError  port.o
    0x080084dc   0x080084dc   0x0000014c   Code   RO         5159    i.pvPortMalloc      heap_4.o
    0x08008628   0x08008628   0x0000002c   Code   RO         5227    i.pxPortInitialiseStack  port.o
    0x08008654   0x08008654   0x00000020   Code   RO         6098    i.radian_format     user_lib.o
    0x08008674   0x08008674   0x00000108   Code   RO         5790    i.show_online_state  led_task.o
    0x0800877c   0x0800877c   0x0000003c   Code   RO         6524    i.temp_imu_handler  comm_rec.o
    0x080087b8   0x080087b8   0x00000020   Code   RO         6102    i.theta_format      user_lib.o
    0x080087d8   0x080087d8   0x0000002c   Code   RO         5629    i.uart1_init        bsp_uart.o
    0x08008804   0x08008804   0x0000002c   Code   RO         5630    i.uart6_init        bsp_uart.o
    0x08008830   0x08008830   0x00000048   Code   RO         6731    i.uart_receive_dma_no_it  dbus.o
    0x08008878   0x08008878   0x00000022   Code   RO         6732    i.uart_receive_handler  dbus.o
    0x0800889a   0x0800889a   0x00000002   PAD
    0x0800889c   0x0800889c   0x00000068   Code   RO         6733    i.uart_rx_idle_callback  dbus.o
    0x08008904   0x08008904   0x0000001a   Code   RO         6103    i.unpack_4bytes_to_floats  user_lib.o
    0x0800891e   0x0800891e   0x00000002   PAD
    0x08008920   0x08008920   0x00000060   Code   RO         6525    i.upc_cmd_gimbal_handler  comm_rec.o
    0x08008980   0x08008980   0x0000001c   Code   RO         6526    i.upc_cmd_mode_handler  comm_rec.o
    0x0800899c   0x0800899c   0x00000030   Code   RO         6527    i.upc_cmd_move_handler  comm_rec.o
    0x080089cc   0x080089cc   0x0000001c   Code   RO         6528    i.upc_cmd_shoot_handler  comm_rec.o
    0x080089e8   0x080089e8   0x000000d0   Code   RO         6529    i.upc_decode        comm_rec.o
    0x08008ab8   0x08008ab8   0x00000028   Code   RO         4017    i.uxListRemove      list.o
    0x08008ae0   0x08008ae0   0x00000018   Code   RO          278    i.vApplicationGetIdleTaskMemory  freertos.o
    0x08008af8   0x08008af8   0x00000002   Code   RO          279    i.vApplicationIdleHook  freertos.o
    0x08008afa   0x08008afa   0x0000001a   Code   RO         4018    i.vListInitialise   list.o
    0x08008b14   0x08008b14   0x00000006   Code   RO         4019    i.vListInitialiseItem  list.o
    0x08008b1a   0x08008b1a   0x00000034   Code   RO         4020    i.vListInsert       list.o
    0x08008b4e   0x08008b4e   0x00000018   Code   RO         4021    i.vListInsertEnd    list.o
    0x08008b66   0x08008b66   0x00000002   PAD
    0x08008b68   0x08008b68   0x00000054   Code   RO         5229    i.vPortEnterCritical  port.o
    0x08008bbc   0x08008bbc   0x0000003c   Code   RO         5230    i.vPortExitCritical  port.o
    0x08008bf8   0x08008bf8   0x000000a4   Code   RO         5160    i.vPortFree         heap_4.o
    0x08008c9c   0x08008c9c   0x00000028   Code   RO         5231    i.vPortSetupTimerInterrupt  port.o
    0x08008cc4   0x08008cc4   0x0000005c   Code   RO         4424    i.vTaskDelay        tasks.o
    0x08008d20   0x08008d20   0x000000b0   Code   RO         4438    i.vTaskStartScheduler  tasks.o
    0x08008dd0   0x08008dd0   0x00000010   Code   RO         4440    i.vTaskSuspendAll   tasks.o
    0x08008de0   0x08008de0   0x0000008c   Code   RO         4441    i.vTaskSwitchContext  tasks.o
    0x08008e6c   0x08008e6c   0x00000168   Code   RO         5233    i.xPortStartScheduler  port.o
    0x08008fd4   0x08008fd4   0x00000064   Code   RO         4445    i.xTaskCreate       tasks.o
    0x08009038   0x08009038   0x000000ba   Code   RO         4446    i.xTaskCreateStatic  tasks.o
    0x080090f2   0x080090f2   0x00000002   PAD
    0x080090f4   0x080090f4   0x00000148   Code   RO         4454    i.xTaskIncrementTick  tasks.o
    0x0800923c   0x0800923c   0x00000104   Code   RO         4460    i.xTaskResumeAll    tasks.o
    0x08009340   0x08009340   0x00000018   Code   RO         6965    x$fpl$basic         fz_wm.l(basic.o)
    0x08009358   0x08009358   0x00000062   Code   RO         6848    x$fpl$d2f           fz_wm.l(d2f.o)
    0x080093ba   0x080093ba   0x00000002   PAD
    0x080093bc   0x080093bc   0x00000150   Code   RO         6850    x$fpl$dadd          fz_wm.l(daddsub_clz.o)
    0x0800950c   0x0800950c   0x00000018   Code   RO         6967    x$fpl$dcmpinf       fz_wm.l(dcmpi.o)
    0x08009524   0x08009524   0x000002b0   Code   RO         6857    x$fpl$ddiv          fz_wm.l(ddiv.o)
    0x080097d4   0x080097d4   0x0000005e   Code   RO         6860    x$fpl$dfix          fz_wm.l(dfix.o)
    0x08009832   0x08009832   0x0000002e   Code   RO         6865    x$fpl$dflt          fz_wm.l(dflt_clz.o)
    0x08009860   0x08009860   0x00000026   Code   RO         6864    x$fpl$dfltu         fz_wm.l(dflt_clz.o)
    0x08009886   0x08009886   0x00000002   PAD
    0x08009888   0x08009888   0x00000078   Code   RO         6870    x$fpl$dleqf         fz_wm.l(dleqf.o)
    0x08009900   0x08009900   0x00000154   Code   RO         6872    x$fpl$dmul          fz_wm.l(dmul.o)
    0x08009a54   0x08009a54   0x0000009c   Code   RO         6969    x$fpl$dnaninf       fz_wm.l(dnaninf.o)
    0x08009af0   0x08009af0   0x0000000c   Code   RO         6971    x$fpl$dretinf       fz_wm.l(dretinf.o)
    0x08009afc   0x08009afc   0x0000006c   Code   RO         6874    x$fpl$drleqf        fz_wm.l(drleqf.o)
    0x08009b68   0x08009b68   0x00000016   Code   RO         6851    x$fpl$drsb          fz_wm.l(daddsub_clz.o)
    0x08009b7e   0x08009b7e   0x00000002   PAD
    0x08009b80   0x08009b80   0x00000198   Code   RO         6973    x$fpl$dsqrt         fz_wm.l(dsqrt_umaal.o)
    0x08009d18   0x08009d18   0x000001d4   Code   RO         6852    x$fpl$dsub          fz_wm.l(daddsub_clz.o)
    0x08009eec   0x08009eec   0x00000056   Code   RO         6876    x$fpl$f2d           fz_wm.l(f2d.o)
    0x08009f42   0x08009f42   0x0000008c   Code   RO         6975    x$fpl$fnaninf       fz_wm.l(fnaninf.o)
    0x08009fce   0x08009fce   0x0000000a   Code   RO         7152    x$fpl$fpinit        fz_wm.l(fpinit.o)
    0x08009fd8   0x08009fd8   0x0000000a   Code   RO         6977    x$fpl$fretinf       fz_wm.l(fretinf.o)
    0x08009fe2   0x08009fe2   0x00000000   Code   RO         6981    x$fpl$usenofp       fz_wm.l(usenofp.o)
    0x08009fe2   0x08009fe2   0x00000002   PAD
    0x08009fe4   0x08009fe4   0x0000008c   Data   RO          281    .constdata          freertos.o
    0x0800a070   0x0800a070   0x00000008   Data   RO         2503    .constdata          stm32f4xx_hal_dma.o
    0x0800a078   0x0800a078   0x00000018   Data   RO         3881    .constdata          system_stm32f4xx.o
    0x0800a090   0x0800a090   0x00000304   Data   RO         6271    .constdata          crc.o
    0x0800a394   0x0800a394   0x00000004   PAD
    0x0800a398   0x0800a398   0x00000098   Data   RO         6985    .constdata          m_wm.l(atan.o)
    0x0800a430   0x0800a430   0x00000030   Data   RO         6997    .constdata          m_wm.l(cos_i.o)
    0x0800a460   0x0800a460   0x00000008   Data   RO         7029    .constdata          m_wm.l(qnan.o)
    0x0800a468   0x0800a468   0x000000c8   Data   RO         7032    .constdata          m_wm.l(rred.o)
    0x0800a530   0x0800a530   0x00000028   Data   RO         7036    .constdata          m_wm.l(sin_i.o)
    0x0800a558   0x0800a558   0x0000003c   Data   RO          282    .conststring        freertos.o
    0x0800a594   0x0800a594   0x00000020   Data   RO         7208    Region$$Table       anon$$obj.o


    Execution Region RW_IRAM1 (Exec base: 0x20000000, Load base: 0x0800a5b4, Size: 0x00008b48, Max: 0x0001c000, ABSOLUTE, COMPRESSED[0x00000074])

    Exec Addr    Load Addr    Size         Type   Attr      Idx    E Section Name        Object

    0x20000000   COMPRESSED   0x00000014   Data   RW          283    .data               freertos.o
    0x20000014   COMPRESSED   0x00000004   Data   RW          349    .data               can.o
    0x20000018   COMPRESSED   0x00000009   Data   RW         2953    .data               stm32f4xx_hal.o
    0x20000021   COMPRESSED   0x00000003   PAD
    0x20000024   COMPRESSED   0x00000004   Data   RW         3882    .data               system_stm32f4xx.o
    0x20000028   COMPRESSED   0x0000003c   Data   RW         4463    .data               tasks.o
    0x20000064   COMPRESSED   0x00000020   Data   RW         5166    .data               heap_4.o
    0x20000084   COMPRESSED   0x0000000c   Data   RW         5234    .data               port.o
    0x20000090   COMPRESSED   0x00000008   Data   RW         5448    .data               bsp_delay.o
    0x20000098   COMPRESSED   0x00000040   Data   RW         5495    .data               bsp_dwt.o
    0x200000d8   COMPRESSED   0x00000008   Data   RW         5566    .data               bsp_led.o
    0x200000e0   COMPRESSED   0x0000001c   Data   RW         5791    .data               led_task.o
    0x200000fc   COMPRESSED   0x00000004   Data   RW         5930    .data               comm_task.o
    0x20000100   COMPRESSED   0x00000002   Data   RW         6272    .data               crc.o
    0x20000102   COMPRESSED   0x00000002   PAD
    0x20000104   COMPRESSED   0x0000001c   Data   RW         6321    .data               chassis_ctrl.o
    0x20000120   COMPRESSED   0x0000004c   Data   RW         6363    .data               motor_ctrl.o
    0x2000016c   COMPRESSED   0x00000011   Data   RW         6393    .data               can_rx.o
    0x2000017d   COMPRESSED   0x00000028   Data   RW         6452    .data               can_tx.o
    0x200001a5   COMPRESSED   0x00000003   PAD
    0x200001a8   COMPRESSED   0x00000008   Data   RW         6530    .data               comm_rec.o
    0x200001b0   COMPRESSED   0x00000048   Data   RW         6602    .data               bmi088driver.o
    0x200001f8   COMPRESSED   0x00000004   Data   RW         6679    .data               bmi088middleware.o
    0x200001fc   COMPRESSED   0x00000004   Data   RW         6735    .data               dbus.o
    0x20000200        -       0x00000254   Zero   RW          280    .bss                freertos.o
    0x20000454        -       0x00000050   Zero   RW          348    .bss                can.o
    0x200004a4        -       0x00000118   Zero   RW          420    .bss                spi.o
    0x200005bc        -       0x00000090   Zero   RW          464    .bss                tim.o
    0x2000064c        -       0x000002b8   Zero   RW          518    .bss                usart.o
    0x20000904        -       0x00000048   Zero   RW          730    .bss                stm32f4xx_hal_timebase_tim.o
    0x2000094c        -       0x000000f0   Zero   RW         4462    .bss                tasks.o
    0x20000a3c        -       0x00003c00   Zero   RW         5165    .bss                heap_4.o
    0x2000463c        -       0x0000002e   Zero   RW         5631    .bss                bsp_uart.o
    0x2000466a   COMPRESSED   0x00000002   PAD
    0x2000466c        -       0x0000014c   Zero   RW         5678    .bss                data_transfer.o
    0x200047b8        -       0x00000018   Zero   RW         6320    .bss                chassis_ctrl.o
    0x200047d0        -       0x0000021c   Zero   RW         6362    .bss                motor_ctrl.o
    0x200049ec        -       0x00000010   Zero   RW         6392    .bss                can_rx.o
    0x200049fc        -       0x00000078   Zero   RW         6451    .bss                can_tx.o
    0x20004a74        -       0x00000040   Zero   RW         6601    .bss                bmi088driver.o
    0x20004ab4        -       0x00000024   Zero   RW         6734    .bss                dbus.o
    0x20004ad8        -       0x0000000a   Zero   RW         6790    .bss                online_monitor.o
    0x20004ae2   COMPRESSED   0x00000002   PAD
    0x20004ae4        -       0x00000060   Zero   RW         7068    .bss                c_w.l(libspace.o)
    0x20004b44   COMPRESSED   0x00000004   PAD
    0x20004b48        -       0x00002000   Zero   RW            2    HEAP                startup_stm32f407xx.o
    0x20006b48        -       0x00002000   Zero   RW            1    STACK               startup_stm32f407xx.o


    Execution Region RW_IRAM2 (Exec base: 0x2001c000, Load base: 0x0800a628, Size: 0x00000000, Max: 0x00004000, ABSOLUTE)

    **** No section assigned to this execution region ****


==============================================================================

Image component sizes


      Code (inc. data)   RO Data    RW Data    ZI Data      Debug   Object Name

         0          0          0          0          0       1256   adrc.o
      2882        174          0         72         64       9813   bmi088driver.o
       116         30          0          4          0       3060   bmi088middleware.o
         0          0          0          0          0     570860   bsp_buzzer.o
       132          8          0          0          0        610   bsp_can.o
        48         16          0          8          0        613   bsp_delay.o
       504        104          0         64          0       3622   bsp_dwt.o
       214         28          0          8          0       1673   bsp_led.o
       200         54          0          0         46       2252   bsp_uart.o
       488         44          0          4         80       2390   can.o
       468         42          0         17         16       3274   can_rx.o
       260         40          0         40        120       3076   can_tx.o
       880         84          0         28         24       2790   chassis_ctrl.o
        54          0          0          0          0       4230   chassis_task.o
       142          0          0          0          0      22775   cmsis_os.o
       528         30          0          8          0       4676   comm_rec.o
        48         10          0          4          0       1636   comm_task.o
       202         16        772          2          0       3408   crc.o
        72         30          0          0        332       5912   data_transfer.o
       502         24          0          4         36       4705   dbus.o
       184          6          0          0          0        830   dma.o
         0          0          0          0          0      16556   event_groups.o
       188         36        200         20        596       3329   freertos.o
       300         18          0          0          0       1063   gpio.o
       724         74          0         32      15360       7343   heap_4.o
       704         16          0         28          0       2355   led_task.o
       148          0          0          0          0       3502   list.o
       314         20          0          0          0     745148   main.o
      1292         84          0         76        540       4183   motor_ctrl.o
       278         20          0          0         10       2776   online_monitor.o
      1076         10          0          0          0       3502   pid.o
       894         78          0         12          0      11028   port.o
       416         38          0          0        280       1891   spi.o
        64         26        392          0      16384        832   startup_stm32f407xx.o
       136         24          0          9          0       8646   stm32f4xx_hal.o
      2144          4          0          0          0      14167   stm32f4xx_hal_can.o
       260         22          0          0          0      33494   stm32f4xx_hal_cortex.o
      1538         16          8          0          0       7814   stm32f4xx_hal_dma.o
       512         46          0          0          0       2080   stm32f4xx_hal_gpio.o
        84          6          0          0          0        838   stm32f4xx_hal_msp.o
      1888         94          0          0          0       6197   stm32f4xx_hal_rcc.o
      1136         12          0          0          0       4597   stm32f4xx_hal_spi.o
      2514        172          0          0          0      17037   stm32f4xx_hal_tim.o
       184         30          0          0          0       2485   stm32f4xx_hal_tim_ex.o
       180         20          0          0         72       1444   stm32f4xx_hal_timebase_tim.o
      2626         28          0          0          0      14093   stm32f4xx_hal_uart.o
       234         76          0          0          0       9183   stm32f4xx_it.o
         0          0          0          0          0        384   stream_buffer.o
        20          6         24          4          0       1099   system_stm32f4xx.o
      2188        272          0         60        240      20309   tasks.o
       584         34          0          0          0     572078   tf_task.o
       632         54          0          0        144       3193   tim.o
       988         92          0          0        696       3547   usart.o
       206         16          0          0          0       3515   user_lib.o

    ----------------------------------------------------------------------
     32426       2188       1432        512      35044    2183169   Object Totals
         0          0         32          0          0          0   (incl. Generated)
        50          4          4          8          4          0   (incl. Padding)

    ----------------------------------------------------------------------

      Code (inc. data)   RO Data    RW Data    ZI Data      Debug   Library Member Name

        90          0          0          0          0          0   __dczerorl2.o
         8          0          0          0          0         68   __main.o
         0          0          0          0          0          0   __rtentry.o
        12          0          0          0          0          0   __rtentry2.o
         6          0          0          0          0          0   __rtentry4.o
        52          8          0          0          0          0   __scatter.o
        28          0          0          0          0          0   __scatter_zi.o
        22          0          0          0          0        100   _rserrno.o
        16          0          0          0          0         68   aeabi_memset.o
        18          0          0          0          0         80   exit.o
         6          0          0          0          0        152   heapauxi.o
         0          0          0          0          0          0   indicate_semi.o
         2          0          0          0          0          0   libinit.o
         6          0          0          0          0          0   libinit2.o
         2          0          0          0          0          0   libshutdown.o
         2          0          0          0          0          0   libshutdown2.o
         8          4          0          0         96         68   libspace.o
       238          0          0          0          0        100   lludivv7m.o
         8          4          0          0          0         68   rt_errno_addr_intlibspace.o
        68          0          0          0          0         68   rt_memclr.o
        78          0          0          0          0         80   rt_memclr_w.o
       100          0          0          0          0         80   rt_memcpy_w.o
         2          0          0          0          0          0   rtexit.o
        10          0          0          0          0          0   rtexit2.o
        12          4          0          0          0         68   sys_exit.o
        74          0          0          0          0         80   sys_stackheap_outer.o
         2          0          0          0          0         68   use_no_semi.o
        24          0          0          0          0        164   basic.o
        98          4          0          0          0        140   d2f.o
       826         16          0          0          0        492   daddsub_clz.o
        24          0          0          0          0        116   dcmpi.o
       688        140          0          0          0        256   ddiv.o
        94          4          0          0          0        140   dfix.o
        84          0          0          0          0        232   dflt_clz.o
       120          4          0          0          0        140   dleqf.o
       340         12          0          0          0        152   dmul.o
       156          4          0          0          0        140   dnaninf.o
        12          0          0          0          0        116   dretinf.o
       108          0          0          0          0        128   drleqf.o
       408         56          0          0          0        168   dsqrt_umaal.o
        86          4          0          0          0        132   f2d.o
       140          4          0          0          0        132   fnaninf.o
        10          0          0          0          0        116   fpinit.o
        10          0          0          0          0        116   fretinf.o
         0          0          0          0          0          0   usenofp.o
       744        106        152          0          0        352   atan.o
       496         64          0          0          0        192   atan2.o
       200         20          0          0          0        164   cos.o
       368         46         48          0          0        200   cos_i.o
       104         16          0          0          0        496   dunder.o
        24          0          0          0          0        124   fabs.o
        48          0          0          0          0        124   fpclassify.o
       248          0          0          0          0        152   poly.o
         0          0          8          0          0          0   qnan.o
      1080        142        200          0          0        188   rred.o
       200         20          0          0          0        164   sin.o
       304         24         40          0          0        208   sin_i.o
       122          0          0          0          0        148   sqrt.o
        58          0          0          0          0        136   sqrtf.o

    ----------------------------------------------------------------------
      8114        706        448          0        100       6676   Library Totals
        20          0          0          0          4          0   (incl. Padding)

    ----------------------------------------------------------------------

      Code (inc. data)   RO Data    RW Data    ZI Data      Debug   Library Name

       870         20          0          0         96       1148   c_w.l
      3228        248          0          0          0       2880   fz_wm.l
      3996        438        448          0          0       2648   m_wm.l

    ----------------------------------------------------------------------
      8114        706        448          0        100       6676   Library Totals

    ----------------------------------------------------------------------

==============================================================================


      Code (inc. data)   RO Data    RW Data    ZI Data      Debug   

     40540       2894       1880        512      35144    2161425   Grand Totals
     40540       2894       1880        116      35144    2161425   ELF Image Totals (compressed)
     40540       2894       1880        116          0          0   ROM Totals

==============================================================================

    Total RO  Size (Code + RO Data)                42420 (  41.43kB)
    Total RW  Size (RW Data + ZI Data)             35656 (  34.82kB)
    Total ROM Size (Code + RO Data + RW Data)      42536 (  41.54kB)

==============================================================================

